<?xml version="1.0" encoding="ISO-8859-1" ?>
<link_info>
   <banner>MSP430 Linker PC v21.6.1.LTS</banner>
   <copyright>Copyright (c) 2003-2018 Texas Instruments Incorporated</copyright>
   <link_time>0x683494e1</link_time>
   <link_errors>0x0</link_errors>
   <output_file>RTOS_MSP430FR2433.out</output_file>
   <entry_point>
      <name>_c_int00_noargs</name>
      <address>0xe972</address>
   </entry_point>
   <input_file_list>
      <input_file id="fl-2">
         <path>.\</path>
         <kind>object</kind>
         <file>main.obj</file>
         <name>main.obj</name>
      </input_file>
      <input_file id="fl-3">
         <path>.\FreeRTOS-Kernel\src\</path>
         <kind>object</kind>
         <file>croutine.obj</file>
         <name>croutine.obj</name>
      </input_file>
      <input_file id="fl-4">
         <path>.\FreeRTOS-Kernel\src\</path>
         <kind>object</kind>
         <file>event_groups.obj</file>
         <name>event_groups.obj</name>
      </input_file>
      <input_file id="fl-5">
         <path>.\FreeRTOS-Kernel\src\</path>
         <kind>object</kind>
         <file>list.obj</file>
         <name>list.obj</name>
      </input_file>
      <input_file id="fl-6">
         <path>.\FreeRTOS-Kernel\src\</path>
         <kind>object</kind>
         <file>queue.obj</file>
         <name>queue.obj</name>
      </input_file>
      <input_file id="fl-7">
         <path>.\FreeRTOS-Kernel\src\</path>
         <kind>object</kind>
         <file>stream_buffer.obj</file>
         <name>stream_buffer.obj</name>
      </input_file>
      <input_file id="fl-8">
         <path>.\FreeRTOS-Kernel\src\</path>
         <kind>object</kind>
         <file>tasks.obj</file>
         <name>tasks.obj</name>
      </input_file>
      <input_file id="fl-9">
         <path>.\FreeRTOS-Kernel\src\</path>
         <kind>object</kind>
         <file>timers.obj</file>
         <name>timers.obj</name>
      </input_file>
      <input_file id="fl-a">
         <path>.\FreeRTOS-Kernel\src\portable\CCS\MSP430X\</path>
         <kind>object</kind>
         <file>port.obj</file>
         <name>port.obj</name>
      </input_file>
      <input_file id="fl-b">
         <path>.\FreeRTOS-Kernel\src\portable\CCS\MSP430X\</path>
         <kind>object</kind>
         <file>portext.obj</file>
         <name>portext.obj</name>
      </input_file>
      <input_file id="fl-c">
         <path>.\FreeRTOS-Kernel\src\portable\MemMang\</path>
         <kind>object</kind>
         <file>heap_4.obj</file>
         <name>heap_4.obj</name>
      </input_file>
      <input_file id="fl-d">
         <path>.\driverlib\MSP430FR2xx_4xx\</path>
         <kind>object</kind>
         <file>adc.obj</file>
         <name>adc.obj</name>
      </input_file>
      <input_file id="fl-e">
         <path>.\driverlib\MSP430FR2xx_4xx\</path>
         <kind>object</kind>
         <file>crc.obj</file>
         <name>crc.obj</name>
      </input_file>
      <input_file id="fl-f">
         <path>.\driverlib\MSP430FR2xx_4xx\</path>
         <kind>object</kind>
         <file>cs.obj</file>
         <name>cs.obj</name>
      </input_file>
      <input_file id="fl-10">
         <path>.\driverlib\MSP430FR2xx_4xx\</path>
         <kind>object</kind>
         <file>ecomp.obj</file>
         <name>ecomp.obj</name>
      </input_file>
      <input_file id="fl-11">
         <path>.\driverlib\MSP430FR2xx_4xx\</path>
         <kind>object</kind>
         <file>eusci_a_spi.obj</file>
         <name>eusci_a_spi.obj</name>
      </input_file>
      <input_file id="fl-12">
         <path>.\driverlib\MSP430FR2xx_4xx\</path>
         <kind>object</kind>
         <file>eusci_a_uart.obj</file>
         <name>eusci_a_uart.obj</name>
      </input_file>
      <input_file id="fl-13">
         <path>.\driverlib\MSP430FR2xx_4xx\</path>
         <kind>object</kind>
         <file>eusci_b_i2c.obj</file>
         <name>eusci_b_i2c.obj</name>
      </input_file>
      <input_file id="fl-14">
         <path>.\driverlib\MSP430FR2xx_4xx\</path>
         <kind>object</kind>
         <file>eusci_b_spi.obj</file>
         <name>eusci_b_spi.obj</name>
      </input_file>
      <input_file id="fl-15">
         <path>.\driverlib\MSP430FR2xx_4xx\</path>
         <kind>object</kind>
         <file>framctl.obj</file>
         <name>framctl.obj</name>
      </input_file>
      <input_file id="fl-16">
         <path>.\driverlib\MSP430FR2xx_4xx\</path>
         <kind>object</kind>
         <file>gpio.obj</file>
         <name>gpio.obj</name>
      </input_file>
      <input_file id="fl-17">
         <path>.\driverlib\MSP430FR2xx_4xx\</path>
         <kind>object</kind>
         <file>lcd_e.obj</file>
         <name>lcd_e.obj</name>
      </input_file>
      <input_file id="fl-18">
         <path>.\driverlib\MSP430FR2xx_4xx\</path>
         <kind>object</kind>
         <file>mpy32.obj</file>
         <name>mpy32.obj</name>
      </input_file>
      <input_file id="fl-19">
         <path>.\driverlib\MSP430FR2xx_4xx\</path>
         <kind>object</kind>
         <file>pmm.obj</file>
         <name>pmm.obj</name>
      </input_file>
      <input_file id="fl-1a">
         <path>.\driverlib\MSP430FR2xx_4xx\</path>
         <kind>object</kind>
         <file>rtc.obj</file>
         <name>rtc.obj</name>
      </input_file>
      <input_file id="fl-1b">
         <path>.\driverlib\MSP430FR2xx_4xx\</path>
         <kind>object</kind>
         <file>sac.obj</file>
         <name>sac.obj</name>
      </input_file>
      <input_file id="fl-1c">
         <path>.\driverlib\MSP430FR2xx_4xx\</path>
         <kind>object</kind>
         <file>sfr.obj</file>
         <name>sfr.obj</name>
      </input_file>
      <input_file id="fl-1d">
         <path>.\driverlib\MSP430FR2xx_4xx\</path>
         <kind>object</kind>
         <file>sysctl.obj</file>
         <name>sysctl.obj</name>
      </input_file>
      <input_file id="fl-1e">
         <path>.\driverlib\MSP430FR2xx_4xx\</path>
         <kind>object</kind>
         <file>tia.obj</file>
         <name>tia.obj</name>
      </input_file>
      <input_file id="fl-1f">
         <path>.\driverlib\MSP430FR2xx_4xx\</path>
         <kind>object</kind>
         <file>timer_a.obj</file>
         <name>timer_a.obj</name>
      </input_file>
      <input_file id="fl-20">
         <path>.\driverlib\MSP430FR2xx_4xx\</path>
         <kind>object</kind>
         <file>timer_b.obj</file>
         <name>timer_b.obj</name>
      </input_file>
      <input_file id="fl-21">
         <path>.\driverlib\MSP430FR2xx_4xx\</path>
         <kind>object</kind>
         <file>tlv.obj</file>
         <name>tlv.obj</name>
      </input_file>
      <input_file id="fl-22">
         <path>.\driverlib\MSP430FR2xx_4xx\</path>
         <kind>object</kind>
         <file>wdt_a.obj</file>
         <name>wdt_a.obj</name>
      </input_file>
      <input_file id="fl-23">
         <path>.\drivers\</path>
         <kind>object</kind>
         <file>hardware.obj</file>
         <name>hardware.obj</name>
      </input_file>
      <input_file id="fl-24">
         <path>.\include\</path>
         <kind>object</kind>
         <file>freeRTOS_support.obj</file>
         <name>freeRTOS_support.obj</name>
      </input_file>
      <input_file id="fl-25">
         <path>.\tasks\</path>
         <kind>object</kind>
         <file>led_task.obj</file>
         <name>led_task.obj</name>
      </input_file>
      <input_file id="fl-26">
         <path>.\tasks\</path>
         <kind>object</kind>
         <file>tasks.obj</file>
         <name>tasks.obj</name>
      </input_file>
      <input_file id="fl-2c">
         <kind>object</kind>
         <file>&lt;internal&gt;</file>
         <name>&lt;internal&gt;</name>
      </input_file>
      <input_file id="fl-47">
         <path>C:\ti\ccs2010\ccs\tools\compiler\ti-cgt-msp430_21.6.1.LTS\lib\</path>
         <kind>archive</kind>
         <file>rts430x_lc_sd_eabi.lib</file>
         <name>div16s.asm.obj</name>
      </input_file>
      <input_file id="fl-48">
         <path>C:\ti\ccs2010\ccs\tools\compiler\ti-cgt-msp430_21.6.1.LTS\lib\</path>
         <kind>archive</kind>
         <file>rts430x_lc_sd_eabi.lib</file>
         <name>div16u.asm.obj</name>
      </input_file>
      <input_file id="fl-49">
         <path>C:\ti\ccs2010\ccs\tools\compiler\ti-cgt-msp430_21.6.1.LTS\lib\</path>
         <kind>archive</kind>
         <file>rts430x_lc_sd_eabi.lib</file>
         <name>div32s.asm.obj</name>
      </input_file>
      <input_file id="fl-4a">
         <path>C:\ti\ccs2010\ccs\tools\compiler\ti-cgt-msp430_21.6.1.LTS\lib\</path>
         <kind>archive</kind>
         <file>rts430x_lc_sd_eabi.lib</file>
         <name>div32u.asm.obj</name>
      </input_file>
      <input_file id="fl-4b">
         <path>C:\ti\ccs2010\ccs\tools\compiler\ti-cgt-msp430_21.6.1.LTS\lib\</path>
         <kind>archive</kind>
         <file>rts430x_lc_sd_eabi.lib</file>
         <name>int41.asm.obj</name>
      </input_file>
      <input_file id="fl-4c">
         <path>C:\ti\ccs2010\ccs\tools\compiler\ti-cgt-msp430_21.6.1.LTS\lib\</path>
         <kind>archive</kind>
         <file>rts430x_lc_sd_eabi.lib</file>
         <name>int42.asm.obj</name>
      </input_file>
      <input_file id="fl-4d">
         <path>C:\ti\ccs2010\ccs\tools\compiler\ti-cgt-msp430_21.6.1.LTS\lib\</path>
         <kind>archive</kind>
         <file>rts430x_lc_sd_eabi.lib</file>
         <name>int43.asm.obj</name>
      </input_file>
      <input_file id="fl-4e">
         <path>C:\ti\ccs2010\ccs\tools\compiler\ti-cgt-msp430_21.6.1.LTS\lib\</path>
         <kind>archive</kind>
         <file>rts430x_lc_sd_eabi.lib</file>
         <name>int44.asm.obj</name>
      </input_file>
      <input_file id="fl-4f">
         <path>C:\ti\ccs2010\ccs\tools\compiler\ti-cgt-msp430_21.6.1.LTS\lib\</path>
         <kind>archive</kind>
         <file>rts430x_lc_sd_eabi.lib</file>
         <name>int45.asm.obj</name>
      </input_file>
      <input_file id="fl-50">
         <path>C:\ti\ccs2010\ccs\tools\compiler\ti-cgt-msp430_21.6.1.LTS\lib\</path>
         <kind>archive</kind>
         <file>rts430x_lc_sd_eabi.lib</file>
         <name>int46.asm.obj</name>
      </input_file>
      <input_file id="fl-51">
         <path>C:\ti\ccs2010\ccs\tools\compiler\ti-cgt-msp430_21.6.1.LTS\lib\</path>
         <kind>archive</kind>
         <file>rts430x_lc_sd_eabi.lib</file>
         <name>int47.asm.obj</name>
      </input_file>
      <input_file id="fl-52">
         <path>C:\ti\ccs2010\ccs\tools\compiler\ti-cgt-msp430_21.6.1.LTS\lib\</path>
         <kind>archive</kind>
         <file>rts430x_lc_sd_eabi.lib</file>
         <name>int48.asm.obj</name>
      </input_file>
      <input_file id="fl-53">
         <path>C:\ti\ccs2010\ccs\tools\compiler\ti-cgt-msp430_21.6.1.LTS\lib\</path>
         <kind>archive</kind>
         <file>rts430x_lc_sd_eabi.lib</file>
         <name>int49.asm.obj</name>
      </input_file>
      <input_file id="fl-54">
         <path>C:\ti\ccs2010\ccs\tools\compiler\ti-cgt-msp430_21.6.1.LTS\lib\</path>
         <kind>archive</kind>
         <file>rts430x_lc_sd_eabi.lib</file>
         <name>int50.asm.obj</name>
      </input_file>
      <input_file id="fl-55">
         <path>C:\ti\ccs2010\ccs\tools\compiler\ti-cgt-msp430_21.6.1.LTS\lib\</path>
         <kind>archive</kind>
         <file>rts430x_lc_sd_eabi.lib</file>
         <name>int51.asm.obj</name>
      </input_file>
      <input_file id="fl-56">
         <path>C:\ti\ccs2010\ccs\tools\compiler\ti-cgt-msp430_21.6.1.LTS\lib\</path>
         <kind>archive</kind>
         <file>rts430x_lc_sd_eabi.lib</file>
         <name>int52.asm.obj</name>
      </input_file>
      <input_file id="fl-57">
         <path>C:\ti\ccs2010\ccs\tools\compiler\ti-cgt-msp430_21.6.1.LTS\lib\</path>
         <kind>archive</kind>
         <file>rts430x_lc_sd_eabi.lib</file>
         <name>int53.asm.obj</name>
      </input_file>
      <input_file id="fl-58">
         <path>C:\ti\ccs2010\ccs\tools\compiler\ti-cgt-msp430_21.6.1.LTS\lib\</path>
         <kind>archive</kind>
         <file>rts430x_lc_sd_eabi.lib</file>
         <name>int54.asm.obj</name>
      </input_file>
      <input_file id="fl-59">
         <path>C:\ti\ccs2010\ccs\tools\compiler\ti-cgt-msp430_21.6.1.LTS\lib\</path>
         <kind>archive</kind>
         <file>rts430x_lc_sd_eabi.lib</file>
         <name>int55.asm.obj</name>
      </input_file>
      <input_file id="fl-5a">
         <path>C:\ti\ccs2010\ccs\tools\compiler\ti-cgt-msp430_21.6.1.LTS\lib\</path>
         <kind>archive</kind>
         <file>rts430x_lc_sd_eabi.lib</file>
         <name>int57.asm.obj</name>
      </input_file>
      <input_file id="fl-5b">
         <path>C:\ti\ccs2010\ccs\tools\compiler\ti-cgt-msp430_21.6.1.LTS\lib\</path>
         <kind>archive</kind>
         <file>rts430x_lc_sd_eabi.lib</file>
         <name>int58.asm.obj</name>
      </input_file>
      <input_file id="fl-5c">
         <path>C:\ti\ccs2010\ccs\tools\compiler\ti-cgt-msp430_21.6.1.LTS\lib\</path>
         <kind>archive</kind>
         <file>rts430x_lc_sd_eabi.lib</file>
         <name>isr_trap.asm.obj</name>
      </input_file>
      <input_file id="fl-5d">
         <path>C:\ti\ccs2010\ccs\tools\compiler\ti-cgt-msp430_21.6.1.LTS\lib\</path>
         <kind>archive</kind>
         <file>rts430x_lc_sd_eabi.lib</file>
         <name>lsl16.asm.obj</name>
      </input_file>
      <input_file id="fl-5e">
         <path>C:\ti\ccs2010\ccs\tools\compiler\ti-cgt-msp430_21.6.1.LTS\lib\</path>
         <kind>archive</kind>
         <file>rts430x_lc_sd_eabi.lib</file>
         <name>mult16.asm.obj</name>
      </input_file>
      <input_file id="fl-5f">
         <path>C:\ti\ccs2010\ccs\tools\compiler\ti-cgt-msp430_21.6.1.LTS\lib\</path>
         <kind>archive</kind>
         <file>rts430x_lc_sd_eabi.lib</file>
         <name>mult16_f5hw.asm.obj</name>
      </input_file>
      <input_file id="fl-60">
         <path>C:\ti\ccs2010\ccs\tools\compiler\ti-cgt-msp430_21.6.1.LTS\lib\</path>
         <kind>archive</kind>
         <file>rts430x_lc_sd_eabi.lib</file>
         <name>mult1632_f5hw.asm.obj</name>
      </input_file>
      <input_file id="fl-61">
         <path>C:\ti\ccs2010\ccs\tools\compiler\ti-cgt-msp430_21.6.1.LTS\lib\</path>
         <kind>archive</kind>
         <file>rts430x_lc_sd_eabi.lib</file>
         <name>mult32.asm.obj</name>
      </input_file>
      <input_file id="fl-62">
         <path>C:\ti\ccs2010\ccs\tools\compiler\ti-cgt-msp430_21.6.1.LTS\lib\</path>
         <kind>archive</kind>
         <file>rts430x_lc_sd_eabi.lib</file>
         <name>mult32_f5hw.asm.obj</name>
      </input_file>
      <input_file id="fl-63">
         <path>C:\ti\ccs2010\ccs\tools\compiler\ti-cgt-msp430_21.6.1.LTS\lib\</path>
         <kind>archive</kind>
         <file>rts430x_lc_sd_eabi.lib</file>
         <name>mult3264_f5hw.asm.obj</name>
      </input_file>
      <input_file id="fl-64">
         <path>C:\ti\ccs2010\ccs\tools\compiler\ti-cgt-msp430_21.6.1.LTS\lib\</path>
         <kind>archive</kind>
         <file>rts430x_lc_sd_eabi.lib</file>
         <name>mult64_f5hw.asm.obj</name>
      </input_file>
      <input_file id="fl-65">
         <path>C:\ti\ccs2010\ccs\tools\compiler\ti-cgt-msp430_21.6.1.LTS\lib\</path>
         <kind>archive</kind>
         <file>rts430x_lc_sd_eabi.lib</file>
         <name>boot.c.obj</name>
      </input_file>
      <input_file id="fl-66">
         <path>C:\ti\ccs2010\ccs\tools\compiler\ti-cgt-msp430_21.6.1.LTS\lib\</path>
         <kind>archive</kind>
         <file>rts430x_lc_sd_eabi.lib</file>
         <name>autoinit.c.obj</name>
      </input_file>
      <input_file id="fl-67">
         <path>C:\ti\ccs2010\ccs\tools\compiler\ti-cgt-msp430_21.6.1.LTS\lib\</path>
         <kind>archive</kind>
         <file>rts430x_lc_sd_eabi.lib</file>
         <name>copy_zero_init.c.obj</name>
      </input_file>
      <input_file id="fl-68">
         <path>C:\ti\ccs2010\ccs\tools\compiler\ti-cgt-msp430_21.6.1.LTS\lib\</path>
         <kind>archive</kind>
         <file>rts430x_lc_sd_eabi.lib</file>
         <name>cpy_tbl.c.obj</name>
      </input_file>
      <input_file id="fl-69">
         <path>C:\ti\ccs2010\ccs\tools\compiler\ti-cgt-msp430_21.6.1.LTS\lib\</path>
         <kind>archive</kind>
         <file>rts430x_lc_sd_eabi.lib</file>
         <name>mpu_init.c.obj</name>
      </input_file>
      <input_file id="fl-6a">
         <path>C:\ti\ccs2010\ccs\tools\compiler\ti-cgt-msp430_21.6.1.LTS\lib\</path>
         <kind>archive</kind>
         <file>rts430x_lc_sd_eabi.lib</file>
         <name>pre_init.c.obj</name>
      </input_file>
      <input_file id="fl-6b">
         <path>C:\ti\ccs2010\ccs\tools\compiler\ti-cgt-msp430_21.6.1.LTS\lib\</path>
         <kind>archive</kind>
         <file>rts430x_lc_sd_eabi.lib</file>
         <name>startup.c.obj</name>
      </input_file>
      <input_file id="fl-6c">
         <path>C:\ti\ccs2010\ccs\tools\compiler\ti-cgt-msp430_21.6.1.LTS\lib\</path>
         <kind>archive</kind>
         <file>rts430x_lc_sd_eabi.lib</file>
         <name>copy_decompress_none.c.obj</name>
      </input_file>
      <input_file id="fl-6d">
         <path>C:\ti\ccs2010\ccs\tools\compiler\ti-cgt-msp430_21.6.1.LTS\lib\</path>
         <kind>archive</kind>
         <file>rts430x_lc_sd_eabi.lib</file>
         <name>copy_decompress_lzss.c.obj</name>
      </input_file>
      <input_file id="fl-6e">
         <path>C:\ti\ccs2010\ccs\tools\compiler\ti-cgt-msp430_21.6.1.LTS\lib\</path>
         <kind>archive</kind>
         <file>rts430x_lc_sd_eabi.lib</file>
         <name>exit.c.obj</name>
      </input_file>
      <input_file id="fl-6f">
         <path>C:\ti\ccs2010\ccs\tools\compiler\ti-cgt-msp430_21.6.1.LTS\lib\</path>
         <kind>archive</kind>
         <file>rts430x_lc_sd_eabi.lib</file>
         <name>_lock.c.obj</name>
      </input_file>
      <input_file id="fl-70">
         <path>C:\ti\ccs2010\ccs\tools\compiler\ti-cgt-msp430_21.6.1.LTS\lib\</path>
         <kind>archive</kind>
         <file>rts430x_lc_sd_eabi.lib</file>
         <name>args_main.c.obj</name>
      </input_file>
      <input_file id="fl-71">
         <path>C:\ti\ccs2010\ccs\tools\compiler\ti-cgt-msp430_21.6.1.LTS\lib\</path>
         <kind>archive</kind>
         <file>rts430x_lc_sd_eabi.lib</file>
         <name>memcpy.c.obj</name>
      </input_file>
      <input_file id="fl-72">
         <path>C:\ti\ccs2010\ccs\tools\compiler\ti-cgt-msp430_21.6.1.LTS\lib\</path>
         <kind>archive</kind>
         <file>rts430x_lc_sd_eabi.lib</file>
         <name>memset.c.obj</name>
      </input_file>
      <input_file id="fl-73">
         <path>C:\ti\ccs2010\ccs\tools\compiler\ti-cgt-msp430_21.6.1.LTS\lib\</path>
         <kind>archive</kind>
         <file>rts430x_lc_sd_eabi.lib</file>
         <name>cpy_util.asm.obj</name>
      </input_file>
      <input_file id="fl-74">
         <path>C:\ti\ccs2010\ccs\tools\compiler\ti-cgt-msp430_21.6.1.LTS\lib\</path>
         <kind>archive</kind>
         <file>rts430x_lc_sd_eabi.lib</file>
         <name>exit_gvars.c.obj</name>
      </input_file>
   </input_file_list>
   <object_component_list>
      <object_component id="oc-7dc">
         <name>__TI_handler_table</name>
         <load_address>0xc400</load_address>
         <run_address>0xc400</run_address>
         <size>0xc</size>
      </object_component>
      <object_component id="oc-7df">
         <name>.cinit..data.load</name>
         <load_address>0xc40c</load_address>
         <run_address>0xc40c</run_address>
         <size>0xb</size>
      </object_component>
      <object_component id="oc-7de">
         <name>.cinit..bss.load</name>
         <load_address>0xc418</load_address>
         <run_address>0xc418</run_address>
         <size>0x6</size>
      </object_component>
      <object_component id="oc-7dd">
         <name>__TI_cinit_table</name>
         <load_address>0xc41e</load_address>
         <run_address>0xc41e</run_address>
         <size>0x10</size>
      </object_component>
      <object_component id="oc-774">
         <name>.binit</name>
         <load_address>0xc42e</load_address>
         <run_address>0xc42e</run_address>
         <size>0x0</size>
      </object_component>
      <object_component id="oc-477">
         <name>.const:.string</name>
         <load_address>0xc42e</load_address>
         <run_address>0xc42e</run_address>
         <size>0x24</size>
         <input_file_ref idref="fl-26"/>
      </object_component>
      <object_component id="oc-3c4">
         <name>.const:GPIO_PORT_TO_BASE</name>
         <load_address>0xc452</load_address>
         <run_address>0xc452</run_address>
         <size>0x1c</size>
         <input_file_ref idref="fl-16"/>
      </object_component>
      <object_component id="oc-5b0">
         <name>.const:.string</name>
         <load_address>0xc46e</load_address>
         <run_address>0xc46e</run_address>
         <size>0x8</size>
         <input_file_ref idref="fl-9"/>
      </object_component>
      <object_component id="oc-72e">
         <name>.const:$P$T0$2</name>
         <load_address>0xc476</load_address>
         <run_address>0xc476</run_address>
         <size>0x6</size>
         <input_file_ref idref="fl-9"/>
      </object_component>
      <object_component id="oc-581">
         <name>.const:.string</name>
         <load_address>0xc47c</load_address>
         <run_address>0xc47c</run_address>
         <size>0x6</size>
         <input_file_ref idref="fl-8"/>
      </object_component>
      <object_component id="oc-491">
         <name>.const</name>
         <load_address>0xc482</load_address>
         <run_address>0xc482</run_address>
         <size>0x2</size>
         <input_file_ref idref="fl-8"/>
      </object_component>
      <object_component id="oc-55a">
         <name>.text:xQueueSemaphoreTake</name>
         <load_address>0xc484</load_address>
         <run_address>0xc484</run_address>
         <size>0x1cc</size>
         <input_file_ref idref="fl-6"/>
      </object_component>
      <object_component id="oc-339">
         <name>.text:xQueueGenericSend</name>
         <load_address>0xc650</load_address>
         <run_address>0xc650</run_address>
         <size>0x17e</size>
         <input_file_ref idref="fl-6"/>
      </object_component>
      <object_component id="oc-42d">
         <name>.text:xTaskResumeAll</name>
         <load_address>0xc7ce</load_address>
         <run_address>0xc7ce</run_address>
         <size>0x16c</size>
         <input_file_ref idref="fl-8"/>
      </object_component>
      <object_component id="oc-73d">
         <name>.text:xQueueReceive</name>
         <load_address>0xc93a</load_address>
         <run_address>0xc93a</run_address>
         <size>0x16a</size>
         <input_file_ref idref="fl-6"/>
      </object_component>
      <object_component id="oc-306">
         <name>.text:xTaskIncrementTick</name>
         <load_address>0xcaa4</load_address>
         <run_address>0xcaa4</run_address>
         <size>0x15c</size>
         <input_file_ref idref="fl-8"/>
      </object_component>
      <object_component id="oc-3ce">
         <name>.text:pvPortMalloc</name>
         <load_address>0xcc00</load_address>
         <run_address>0xcc00</run_address>
         <size>0x12a</size>
         <input_file_ref idref="fl-c"/>
      </object_component>
      <object_component id="oc-445">
         <name>.text:xTaskRemoveFromEventList</name>
         <load_address>0xcd2a</load_address>
         <run_address>0xcd2a</run_address>
         <size>0x128</size>
         <input_file_ref idref="fl-8"/>
      </object_component>
      <object_component id="oc-6b6">
         <name>.text:prvProcessReceivedCommands</name>
         <load_address>0xce52</load_address>
         <run_address>0xce52</run_address>
         <size>0xf4</size>
         <input_file_ref idref="fl-9"/>
      </object_component>
      <object_component id="oc-68">
         <name>.text:decompress:lzss:__TI_decompress_lzss</name>
         <load_address>0xcf46</load_address>
         <run_address>0xcf46</run_address>
         <size>0xee</size>
         <input_file_ref idref="fl-6d"/>
      </object_component>
      <object_component id="oc-648">
         <name>.text:xTaskPriorityInherit</name>
         <load_address>0xd034</load_address>
         <run_address>0xd034</run_address>
         <size>0xd8</size>
         <input_file_ref idref="fl-8"/>
      </object_component>
      <object_component id="oc-654">
         <name>.text:vTaskPriorityDisinheritAfterTimeout</name>
         <load_address>0xd10c</load_address>
         <run_address>0xd10c</run_address>
         <size>0xd2</size>
         <input_file_ref idref="fl-8"/>
      </object_component>
      <object_component id="oc-573">
         <name>.text:prvAddNewTaskToReadyList</name>
         <load_address>0xd1de</load_address>
         <run_address>0xd1de</run_address>
         <size>0xd0</size>
         <input_file_ref idref="fl-8"/>
      </object_component>
      <object_component id="oc-66f">
         <name>.text:prvInitialiseNewTask</name>
         <load_address>0xd2ae</load_address>
         <run_address>0xd2ae</run_address>
         <size>0xcc</size>
         <input_file_ref idref="fl-8"/>
      </object_component>
      <object_component id="oc-30c">
         <name>.text:vTaskSwitchContext</name>
         <load_address>0xd37a</load_address>
         <run_address>0xd37a</run_address>
         <size>0xc8</size>
         <input_file_ref idref="fl-8"/>
      </object_component>
      <object_component id="oc-50e">
         <name>.text:xQueueGenericReset</name>
         <load_address>0xd442</load_address>
         <run_address>0xd442</run_address>
         <size>0xc8</size>
         <input_file_ref idref="fl-6"/>
      </object_component>
      <object_component id="oc-457">
         <name>.text:Software_Trim</name>
         <load_address>0xd50a</load_address>
         <run_address>0xd50a</run_address>
         <size>0xbe</size>
         <input_file_ref idref="fl-23"/>
      </object_component>
      <object_component id="oc-539">
         <name>.text:xTaskPriorityDisinherit</name>
         <load_address>0xd5c8</load_address>
         <run_address>0xd5c8</run_address>
         <size>0xbc</size>
         <input_file_ref idref="fl-8"/>
      </object_component>
      <object_component id="oc-2cc">
         <name>.text</name>
         <load_address>0xd684</load_address>
         <run_address>0xd684</run_address>
         <size>0xb4</size>
         <input_file_ref idref="fl-b"/>
      </object_component>
      <object_component id="oc-54a">
         <name>.text:privateCSComputeCLKFrequency</name>
         <load_address>0xd738</load_address>
         <run_address>0xd738</run_address>
         <size>0xb0</size>
         <input_file_ref idref="fl-f"/>
      </object_component>
      <object_component id="oc-485">
         <name>.text:prvCreateIdleTasks</name>
         <load_address>0xd7e8</load_address>
         <run_address>0xd7e8</run_address>
         <size>0xa8</size>
         <input_file_ref idref="fl-8"/>
      </object_component>
      <object_component id="oc-427">
         <name>.text:prvUnlockQueue</name>
         <load_address>0xd890</load_address>
         <run_address>0xd890</run_address>
         <size>0x9e</size>
         <input_file_ref idref="fl-6"/>
      </object_component>
      <object_component id="oc-688">
         <name>.text:prvCreateStaticTask</name>
         <load_address>0xd92e</load_address>
         <run_address>0xd92e</run_address>
         <size>0x9c</size>
         <input_file_ref idref="fl-8"/>
      </object_component>
      <object_component id="oc-532">
         <name>.text:prvAddCurrentTaskToDelayedList</name>
         <load_address>0xd9ca</load_address>
         <run_address>0xd9ca</run_address>
         <size>0x98</size>
         <input_file_ref idref="fl-8"/>
      </object_component>
      <object_component id="oc-63b">
         <name>.text:privateCSSourceClockFromDCO</name>
         <load_address>0xda62</load_address>
         <run_address>0xda62</run_address>
         <size>0x8e</size>
         <input_file_ref idref="fl-f"/>
      </object_component>
      <object_component id="oc-43f">
         <name>.text:prvCopyDataToQueue</name>
         <load_address>0xdaf0</load_address>
         <run_address>0xdaf0</run_address>
         <size>0x86</size>
         <input_file_ref idref="fl-6"/>
      </object_component>
      <object_component id="oc-663">
         <name>.text:vPortFree</name>
         <load_address>0xdb76</load_address>
         <run_address>0xdb76</run_address>
         <size>0x80</size>
         <input_file_ref idref="fl-c"/>
      </object_component>
      <object_component id="oc-56d">
         <name>.text:prvCreateTask</name>
         <load_address>0xdbf6</load_address>
         <run_address>0xdbf6</run_address>
         <size>0x7e</size>
         <input_file_ref idref="fl-8"/>
      </object_component>
      <object_component id="oc-62b">
         <name>.text:privateDCORange</name>
         <load_address>0xdc74</load_address>
         <run_address>0xdc74</run_address>
         <size>0x7c</size>
         <input_file_ref idref="fl-f"/>
      </object_component>
      <object_component id="oc-421">
         <name>.text:xTaskCheckForTimeOut</name>
         <load_address>0xdcf0</load_address>
         <run_address>0xdcf0</run_address>
         <size>0x78</size>
         <input_file_ref idref="fl-8"/>
      </object_component>
      <object_component id="oc-48b">
         <name>.text:xTimerCreateTimerTask</name>
         <load_address>0xdd68</load_address>
         <run_address>0xdd68</run_address>
         <size>0x74</size>
         <input_file_ref idref="fl-9"/>
      </object_component>
      <object_component id="oc-6ef">
         <name>.text:prvInsertBlockIntoFreeList</name>
         <load_address>0xdddc</load_address>
         <run_address>0xdddc</run_address>
         <size>0x70</size>
         <input_file_ref idref="fl-c"/>
      </object_component>
      <object_component id="oc-32c">
         <name>.text:xQueueGenericCreate</name>
         <load_address>0xde4c</load_address>
         <run_address>0xde4c</run_address>
         <size>0x6c</size>
         <input_file_ref idref="fl-6"/>
      </object_component>
      <object_component id="oc-37b">
         <name>.text:__TI_auto_init_nobinit_nopinit_hold_wdt:__TI_auto_init_nobinit_nopinit_hold_wdt</name>
         <load_address>0xdeb8</load_address>
         <run_address>0xdeb8</run_address>
         <size>0x6a</size>
         <input_file_ref idref="fl-66"/>
      </object_component>
      <object_component id="oc-69c">
         <name>.text:xQueueGenericCreateStatic</name>
         <load_address>0xdf22</load_address>
         <run_address>0xdf22</run_address>
         <size>0x6a</size>
         <input_file_ref idref="fl-6"/>
      </object_component>
      <object_component id="oc-6b0">
         <name>.text:prvProcessTimerOrBlockTask</name>
         <load_address>0xdf8c</load_address>
         <run_address>0xdf8c</run_address>
         <size>0x68</size>
         <input_file_ref idref="fl-9"/>
      </object_component>
      <object_component id="oc-33f">
         <name>.text:init_clocks</name>
         <load_address>0xdff4</load_address>
         <run_address>0xdff4</run_address>
         <size>0x64</size>
         <input_file_ref idref="fl-23"/>
      </object_component>
      <object_component id="oc-598">
         <name>.text:prvCheckForValidListAndQueue</name>
         <load_address>0xe058</load_address>
         <run_address>0xe058</run_address>
         <size>0x62</size>
         <input_file_ref idref="fl-9"/>
      </object_component>
      <object_component id="oc-75d">
         <name>.text:vTaskPlaceOnEventListRestricted</name>
         <load_address>0xe0ba</load_address>
         <run_address>0xe0ba</run_address>
         <size>0x62</size>
         <input_file_ref idref="fl-8"/>
      </object_component>
      <object_component id="oc-676">
         <name>.text:prvInitialiseTaskLists</name>
         <load_address>0xe11c</load_address>
         <run_address>0xe11c</run_address>
         <size>0x5e</size>
         <input_file_ref idref="fl-8"/>
      </object_component>
      <object_component id="oc-626">
         <name>.text</name>
         <load_address>0xe17a</load_address>
         <run_address>0xe17a</run_address>
         <size>0x58</size>
         <input_file_ref idref="fl-4a"/>
      </object_component>
      <object_component id="oc-500">
         <name>.text:prvHeapInit</name>
         <load_address>0xe1d2</load_address>
         <run_address>0xe1d2</run_address>
         <size>0x52</size>
         <input_file_ref idref="fl-c"/>
      </object_component>
      <object_component id="oc-721">
         <name>.text:vQueueWaitForMessageRestricted</name>
         <load_address>0xe224</load_address>
         <run_address>0xe224</run_address>
         <size>0x50</size>
         <input_file_ref idref="fl-6"/>
      </object_component>
      <object_component id="oc-681">
         <name>.text:prvCheckTasksWaitingTermination</name>
         <load_address>0xe274</load_address>
         <run_address>0xe274</run_address>
         <size>0x4e</size>
         <input_file_ref idref="fl-8"/>
      </object_component>
      <object_component id="oc-731">
         <name>.text:prvInsertTimerInActiveList</name>
         <load_address>0xe2c2</load_address>
         <run_address>0xe2c2</run_address>
         <size>0x48</size>
         <input_file_ref idref="fl-9"/>
      </object_component>
      <object_component id="oc-58e">
         <name>.text:xTaskCreateStatic</name>
         <load_address>0xe30a</load_address>
         <run_address>0xe30a</run_address>
         <size>0x42</size>
         <input_file_ref idref="fl-8"/>
      </object_component>
      <object_component id="oc-26e">
         <name>.text:__memcpy_far</name>
         <load_address>0xe34c</load_address>
         <run_address>0xe34c</run_address>
         <size>0x40</size>
         <input_file_ref idref="fl-73"/>
      </object_component>
      <object_component id="oc-636">
         <name>.text</name>
         <load_address>0xe38c</load_address>
         <run_address>0xe38c</run_address>
         <size>0x40</size>
         <input_file_ref idref="fl-49"/>
      </object_component>
      <object_component id="oc-28b">
         <name>.text:decompress:ZI:__TI_zero_init</name>
         <load_address>0xe3cc</load_address>
         <run_address>0xe3cc</run_address>
         <size>0x3e</size>
         <input_file_ref idref="fl-67"/>
      </object_component>
      <object_component id="oc-2df">
         <name>.text:main</name>
         <load_address>0xe40a</load_address>
         <run_address>0xe40a</run_address>
         <size>0x3e</size>
         <input_file_ref idref="fl-2"/>
      </object_component>
      <object_component id="oc-6e">
         <name>.text:decompress:none:__TI_decompress_none</name>
         <load_address>0xe448</load_address>
         <run_address>0xe448</run_address>
         <size>0x3c</size>
         <input_file_ref idref="fl-6c"/>
      </object_component>
      <object_component id="oc-727">
         <name>.text:prvProcessExpiredTimer</name>
         <load_address>0xe484</load_address>
         <run_address>0xe484</run_address>
         <size>0x3c</size>
         <input_file_ref idref="fl-9"/>
      </object_component>
      <object_component id="oc-52c">
         <name>.text:vListInsert</name>
         <load_address>0xe4c0</load_address>
         <run_address>0xe4c0</run_address>
         <size>0x3c</size>
         <input_file_ref idref="fl-5"/>
      </object_component>
      <object_component id="oc-345">
         <name>.text:init_tasks</name>
         <load_address>0xe4fc</load_address>
         <run_address>0xe4fc</run_address>
         <size>0x3a</size>
         <input_file_ref idref="fl-26"/>
      </object_component>
      <object_component id="oc-34b">
         <name>.text:vTaskStartScheduler</name>
         <load_address>0xe536</load_address>
         <run_address>0xe536</run_address>
         <size>0x38</size>
         <input_file_ref idref="fl-8"/>
      </object_component>
      <object_component id="oc-70f">
         <name>.text:prvDeleteTCB</name>
         <load_address>0xe56e</load_address>
         <run_address>0xe56e</run_address>
         <size>0x36</size>
         <input_file_ref idref="fl-8"/>
      </object_component>
      <object_component id="oc-47e">
         <name>.text:vLedTurnOffTask</name>
         <load_address>0xe5a4</load_address>
         <run_address>0xe5a4</run_address>
         <size>0x36</size>
         <input_file_ref idref="fl-25"/>
      </object_component>
      <object_component id="oc-471">
         <name>.text:vLedTurnOnTask</name>
         <load_address>0xe5da</load_address>
         <run_address>0xe5da</run_address>
         <size>0x36</size>
         <input_file_ref idref="fl-25"/>
      </object_component>
      <object_component id="oc-737">
         <name>.text:prvReloadTimer</name>
         <load_address>0xe610</load_address>
         <run_address>0xe610</run_address>
         <size>0x30</size>
         <input_file_ref idref="fl-9"/>
      </object_component>
      <object_component id="oc-600">
         <name>.text:uxListRemove</name>
         <load_address>0xe640</load_address>
         <run_address>0xe640</run_address>
         <size>0x30</size>
         <input_file_ref idref="fl-5"/>
      </object_component>
      <object_component id="oc-566">
         <name>.text:vTaskDelay</name>
         <load_address>0xe670</load_address>
         <run_address>0xe670</run_address>
         <size>0x30</size>
         <input_file_ref idref="fl-8"/>
      </object_component>
      <object_component id="oc-433">
         <name>.text:prvIsQueueFull</name>
         <load_address>0xe6a0</load_address>
         <run_address>0xe6a0</run_address>
         <size>0x2e</size>
         <input_file_ref idref="fl-6"/>
      </object_component>
      <object_component id="oc-642">
         <name>.text:prvIsQueueEmpty</name>
         <load_address>0xe6ce</load_address>
         <run_address>0xe6ce</run_address>
         <size>0x2c</size>
         <input_file_ref idref="fl-6"/>
      </object_component>
      <object_component id="oc-631">
         <name>.text</name>
         <load_address>0xe6fa</load_address>
         <run_address>0xe6fa</run_address>
         <size>0x2c</size>
         <input_file_ref idref="fl-47"/>
      </object_component>
      <object_component id="oc-478">
         <name>.text:xTaskCreate</name>
         <load_address>0xe726</load_address>
         <run_address>0xe726</run_address>
         <size>0x2c</size>
         <input_file_ref idref="fl-8"/>
      </object_component>
      <object_component id="oc-463">
         <name>.text:CS_getACLK</name>
         <load_address>0xe752</load_address>
         <run_address>0xe752</run_address>
         <size>0x2a</size>
         <input_file_ref idref="fl-f"/>
      </object_component>
      <object_component id="oc-769">
         <name>.text:prvCopyDataFromQueue</name>
         <load_address>0xe77c</load_address>
         <run_address>0xe77c</run_address>
         <size>0x2a</size>
         <input_file_ref idref="fl-6"/>
      </object_component>
      <object_component id="oc-439">
         <name>.text:vTaskPlaceOnEventList</name>
         <load_address>0xe7a6</load_address>
         <run_address>0xe7a6</run_address>
         <size>0x2a</size>
         <input_file_ref idref="fl-8"/>
      </object_component>
      <object_component id="oc-6aa">
         <name>.text:prvGetNextExpireTime</name>
         <load_address>0xe7d0</load_address>
         <run_address>0xe7d0</run_address>
         <size>0x28</size>
         <input_file_ref idref="fl-9"/>
      </object_component>
      <object_component id="oc-71f">
         <name>.text:prvSampleTimeNow</name>
         <load_address>0xe7f8</load_address>
         <run_address>0xe7f8</run_address>
         <size>0x28</size>
         <input_file_ref idref="fl-9"/>
      </object_component>
      <object_component id="oc-451">
         <name>.text:Init_GPIO</name>
         <load_address>0xe820</load_address>
         <run_address>0xe820</run_address>
         <size>0x26</size>
         <input_file_ref idref="fl-23"/>
      </object_component>
      <object_component id="oc-757">
         <name>.text:prvSwitchTimerLists</name>
         <load_address>0xe846</load_address>
         <run_address>0xe846</run_address>
         <size>0x24</size>
         <input_file_ref idref="fl-9"/>
      </object_component>
      <object_component id="oc-6e4">
         <name>.text</name>
         <load_address>0xe86a</load_address>
         <run_address>0xe86a</run_address>
         <size>0x24</size>
         <input_file_ref idref="fl-62"/>
      </object_component>
      <object_component id="oc-751">
         <name>.text:xTaskGetTickCount</name>
         <load_address>0xe88e</load_address>
         <run_address>0xe88e</run_address>
         <size>0x24</size>
         <input_file_ref idref="fl-8"/>
      </object_component>
      <object_component id="oc-312">
         <name>.text:vApplicationSetupTimerInterrupt</name>
         <load_address>0xe8b2</load_address>
         <run_address>0xe8b2</run_address>
         <size>0x22</size>
         <input_file_ref idref="fl-24"/>
      </object_component>
      <object_component id="oc-5f4">
         <name>.text:vListInitialise</name>
         <load_address>0xe8d4</load_address>
         <run_address>0xe8d4</run_address>
         <size>0x22</size>
         <input_file_ref idref="fl-5"/>
      </object_component>
      <object_component id="oc-3d4">
         <name>.text:prvInitialiseNewQueue</name>
         <load_address>0xe8f6</load_address>
         <run_address>0xe8f6</run_address>
         <size>0x20</size>
         <input_file_ref idref="fl-6"/>
      </object_component>
      <object_component id="oc-6fe">
         <name>.text:pxPortInitialiseStack</name>
         <load_address>0xe916</load_address>
         <run_address>0xe916</run_address>
         <size>0x20</size>
         <input_file_ref idref="fl-a"/>
      </object_component>
      <object_component id="oc-320">
         <name>.text:GPIO_setAsOutputPin</name>
         <load_address>0xe936</load_address>
         <run_address>0xe936</run_address>
         <size>0x1e</size>
         <input_file_ref idref="fl-16"/>
      </object_component>
      <object_component id="oc-3a4">
         <name>.text:prvResetNextTaskUnblockTime</name>
         <load_address>0xe954</load_address>
         <run_address>0xe954</run_address>
         <size>0x1e</size>
         <input_file_ref idref="fl-8"/>
      </object_component>
      <object_component id="oc-297">
         <name>.text:_isr:_c_int00_noargs</name>
         <load_address>0xe972</load_address>
         <run_address>0xe972</run_address>
         <size>0x1c</size>
         <input_file_ref idref="fl-65"/>
      </object_component>
      <object_component id="oc-469">
         <name>.text:CS_getSMCLK</name>
         <load_address>0xe98e</load_address>
         <run_address>0xe98e</run_address>
         <size>0x1a</size>
         <input_file_ref idref="fl-f"/>
      </object_component>
      <object_component id="oc-45d">
         <name>.text:CS_getMCLK</name>
         <load_address>0xe9a8</load_address>
         <run_address>0xe9a8</run_address>
         <size>0x18</size>
         <input_file_ref idref="fl-f"/>
      </object_component>
      <object_component id="oc-3aa">
         <name>.text</name>
         <load_address>0xe9c0</load_address>
         <run_address>0xe9c0</run_address>
         <size>0x18</size>
         <input_file_ref idref="fl-5f"/>
      </object_component>
      <object_component id="oc-40f">
         <name>.text:xTaskGetSchedulerState</name>
         <load_address>0xe9d8</load_address>
         <run_address>0xe9d8</run_address>
         <size>0x18</size>
         <input_file_ref idref="fl-8"/>
      </object_component>
      <object_component id="oc-560">
         <name>.text:GPIO_setOutputHighOnPin</name>
         <load_address>0xe9f0</load_address>
         <run_address>0xe9f0</run_address>
         <size>0x16</size>
         <input_file_ref idref="fl-16"/>
      </object_component>
      <object_component id="oc-57a">
         <name>.text:GPIO_setOutputLowOnPin</name>
         <load_address>0xea06</load_address>
         <run_address>0xea06</run_address>
         <size>0x16</size>
         <input_file_ref idref="fl-16"/>
      </object_component>
      <object_component id="oc-31a">
         <name>.text:WDT_A_hold</name>
         <load_address>0xea1c</load_address>
         <run_address>0xea1c</run_address>
         <size>0x16</size>
         <input_file_ref idref="fl-22"/>
      </object_component>
      <object_component id="oc-64e">
         <name>.text:prvGetDisinheritPriorityAfterTimeout</name>
         <load_address>0xea32</load_address>
         <run_address>0xea32</run_address>
         <size>0x16</size>
         <input_file_ref idref="fl-6"/>
      </object_component>
      <object_component id="oc-5aa">
         <name>.text:prvTimerTask</name>
         <load_address>0xea48</load_address>
         <run_address>0xea48</run_address>
         <size>0x16</size>
         <input_file_ref idref="fl-9"/>
      </object_component>
      <object_component id="oc-3c9">
         <name>.text</name>
         <load_address>0xea5e</load_address>
         <run_address>0xea5e</run_address>
         <size>0x16</size>
         <input_file_ref idref="fl-48"/>
      </object_component>
      <object_component id="oc-669">
         <name>.text:memset</name>
         <load_address>0xea74</load_address>
         <run_address>0xea74</run_address>
         <size>0x14</size>
         <input_file_ref idref="fl-72"/>
      </object_component>
      <object_component id="oc-582">
         <name>.text:vApplicationGetIdleTaskMemory</name>
         <load_address>0xea88</load_address>
         <run_address>0xea88</run_address>
         <size>0x14</size>
         <input_file_ref idref="fl-8"/>
      </object_component>
      <object_component id="oc-5a4">
         <name>.text:vApplicationGetTimerTaskMemory</name>
         <load_address>0xea9c</load_address>
         <run_address>0xea9c</run_address>
         <size>0x14</size>
         <input_file_ref idref="fl-8"/>
      </object_component>
      <object_component id="oc-53f">
         <name>.text:memcpy</name>
         <load_address>0xeab0</load_address>
         <run_address>0xeab0</run_address>
         <size>0x12</size>
         <input_file_ref idref="fl-71"/>
      </object_component>
      <object_component id="oc-588">
         <name>.text:prvIdleTask</name>
         <load_address>0xeac2</load_address>
         <run_address>0xeac2</run_address>
         <size>0x12</size>
         <input_file_ref idref="fl-8"/>
      </object_component>
      <object_component id="oc-27f">
         <name>.text:_isr:vTickISREntry</name>
         <load_address>0xead4</load_address>
         <run_address>0xead4</run_address>
         <size>0x10</size>
         <input_file_ref idref="fl-a"/>
      </object_component>
      <object_component id="oc-65a">
         <name>.text:pvTaskIncrementMutexHeldCount</name>
         <load_address>0xeae4</load_address>
         <run_address>0xeae4</run_address>
         <size>0xe</size>
         <input_file_ref idref="fl-8"/>
      </object_component>
      <object_component id="oc-415">
         <name>.text:vTaskInternalSetTimeOutState</name>
         <load_address>0xeaf2</load_address>
         <run_address>0xeaf2</run_address>
         <size>0xe</size>
         <input_file_ref idref="fl-8"/>
      </object_component>
      <object_component id="oc-61e">
         <name>.text</name>
         <load_address>0xeb00</load_address>
         <run_address>0xeb00</run_address>
         <size>0xa</size>
         <input_file_ref idref="fl-5d"/>
      </object_component>
      <object_component id="oc-27a">
         <name>.text:_isr:__TI_ISR_TRAP</name>
         <load_address>0xeb0a</load_address>
         <run_address>0xeb0a</run_address>
         <size>0x8</size>
         <input_file_ref idref="fl-5c"/>
      </object_component>
      <object_component id="oc-326">
         <name>.text:PMM_unlockLPM5</name>
         <load_address>0xeb12</load_address>
         <run_address>0xeb12</run_address>
         <size>0x6</size>
         <input_file_ref idref="fl-19"/>
      </object_component>
      <object_component id="oc-357">
         <name>.text:abort</name>
         <load_address>0xeb18</load_address>
         <run_address>0xeb18</run_address>
         <size>0x6</size>
         <input_file_ref idref="fl-6e"/>
      </object_component>
      <object_component id="oc-6f8">
         <name>.text:vListInitialiseItem</name>
         <load_address>0xeb1e</load_address>
         <run_address>0xeb1e</run_address>
         <size>0x6</size>
         <input_file_ref idref="fl-5"/>
      </object_component>
      <object_component id="oc-520">
         <name>.text:vTaskMissedYield</name>
         <load_address>0xeb24</load_address>
         <run_address>0xeb24</run_address>
         <size>0x6</size>
         <input_file_ref idref="fl-8"/>
      </object_component>
      <object_component id="oc-41b">
         <name>.text:vTaskSuspendAll</name>
         <load_address>0xeb2a</load_address>
         <run_address>0xeb2a</run_address>
         <size>0x6</size>
         <input_file_ref idref="fl-8"/>
      </object_component>
      <object_component id="oc-2d9">
         <name>.text:_system_pre_init</name>
         <load_address>0xeb30</load_address>
         <run_address>0xeb30</run_address>
         <size>0x4</size>
         <input_file_ref idref="fl-6a"/>
      </object_component>
      <object_component id="oc-3b6">
         <name>.text:vApplicationStackOverflowHook</name>
         <load_address>0xeb34</load_address>
         <run_address>0xeb34</run_address>
         <size>0x4</size>
         <input_file_ref idref="fl-24"/>
      </object_component>
      <object_component id="oc-4a7">
         <name>.text:_system_post_cinit</name>
         <load_address>0xeb38</load_address>
         <run_address>0xeb38</run_address>
         <size>0x2</size>
         <input_file_ref idref="fl-6b"/>
      </object_component>
      <object_component id="oc-3af">
         <name>.bss:pxReadyTasksLists</name>
         <uninitialized>true</uninitialized>
         <run_address>0x2aa4</run_address>
         <size>0x32</size>
         <input_file_ref idref="fl-8"/>
      </object_component>
      <object_component id="oc-705">
         <name>.bss:xDelayedTaskList1</name>
         <uninitialized>true</uninitialized>
         <run_address>0x2b10</run_address>
         <size>0xa</size>
         <input_file_ref idref="fl-8"/>
      </object_component>
      <object_component id="oc-708">
         <name>.bss:xDelayedTaskList2</name>
         <uninitialized>true</uninitialized>
         <run_address>0x2b1a</run_address>
         <size>0xa</size>
         <input_file_ref idref="fl-8"/>
      </object_component>
      <object_component id="oc-3a1">
         <name>.bss</name>
         <uninitialized>true</uninitialized>
         <run_address>0x2b42</run_address>
         <size>0x4</size>
         <input_file_ref idref="fl-8"/>
      </object_component>
      <object_component id="oc-527">
         <name>.bss:xPendingReadyList</name>
         <uninitialized>true</uninitialized>
         <run_address>0x2b24</run_address>
         <size>0xa</size>
         <input_file_ref idref="fl-8"/>
      </object_component>
      <object_component id="oc-70b">
         <name>.bss:xTasksWaitingTermination</name>
         <uninitialized>true</uninitialized>
         <run_address>0x2b38</run_address>
         <size>0xa</size>
         <input_file_ref idref="fl-8"/>
      </object_component>
      <object_component id="oc-606">
         <name>.bss:xSuspendedTaskList</name>
         <uninitialized>true</uninitialized>
         <run_address>0x2b2e</run_address>
         <size>0xa</size>
         <input_file_ref idref="fl-8"/>
      </object_component>
      <object_component id="oc-594">
         <name>.bss:xIdleTaskHandles</name>
         <uninitialized>true</uninitialized>
         <run_address>0x2b4e</run_address>
         <size>0x2</size>
         <input_file_ref idref="fl-8"/>
      </object_component>
      <object_component id="oc-67e">
         <name>.bss:xIdleTaskTCB$1</name>
         <uninitialized>true</uninitialized>
         <run_address>0x2a3c</run_address>
         <size>0x34</size>
         <input_file_ref idref="fl-8"/>
      </object_component>
      <object_component id="oc-67f">
         <name>.bss:uxIdleTaskStack$2</name>
         <uninitialized>true</uninitialized>
         <run_address>0x2800</run_address>
         <size>0x100</size>
         <input_file_ref idref="fl-8"/>
      </object_component>
      <object_component id="oc-6a7">
         <name>.bss:xTimerTaskTCB$3</name>
         <uninitialized>true</uninitialized>
         <run_address>0x2a70</run_address>
         <size>0x34</size>
         <input_file_ref idref="fl-8"/>
      </object_component>
      <object_component id="oc-6a8">
         <name>.bss:uxTimerTaskStack$4</name>
         <uninitialized>true</uninitialized>
         <run_address>0x2900</run_address>
         <size>0x100</size>
         <input_file_ref idref="fl-8"/>
      </object_component>
      <object_component id="oc-691">
         <name>.bss:xActiveTimerList1</name>
         <uninitialized>true</uninitialized>
         <run_address>0x2afc</run_address>
         <size>0xa</size>
         <input_file_ref idref="fl-9"/>
      </object_component>
      <object_component id="oc-694">
         <name>.bss:xActiveTimerList2</name>
         <uninitialized>true</uninitialized>
         <run_address>0x2b06</run_address>
         <size>0xa</size>
         <input_file_ref idref="fl-9"/>
      </object_component>
      <object_component id="oc-697">
         <name>.bss</name>
         <uninitialized>true</uninitialized>
         <run_address>0x2b46</run_address>
         <size>0x4</size>
         <input_file_ref idref="fl-9"/>
      </object_component>
      <object_component id="oc-69b">
         <name>.bss:xStaticTimerQueue$3</name>
         <uninitialized>true</uninitialized>
         <run_address>0x2ad6</run_address>
         <size>0x26</size>
         <input_file_ref idref="fl-9"/>
      </object_component>
      <object_component id="oc-69a">
         <name>.bss:ucStaticTimerQueueStorage$4</name>
         <uninitialized>true</uninitialized>
         <run_address>0x2a00</run_address>
         <size>0x3c</size>
         <input_file_ref idref="fl-9"/>
      </object_component>
      <object_component id="oc-509">
         <name>.bss:ucHeap</name>
         <uninitialized>true</uninitialized>
         <run_address>0x2000</run_address>
         <size>0x800</size>
         <input_file_ref idref="fl-c"/>
      </object_component>
      <object_component id="oc-506">
         <name>.bss:xStart</name>
         <uninitialized>true</uninitialized>
         <run_address>0x2b4a</run_address>
         <size>0x4</size>
         <input_file_ref idref="fl-c"/>
      </object_component>
      <object_component id="oc-332">
         <name>.common:xLedSemaphore</name>
         <uninitialized>true</uninitialized>
         <run_address>0x2b50</run_address>
         <size>0x2</size>
      </object_component>
      <object_component id="oc-303">
         <name>.data</name>
         <load_address>0x2b52</load_address>
         <run_address>0x2b52</run_address>
         <size>0x16</size>
         <input_file_ref idref="fl-8"/>
      </object_component>
      <object_component id="oc-3b2">
         <name>.data:xYieldPendings</name>
         <load_address>0x2b7e</load_address>
         <run_address>0x2b7e</run_address>
         <size>0x2</size>
         <input_file_ref idref="fl-8"/>
      </object_component>
      <object_component id="oc-59e">
         <name>.data</name>
         <load_address>0x2b72</load_address>
         <run_address>0x2b72</run_address>
         <size>0x6</size>
         <input_file_ref idref="fl-9"/>
      </object_component>
      <object_component id="oc-300">
         <name>.data</name>
         <load_address>0x2b7c</load_address>
         <run_address>0x2b7c</run_address>
         <size>0x2</size>
         <input_file_ref idref="fl-a"/>
      </object_component>
      <object_component id="oc-4fd">
         <name>.data</name>
         <load_address>0x2b68</load_address>
         <run_address>0x2b68</run_address>
         <size>0xa</size>
         <input_file_ref idref="fl-c"/>
      </object_component>
      <object_component id="oc-623">
         <name>.data</name>
         <load_address>0x2b78</load_address>
         <run_address>0x2b78</run_address>
         <size>0x4</size>
         <input_file_ref idref="fl-f"/>
      </object_component>
      <object_component id="oc-25f">
         <name>.stack</name>
         <uninitialized>true</uninitialized>
         <run_address>0x2f60</run_address>
         <size>0x2</size>
         <input_file_ref idref="fl-65"/>
      </object_component>
      <object_component id="oc-7e0">
         <name>.stack</name>
         <uninitialized>true</uninitialized>
         <run_address>0x2f60</run_address>
         <size>0x0</size>
      </object_component>
      <object_component id="oc-74">
         <name>.int41</name>
         <load_address>0xffda</load_address>
         <run_address>0xffda</run_address>
         <size>0x2</size>
         <input_file_ref idref="fl-4b"/>
      </object_component>
      <object_component id="oc-75">
         <name>.int42</name>
         <load_address>0xffdc</load_address>
         <run_address>0xffdc</run_address>
         <size>0x2</size>
         <input_file_ref idref="fl-4c"/>
      </object_component>
      <object_component id="oc-76">
         <name>.int43</name>
         <load_address>0xffde</load_address>
         <run_address>0xffde</run_address>
         <size>0x2</size>
         <input_file_ref idref="fl-4d"/>
      </object_component>
      <object_component id="oc-77">
         <name>.int44</name>
         <load_address>0xffe0</load_address>
         <run_address>0xffe0</run_address>
         <size>0x2</size>
         <input_file_ref idref="fl-4e"/>
      </object_component>
      <object_component id="oc-78">
         <name>.int45</name>
         <load_address>0xffe2</load_address>
         <run_address>0xffe2</run_address>
         <size>0x2</size>
         <input_file_ref idref="fl-4f"/>
      </object_component>
      <object_component id="oc-79">
         <name>.int46</name>
         <load_address>0xffe4</load_address>
         <run_address>0xffe4</run_address>
         <size>0x2</size>
         <input_file_ref idref="fl-50"/>
      </object_component>
      <object_component id="oc-7a">
         <name>.int47</name>
         <load_address>0xffe6</load_address>
         <run_address>0xffe6</run_address>
         <size>0x2</size>
         <input_file_ref idref="fl-51"/>
      </object_component>
      <object_component id="oc-7b">
         <name>.int48</name>
         <load_address>0xffe8</load_address>
         <run_address>0xffe8</run_address>
         <size>0x2</size>
         <input_file_ref idref="fl-52"/>
      </object_component>
      <object_component id="oc-7c">
         <name>.int49</name>
         <load_address>0xffea</load_address>
         <run_address>0xffea</run_address>
         <size>0x2</size>
         <input_file_ref idref="fl-53"/>
      </object_component>
      <object_component id="oc-7d">
         <name>.int50</name>
         <load_address>0xffec</load_address>
         <run_address>0xffec</run_address>
         <size>0x2</size>
         <input_file_ref idref="fl-54"/>
      </object_component>
      <object_component id="oc-7e">
         <name>.int51</name>
         <load_address>0xffee</load_address>
         <run_address>0xffee</run_address>
         <size>0x2</size>
         <input_file_ref idref="fl-55"/>
      </object_component>
      <object_component id="oc-7f">
         <name>.int52</name>
         <load_address>0xfff0</load_address>
         <run_address>0xfff0</run_address>
         <size>0x2</size>
         <input_file_ref idref="fl-56"/>
      </object_component>
      <object_component id="oc-80">
         <name>.int53</name>
         <load_address>0xfff2</load_address>
         <run_address>0xfff2</run_address>
         <size>0x2</size>
         <input_file_ref idref="fl-57"/>
      </object_component>
      <object_component id="oc-81">
         <name>.int54</name>
         <load_address>0xfff4</load_address>
         <run_address>0xfff4</run_address>
         <size>0x2</size>
         <input_file_ref idref="fl-58"/>
      </object_component>
      <object_component id="oc-82">
         <name>.int55</name>
         <load_address>0xfff6</load_address>
         <run_address>0xfff6</run_address>
         <size>0x2</size>
         <input_file_ref idref="fl-59"/>
      </object_component>
      <object_component id="oc-83">
         <name>.int56</name>
         <load_address>0xfff8</load_address>
         <run_address>0xfff8</run_address>
         <size>0x2</size>
         <input_file_ref idref="fl-a"/>
      </object_component>
      <object_component id="oc-84">
         <name>.int57</name>
         <load_address>0xfffa</load_address>
         <run_address>0xfffa</run_address>
         <size>0x2</size>
         <input_file_ref idref="fl-5a"/>
      </object_component>
      <object_component id="oc-85">
         <name>.int58</name>
         <load_address>0xfffc</load_address>
         <run_address>0xfffc</run_address>
         <size>0x2</size>
         <input_file_ref idref="fl-5b"/>
      </object_component>
      <object_component id="oc-262">
         <name>.reset</name>
         <load_address>0xfffe</load_address>
         <run_address>0xfffe</run_address>
         <size>0x2</size>
         <input_file_ref idref="fl-65"/>
      </object_component>
      <object_component id="oc-333">
         <name>.debug_info</name>
         <load_address>0x0</load_address>
         <run_address>0x0</run_address>
         <size>0x432</size>
         <input_file_ref idref="fl-2"/>
      </object_component>
      <object_component id="oc-2e0">
         <name>.debug_info</name>
         <load_address>0x432</load_address>
         <run_address>0x432</run_address>
         <size>0x1a8</size>
         <input_file_ref idref="fl-2"/>
      </object_component>
      <object_component id="oc-3f2">
         <name>.debug_info</name>
         <load_address>0x5da</load_address>
         <run_address>0x5da</run_address>
         <size>0x322</size>
         <input_file_ref idref="fl-2"/>
      </object_component>
      <object_component id="oc-3ed">
         <name>.debug_info</name>
         <load_address>0x8fc</load_address>
         <run_address>0x8fc</run_address>
         <size>0x26b</size>
         <input_file_ref idref="fl-2"/>
      </object_component>
      <object_component id="oc-3fc">
         <name>.debug_info</name>
         <load_address>0xb67</load_address>
         <run_address>0xb67</run_address>
         <size>0x437</size>
         <input_file_ref idref="fl-2"/>
      </object_component>
      <object_component id="oc-555">
         <name>.debug_info</name>
         <load_address>0xf9e</load_address>
         <run_address>0xf9e</run_address>
         <size>0xee</size>
         <input_file_ref idref="fl-2"/>
      </object_component>
      <object_component id="oc-3e3">
         <name>.debug_info</name>
         <load_address>0x108c</load_address>
         <run_address>0x108c</run_address>
         <size>0x4f</size>
         <input_file_ref idref="fl-2"/>
      </object_component>
      <object_component id="oc-401">
         <name>.debug_info</name>
         <load_address>0x10db</load_address>
         <run_address>0x10db</run_address>
         <size>0x2c</size>
         <input_file_ref idref="fl-2"/>
      </object_component>
      <object_component id="oc-352">
         <name>.debug_info</name>
         <load_address>0x1107</load_address>
         <run_address>0x1107</run_address>
         <size>0x8b</size>
         <input_file_ref idref="fl-2"/>
      </object_component>
      <object_component id="oc-40a">
         <name>.debug_info</name>
         <load_address>0x1192</load_address>
         <run_address>0x1192</run_address>
         <size>0x2c</size>
         <input_file_ref idref="fl-2"/>
      </object_component>
      <object_component id="oc-4f4">
         <name>.debug_info</name>
         <load_address>0x11be</load_address>
         <run_address>0x11be</run_address>
         <size>0x282</size>
         <input_file_ref idref="fl-2"/>
      </object_component>
      <object_component id="oc-3bf">
         <name>.debug_info</name>
         <load_address>0x1440</load_address>
         <run_address>0x1440</run_address>
         <size>0xbb</size>
         <input_file_ref idref="fl-2"/>
      </object_component>
      <object_component id="oc-39c">
         <name>.debug_info</name>
         <load_address>0x14fb</load_address>
         <run_address>0x14fb</run_address>
         <size>0x53</size>
         <input_file_ref idref="fl-2"/>
      </object_component>
      <object_component id="oc-3e8">
         <name>.debug_info</name>
         <load_address>0x154e</load_address>
         <run_address>0x154e</run_address>
         <size>0x53</size>
         <input_file_ref idref="fl-2"/>
      </object_component>
      <object_component id="oc-3f7">
         <name>.debug_info</name>
         <load_address>0x15a1</load_address>
         <run_address>0x15a1</run_address>
         <size>0x14c</size>
         <input_file_ref idref="fl-2"/>
      </object_component>
      <object_component id="oc-269">
         <name>.debug_info</name>
         <load_address>0x16ed</load_address>
         <run_address>0x16ed</run_address>
         <size>0x84</size>
         <input_file_ref idref="fl-3"/>
      </object_component>
      <object_component id="oc-547">
         <name>.debug_info</name>
         <load_address>0x1771</load_address>
         <run_address>0x1771</run_address>
         <size>0x5da</size>
         <input_file_ref idref="fl-4"/>
      </object_component>
      <object_component id="oc-44c">
         <name>.debug_info</name>
         <load_address>0x1d4b</load_address>
         <run_address>0x1d4b</run_address>
         <size>0x322</size>
         <input_file_ref idref="fl-4"/>
      </object_component>
      <object_component id="oc-4d1">
         <name>.debug_info</name>
         <load_address>0x206d</load_address>
         <run_address>0x206d</run_address>
         <size>0x110</size>
         <input_file_ref idref="fl-4"/>
      </object_component>
      <object_component id="oc-4e5">
         <name>.debug_info</name>
         <load_address>0x217d</load_address>
         <run_address>0x217d</run_address>
         <size>0x437</size>
         <input_file_ref idref="fl-4"/>
      </object_component>
      <object_component id="oc-614">
         <name>.debug_info</name>
         <load_address>0x25b4</load_address>
         <run_address>0x25b4</run_address>
         <size>0x76</size>
         <input_file_ref idref="fl-4"/>
      </object_component>
      <object_component id="oc-619">
         <name>.debug_info</name>
         <load_address>0x262a</load_address>
         <run_address>0x262a</run_address>
         <size>0x39</size>
         <input_file_ref idref="fl-4"/>
      </object_component>
      <object_component id="oc-5ef">
         <name>.debug_info</name>
         <load_address>0x2663</load_address>
         <run_address>0x2663</run_address>
         <size>0x109</size>
         <input_file_ref idref="fl-4"/>
      </object_component>
      <object_component id="oc-4cc">
         <name>.debug_info</name>
         <load_address>0x276c</load_address>
         <run_address>0x276c</run_address>
         <size>0x4f</size>
         <input_file_ref idref="fl-4"/>
      </object_component>
      <object_component id="oc-5ff">
         <name>.debug_info</name>
         <load_address>0x27bb</load_address>
         <run_address>0x27bb</run_address>
         <size>0x273</size>
         <input_file_ref idref="fl-5"/>
      </object_component>
      <object_component id="oc-52d">
         <name>.debug_info</name>
         <load_address>0x2a2e</load_address>
         <run_address>0x2a2e</run_address>
         <size>0x1fd</size>
         <input_file_ref idref="fl-5"/>
      </object_component>
      <object_component id="oc-6f9">
         <name>.debug_info</name>
         <load_address>0x2c2b</load_address>
         <run_address>0x2c2b</run_address>
         <size>0x17f</size>
         <input_file_ref idref="fl-5"/>
      </object_component>
      <object_component id="oc-5f5">
         <name>.debug_info</name>
         <load_address>0x2daa</load_address>
         <run_address>0x2daa</run_address>
         <size>0x177</size>
         <input_file_ref idref="fl-5"/>
      </object_component>
      <object_component id="oc-601">
         <name>.debug_info</name>
         <load_address>0x2f21</load_address>
         <run_address>0x2f21</run_address>
         <size>0x1aa</size>
         <input_file_ref idref="fl-5"/>
      </object_component>
      <object_component id="oc-3e0">
         <name>.debug_info</name>
         <load_address>0x30cb</load_address>
         <run_address>0x30cb</run_address>
         <size>0x844</size>
         <input_file_ref idref="fl-6"/>
      </object_component>
      <object_component id="oc-643">
         <name>.debug_info</name>
         <load_address>0x390f</load_address>
         <run_address>0x390f</run_address>
         <size>0x19b</size>
         <input_file_ref idref="fl-6"/>
      </object_component>
      <object_component id="oc-428">
         <name>.debug_info</name>
         <load_address>0x3aaa</load_address>
         <run_address>0x3aaa</run_address>
         <size>0x218</size>
         <input_file_ref idref="fl-6"/>
      </object_component>
      <object_component id="oc-64f">
         <name>.debug_info</name>
         <load_address>0x3cc2</load_address>
         <run_address>0x3cc2</run_address>
         <size>0x1f5</size>
         <input_file_ref idref="fl-6"/>
      </object_component>
      <object_component id="oc-55b">
         <name>.debug_info</name>
         <load_address>0x3eb7</load_address>
         <run_address>0x3eb7</run_address>
         <size>0x4bf</size>
         <input_file_ref idref="fl-6"/>
      </object_component>
      <object_component id="oc-76a">
         <name>.debug_info</name>
         <load_address>0x4376</load_address>
         <run_address>0x4376</run_address>
         <size>0x1c9</size>
         <input_file_ref idref="fl-6"/>
      </object_component>
      <object_component id="oc-73e">
         <name>.debug_info</name>
         <load_address>0x453f</load_address>
         <run_address>0x453f</run_address>
         <size>0x404</size>
         <input_file_ref idref="fl-6"/>
      </object_component>
      <object_component id="oc-435">
         <name>.debug_info</name>
         <load_address>0x4943</load_address>
         <run_address>0x4943</run_address>
         <size>0x199</size>
         <input_file_ref idref="fl-6"/>
      </object_component>
      <object_component id="oc-440">
         <name>.debug_info</name>
         <load_address>0x4adc</load_address>
         <run_address>0x4adc</run_address>
         <size>0x25d</size>
         <input_file_ref idref="fl-6"/>
      </object_component>
      <object_component id="oc-33b">
         <name>.debug_info</name>
         <load_address>0x4d39</load_address>
         <run_address>0x4d39</run_address>
         <size>0x458</size>
         <input_file_ref idref="fl-6"/>
      </object_component>
      <object_component id="oc-510">
         <name>.debug_info</name>
         <load_address>0x5191</load_address>
         <run_address>0x5191</run_address>
         <size>0x283</size>
         <input_file_ref idref="fl-6"/>
      </object_component>
      <object_component id="oc-3d5">
         <name>.debug_info</name>
         <load_address>0x5414</load_address>
         <run_address>0x5414</run_address>
         <size>0x278</size>
         <input_file_ref idref="fl-6"/>
      </object_component>
      <object_component id="oc-69d">
         <name>.debug_info</name>
         <load_address>0x568c</load_address>
         <run_address>0x568c</run_address>
         <size>0x2ec</size>
         <input_file_ref idref="fl-6"/>
      </object_component>
      <object_component id="oc-32d">
         <name>.debug_info</name>
         <load_address>0x5978</load_address>
         <run_address>0x5978</run_address>
         <size>0x2ad</size>
         <input_file_ref idref="fl-6"/>
      </object_component>
      <object_component id="oc-722">
         <name>.debug_info</name>
         <load_address>0x5c25</load_address>
         <run_address>0x5c25</run_address>
         <size>0x239</size>
         <input_file_ref idref="fl-6"/>
      </object_component>
      <object_component id="oc-517">
         <name>.debug_info</name>
         <load_address>0x5e5e</load_address>
         <run_address>0x5e5e</run_address>
         <size>0x1db</size>
         <input_file_ref idref="fl-6"/>
      </object_component>
      <object_component id="oc-3db">
         <name>.debug_info</name>
         <load_address>0x6039</load_address>
         <run_address>0x6039</run_address>
         <size>0x46</size>
         <input_file_ref idref="fl-6"/>
      </object_component>
      <object_component id="oc-4d6">
         <name>.debug_info</name>
         <load_address>0x607f</load_address>
         <run_address>0x607f</run_address>
         <size>0x35</size>
         <input_file_ref idref="fl-6"/>
      </object_component>
      <object_component id="oc-60d">
         <name>.debug_info</name>
         <load_address>0x60b4</load_address>
         <run_address>0x60b4</run_address>
         <size>0x2c</size>
         <input_file_ref idref="fl-7"/>
      </object_component>
      <object_component id="oc-39b">
         <name>.debug_info</name>
         <load_address>0x60e0</load_address>
         <run_address>0x60e0</run_address>
         <size>0x7cd</size>
         <input_file_ref idref="fl-8"/>
      </object_component>
      <object_component id="oc-304">
         <name>.debug_info</name>
         <load_address>0x68ad</load_address>
         <run_address>0x68ad</run_address>
         <size>0x2fd</size>
         <input_file_ref idref="fl-8"/>
      </object_component>
      <object_component id="oc-3b0">
         <name>.debug_info</name>
         <load_address>0x6baa</load_address>
         <run_address>0x6baa</run_address>
         <size>0x100</size>
         <input_file_ref idref="fl-8"/>
      </object_component>
      <object_component id="oc-706">
         <name>.debug_info</name>
         <load_address>0x6caa</load_address>
         <run_address>0x6caa</run_address>
         <size>0x100</size>
         <input_file_ref idref="fl-8"/>
      </object_component>
      <object_component id="oc-709">
         <name>.debug_info</name>
         <load_address>0x6daa</load_address>
         <run_address>0x6daa</run_address>
         <size>0x100</size>
         <input_file_ref idref="fl-8"/>
      </object_component>
      <object_component id="oc-3a2">
         <name>.debug_info</name>
         <load_address>0x6eaa</load_address>
         <run_address>0x6eaa</run_address>
         <size>0x143</size>
         <input_file_ref idref="fl-8"/>
      </object_component>
      <object_component id="oc-528">
         <name>.debug_info</name>
         <load_address>0x6fed</load_address>
         <run_address>0x6fed</run_address>
         <size>0x100</size>
         <input_file_ref idref="fl-8"/>
      </object_component>
      <object_component id="oc-70c">
         <name>.debug_info</name>
         <load_address>0x70ed</load_address>
         <run_address>0x70ed</run_address>
         <size>0x10e</size>
         <input_file_ref idref="fl-8"/>
      </object_component>
      <object_component id="oc-607">
         <name>.debug_info</name>
         <load_address>0x71fb</load_address>
         <run_address>0x71fb</run_address>
         <size>0x102</size>
         <input_file_ref idref="fl-8"/>
      </object_component>
      <object_component id="oc-3b3">
         <name>.debug_info</name>
         <load_address>0x72fd</load_address>
         <run_address>0x72fd</run_address>
         <size>0xfa</size>
         <input_file_ref idref="fl-8"/>
      </object_component>
      <object_component id="oc-595">
         <name>.debug_info</name>
         <load_address>0x73f7</load_address>
         <run_address>0x73f7</run_address>
         <size>0xfe</size>
         <input_file_ref idref="fl-8"/>
      </object_component>
      <object_component id="oc-492">
         <name>.debug_info</name>
         <load_address>0x74f5</load_address>
         <run_address>0x74f5</run_address>
         <size>0x100</size>
         <input_file_ref idref="fl-8"/>
      </object_component>
      <object_component id="oc-3a5">
         <name>.debug_info</name>
         <load_address>0x75f5</load_address>
         <run_address>0x75f5</run_address>
         <size>0x16a</size>
         <input_file_ref idref="fl-8"/>
      </object_component>
      <object_component id="oc-307">
         <name>.debug_info</name>
         <load_address>0x775f</load_address>
         <run_address>0x775f</run_address>
         <size>0x28f</size>
         <input_file_ref idref="fl-8"/>
      </object_component>
      <object_component id="oc-42e">
         <name>.debug_info</name>
         <load_address>0x79ee</load_address>
         <run_address>0x79ee</run_address>
         <size>0x292</size>
         <input_file_ref idref="fl-8"/>
      </object_component>
      <object_component id="oc-446">
         <name>.debug_info</name>
         <load_address>0x7c80</load_address>
         <run_address>0x7c80</run_address>
         <size>0x277</size>
         <input_file_ref idref="fl-8"/>
      </object_component>
      <object_component id="oc-649">
         <name>.debug_info</name>
         <load_address>0x7ef7</load_address>
         <run_address>0x7ef7</run_address>
         <size>0x261</size>
         <input_file_ref idref="fl-8"/>
      </object_component>
      <object_component id="oc-53a">
         <name>.debug_info</name>
         <load_address>0x8158</load_address>
         <run_address>0x8158</run_address>
         <size>0x23d</size>
         <input_file_ref idref="fl-8"/>
      </object_component>
      <object_component id="oc-752">
         <name>.debug_info</name>
         <load_address>0x8395</load_address>
         <run_address>0x8395</run_address>
         <size>0x170</size>
         <input_file_ref idref="fl-8"/>
      </object_component>
      <object_component id="oc-410">
         <name>.debug_info</name>
         <load_address>0x8505</load_address>
         <run_address>0x8505</run_address>
         <size>0x17c</size>
         <input_file_ref idref="fl-8"/>
      </object_component>
      <object_component id="oc-41c">
         <name>.debug_info</name>
         <load_address>0x8681</load_address>
         <run_address>0x8681</run_address>
         <size>0x153</size>
         <input_file_ref idref="fl-8"/>
      </object_component>
      <object_component id="oc-533">
         <name>.debug_info</name>
         <load_address>0x87d4</load_address>
         <run_address>0x87d4</run_address>
         <size>0x302</size>
         <input_file_ref idref="fl-8"/>
      </object_component>
      <object_component id="oc-670">
         <name>.debug_info</name>
[...]
      <symbol id="sm-1c9">
         <name>UCB0ADDMASK_L</name>
         <value>0x55e</value>
      </symbol>
      <symbol id="sm-1ca">
         <name>UCB0ADDMASK_H</name>
         <value>0x55f</value>
      </symbol>
      <symbol id="sm-1cb">
         <name>UCB0I2CSA</name>
         <value>0x560</value>
      </symbol>
      <symbol id="sm-1cc">
         <name>UCB0I2CSA_L</name>
         <value>0x560</value>
      </symbol>
      <symbol id="sm-1cd">
         <name>UCB0I2CSA_H</name>
         <value>0x561</value>
      </symbol>
      <symbol id="sm-1ce">
         <name>UCB0IE</name>
         <value>0x56a</value>
      </symbol>
      <symbol id="sm-1cf">
         <name>UCB0IE_L</name>
         <value>0x56a</value>
      </symbol>
      <symbol id="sm-1d0">
         <name>UCB0IE_H</name>
         <value>0x56b</value>
      </symbol>
      <symbol id="sm-1d1">
         <name>UCB0IFG</name>
         <value>0x56c</value>
      </symbol>
      <symbol id="sm-1d2">
         <name>UCB0IFG_L</name>
         <value>0x56c</value>
      </symbol>
      <symbol id="sm-1d3">
         <name>UCB0IFG_H</name>
         <value>0x56d</value>
      </symbol>
      <symbol id="sm-1d4">
         <name>UCB0IV</name>
         <value>0x56e</value>
      </symbol>
      <symbol id="sm-1d5">
         <name>WDTCTL</name>
         <value>0x1cc</value>
      </symbol>
      <symbol id="sm-1d6">
         <name>WDTCTL_L</name>
         <value>0x1cc</value>
      </symbol>
      <symbol id="sm-1d7">
         <name>WDTCTL_H</name>
         <value>0x1cd</value>
      </symbol>
      <symbol id="sm-1d8">
         <name>__TI_CINIT_Base</name>
         <value>0xc41e</value>
      </symbol>
      <symbol id="sm-1d9">
         <name>__TI_CINIT_Limit</name>
         <value>0xc42e</value>
      </symbol>
      <symbol id="sm-1da">
         <name>__TI_CINIT_Warm</name>
         <value>0xc42e</value>
      </symbol>
      <symbol id="sm-1db">
         <name>__TI_Handler_Table_Base</name>
         <value>0xc400</value>
      </symbol>
      <symbol id="sm-1dc">
         <name>__TI_Handler_Table_Limit</name>
         <value>0xc40c</value>
      </symbol>
      <symbol id="sm-1dd">
         <name>__STACK_SIZE</name>
         <value>0xa0</value>
      </symbol>
      <symbol id="sm-1de">
         <name>__STACK_END</name>
         <value>0x3000</value>
      </symbol>
      <symbol id="sm-1df">
         <name>__c_args__</name>
         <value>0xffffffff</value>
      </symbol>
      <symbol id="sm-1e0">
         <name>__TI_pprof_out_hndl</name>
         <value>0xffffffff</value>
      </symbol>
      <symbol id="sm-1e1">
         <name>__TI_prof_data_start</name>
         <value>0xffffffff</value>
      </symbol>
      <symbol id="sm-1e2">
         <name>__TI_prof_data_size</name>
         <value>0xffffffff</value>
      </symbol>
      <symbol id="sm-288">
         <name>xLedSemaphore</name>
         <value>0x2b50</value>
      </symbol>
      <symbol id="sm-289">
         <name>main</name>
         <value>0xe40a</value>
         <object_component_ref idref="oc-2df"/>
      </symbol>
      <symbol id="sm-2db">
         <name>uxListRemove</name>
         <value>0xe640</value>
         <object_component_ref idref="oc-600"/>
      </symbol>
      <symbol id="sm-2dc">
         <name>vListInsert</name>
         <value>0xe4c0</value>
         <object_component_ref idref="oc-52c"/>
      </symbol>
      <symbol id="sm-2dd">
         <name>vListInitialiseItem</name>
         <value>0xeb1e</value>
         <object_component_ref idref="oc-6f8"/>
      </symbol>
      <symbol id="sm-2de">
         <name>vListInitialise</name>
         <value>0xe8d4</value>
         <object_component_ref idref="oc-5f4"/>
      </symbol>
      <symbol id="sm-3d2">
         <name>xQueueGenericCreateStatic</name>
         <value>0xdf22</value>
         <object_component_ref idref="oc-69c"/>
      </symbol>
      <symbol id="sm-3d3">
         <name>xQueueGenericCreate</name>
         <value>0xde4c</value>
         <object_component_ref idref="oc-32c"/>
      </symbol>
      <symbol id="sm-3d4">
         <name>xQueueGenericSend</name>
         <value>0xc650</value>
         <object_component_ref idref="oc-339"/>
      </symbol>
      <symbol id="sm-3d5">
         <name>xQueueGenericReset</name>
         <value>0xd442</value>
         <object_component_ref idref="oc-50e"/>
      </symbol>
      <symbol id="sm-3d6">
         <name>xQueueSemaphoreTake</name>
         <value>0xc484</value>
         <object_component_ref idref="oc-55a"/>
      </symbol>
      <symbol id="sm-3d7">
         <name>vQueueWaitForMessageRestricted</name>
         <value>0xe224</value>
         <object_component_ref idref="oc-721"/>
      </symbol>
      <symbol id="sm-3d8">
         <name>xQueueReceive</name>
         <value>0xc93a</value>
         <object_component_ref idref="oc-73d"/>
      </symbol>
      <symbol id="sm-5c8">
         <name>vTaskDelay</name>
         <value>0xe670</value>
         <object_component_ref idref="oc-566"/>
      </symbol>
      <symbol id="sm-5c9">
         <name>vTaskSuspendAll</name>
         <value>0xeb2a</value>
         <object_component_ref idref="oc-41b"/>
      </symbol>
      <symbol id="sm-5ca">
         <name>vTaskPlaceOnEventList</name>
         <value>0xe7a6</value>
         <object_component_ref idref="oc-439"/>
      </symbol>
      <symbol id="sm-5cb">
         <name>xTaskCheckForTimeOut</name>
         <value>0xdcf0</value>
         <object_component_ref idref="oc-421"/>
      </symbol>
      <symbol id="sm-5cc">
         <name>xTaskPriorityDisinherit</name>
         <value>0xd5c8</value>
         <object_component_ref idref="oc-539"/>
      </symbol>
      <symbol id="sm-5cd">
         <name>vTaskStartScheduler</name>
         <value>0xe536</value>
         <object_component_ref idref="oc-34b"/>
      </symbol>
      <symbol id="sm-5ce">
         <name>vTaskInternalSetTimeOutState</name>
         <value>0xeaf2</value>
         <object_component_ref idref="oc-415"/>
      </symbol>
      <symbol id="sm-5cf">
         <name>pvTaskIncrementMutexHeldCount</name>
         <value>0xeae4</value>
         <object_component_ref idref="oc-65a"/>
      </symbol>
      <symbol id="sm-5d0">
         <name>xTaskCreateStatic</name>
         <value>0xe30a</value>
         <object_component_ref idref="oc-58e"/>
      </symbol>
      <symbol id="sm-5d1">
         <name>vTaskPriorityDisinheritAfterTimeout</name>
         <value>0xd10c</value>
         <object_component_ref idref="oc-654"/>
      </symbol>
      <symbol id="sm-5d2">
         <name>xTaskCreate</name>
         <value>0xe726</value>
         <object_component_ref idref="oc-478"/>
      </symbol>
      <symbol id="sm-5d3">
         <name>vTaskMissedYield</name>
         <value>0xeb24</value>
         <object_component_ref idref="oc-520"/>
      </symbol>
      <symbol id="sm-5d4">
         <name>xTaskResumeAll</name>
         <value>0xc7ce</value>
         <object_component_ref idref="oc-42d"/>
      </symbol>
      <symbol id="sm-5d5">
         <name>xTaskGetTickCount</name>
         <value>0xe88e</value>
         <object_component_ref idref="oc-751"/>
      </symbol>
      <symbol id="sm-5d6">
         <name>vApplicationGetTimerTaskMemory</name>
         <value>0xea9c</value>
         <object_component_ref idref="oc-5a4"/>
      </symbol>
      <symbol id="sm-5d7">
         <name>vApplicationGetIdleTaskMemory</name>
         <value>0xea88</value>
         <object_component_ref idref="oc-582"/>
      </symbol>
      <symbol id="sm-5d8">
         <name>pxCurrentTCB</name>
         <value>0x2b52</value>
         <object_component_ref idref="oc-303"/>
      </symbol>
      <symbol id="sm-5d9">
         <name>vTaskPlaceOnEventListRestricted</name>
         <value>0xe0ba</value>
         <object_component_ref idref="oc-75d"/>
      </symbol>
      <symbol id="sm-5da">
         <name>xTaskIncrementTick</name>
         <value>0xcaa4</value>
         <object_component_ref idref="oc-306"/>
      </symbol>
      <symbol id="sm-5db">
         <name>vTaskSwitchContext</name>
         <value>0xd37a</value>
         <object_component_ref idref="oc-30c"/>
      </symbol>
      <symbol id="sm-5dc">
         <name>xTaskGetSchedulerState</name>
         <value>0xe9d8</value>
         <object_component_ref idref="oc-40f"/>
      </symbol>
      <symbol id="sm-5dd">
         <name>xTaskRemoveFromEventList</name>
         <value>0xcd2a</value>
         <object_component_ref idref="oc-445"/>
      </symbol>
      <symbol id="sm-5de">
         <name>xTaskPriorityInherit</name>
         <value>0xd034</value>
         <object_component_ref idref="oc-648"/>
      </symbol>
      <symbol id="sm-692">
         <name>xTimerCreateTimerTask</name>
         <value>0xdd68</value>
         <object_component_ref idref="oc-48b"/>
      </symbol>
      <symbol id="sm-6ab">
         <name>__TI_int56</name>
         <value>0xfff8</value>
         <object_component_ref idref="oc-83"/>
      </symbol>
      <symbol id="sm-6ac">
         <name>vTickISREntry</name>
         <value>0xead4</value>
         <object_component_ref idref="oc-27f"/>
      </symbol>
      <symbol id="sm-6ad">
         <name>usCriticalNesting</name>
         <value>0x2b7c</value>
         <object_component_ref idref="oc-300"/>
      </symbol>
      <symbol id="sm-6ae">
         <name>pxPortInitialiseStack</name>
         <value>0xe916</value>
         <object_component_ref idref="oc-6fe"/>
      </symbol>
      <symbol id="sm-6b6">
         <name>vPortCooperativeTickISR</name>
         <value>0xd6b8</value>
         <object_component_ref idref="oc-2cc"/>
      </symbol>
      <symbol id="sm-6b7">
         <name>vPortPreemptiveTickISR</name>
         <value>0xd684</value>
         <object_component_ref idref="oc-2cc"/>
      </symbol>
      <symbol id="sm-6b8">
         <name>vPortYield</name>
         <value>0xd6e8</value>
         <object_component_ref idref="oc-2cc"/>
      </symbol>
      <symbol id="sm-6b9">
         <name>xPortStartScheduler</name>
         <value>0xd71c</value>
         <object_component_ref idref="oc-2cc"/>
      </symbol>
      <symbol id="sm-720">
         <name>pvPortMalloc</name>
         <value>0xcc00</value>
         <object_component_ref idref="oc-3ce"/>
      </symbol>
      <symbol id="sm-721">
         <name>vPortFree</name>
         <value>0xdb76</value>
         <object_component_ref idref="oc-663"/>
      </symbol>
      <symbol id="sm-76e">
         <name>CS_getACLK</name>
         <value>0xe752</value>
         <object_component_ref idref="oc-463"/>
      </symbol>
      <symbol id="sm-76f">
         <name>CS_getMCLK</name>
         <value>0xe9a8</value>
         <object_component_ref idref="oc-45d"/>
      </symbol>
      <symbol id="sm-770">
         <name>CS_getSMCLK</name>
         <value>0xe98e</value>
         <object_component_ref idref="oc-469"/>
      </symbol>
      <symbol id="sm-799">
         <name>GPIO_setOutputHighOnPin</name>
         <value>0xe9f0</value>
         <object_component_ref idref="oc-560"/>
      </symbol>
      <symbol id="sm-79a">
         <name>GPIO_setAsOutputPin</name>
         <value>0xe936</value>
         <object_component_ref idref="oc-320"/>
      </symbol>
      <symbol id="sm-79b">
         <name>GPIO_setOutputLowOnPin</name>
         <value>0xea06</value>
         <object_component_ref idref="oc-57a"/>
      </symbol>
      <symbol id="sm-7a6">
         <name>PMM_unlockLPM5</name>
         <value>0xeb12</value>
         <object_component_ref idref="oc-326"/>
      </symbol>
      <symbol id="sm-7b7">
         <name>WDT_A_hold</name>
         <value>0xea1c</value>
         <object_component_ref idref="oc-31a"/>
      </symbol>
      <symbol id="sm-7dc">
         <name>Software_Trim</name>
         <value>0xd50a</value>
         <object_component_ref idref="oc-457"/>
      </symbol>
      <symbol id="sm-7dd">
         <name>Init_GPIO</name>
         <value>0xe820</value>
         <object_component_ref idref="oc-451"/>
      </symbol>
      <symbol id="sm-7de">
         <name>init_clocks</name>
         <value>0xdff4</value>
         <object_component_ref idref="oc-33f"/>
      </symbol>
      <symbol id="sm-7f2">
         <name>vApplicationStackOverflowHook</name>
         <value>0xeb34</value>
         <object_component_ref idref="oc-3b6"/>
      </symbol>
      <symbol id="sm-7f3">
         <name>vApplicationSetupTimerInterrupt</name>
         <value>0xe8b2</value>
         <object_component_ref idref="oc-312"/>
      </symbol>
      <symbol id="sm-809">
         <name>vLedTurnOffTask</name>
         <value>0xe5a4</value>
         <object_component_ref idref="oc-47e"/>
      </symbol>
      <symbol id="sm-80a">
         <name>vLedTurnOnTask</name>
         <value>0xe5da</value>
         <object_component_ref idref="oc-471"/>
      </symbol>
      <symbol id="sm-81a">
         <name>init_tasks</name>
         <value>0xe4fc</value>
         <object_component_ref idref="oc-345"/>
      </symbol>
      <symbol id="sm-826">
         <name>__mspabi_remi</name>
         <value>0xe6fa</value>
         <object_component_ref idref="oc-631"/>
      </symbol>
      <symbol id="sm-827">
         <name>__mspabi_divi</name>
         <value>0xe6fa</value>
         <object_component_ref idref="oc-631"/>
      </symbol>
      <symbol id="sm-831">
         <name>__mspabi_remu</name>
         <value>0xea5e</value>
         <object_component_ref idref="oc-3c9"/>
      </symbol>
      <symbol id="sm-832">
         <name>__mspabi_divu</name>
         <value>0xea5e</value>
         <object_component_ref idref="oc-3c9"/>
      </symbol>
      <symbol id="sm-83e">
         <name>__mspabi_remli</name>
         <value>0xe38c</value>
         <object_component_ref idref="oc-636"/>
      </symbol>
      <symbol id="sm-83f">
         <name>__mspabi_divli</name>
         <value>0xe38c</value>
         <object_component_ref idref="oc-636"/>
      </symbol>
      <symbol id="sm-84d">
         <name>__mspabi_remul</name>
         <value>0xe17a</value>
         <object_component_ref idref="oc-626"/>
      </symbol>
      <symbol id="sm-84e">
         <name>__mspabi_divul</name>
         <value>0xe17a</value>
         <object_component_ref idref="oc-626"/>
      </symbol>
      <symbol id="sm-851">
         <name>__TI_int41</name>
         <value>0xffda</value>
         <object_component_ref idref="oc-74"/>
      </symbol>
      <symbol id="sm-854">
         <name>__TI_int42</name>
         <value>0xffdc</value>
         <object_component_ref idref="oc-75"/>
      </symbol>
      <symbol id="sm-857">
         <name>__TI_int43</name>
         <value>0xffde</value>
         <object_component_ref idref="oc-76"/>
      </symbol>
      <symbol id="sm-85a">
         <name>__TI_int44</name>
         <value>0xffe0</value>
         <object_component_ref idref="oc-77"/>
      </symbol>
      <symbol id="sm-85d">
         <name>__TI_int45</name>
         <value>0xffe2</value>
         <object_component_ref idref="oc-78"/>
      </symbol>
      <symbol id="sm-860">
         <name>__TI_int46</name>
         <value>0xffe4</value>
         <object_component_ref idref="oc-79"/>
      </symbol>
      <symbol id="sm-863">
         <name>__TI_int47</name>
         <value>0xffe6</value>
         <object_component_ref idref="oc-7a"/>
      </symbol>
      <symbol id="sm-866">
         <name>__TI_int48</name>
         <value>0xffe8</value>
         <object_component_ref idref="oc-7b"/>
      </symbol>
      <symbol id="sm-869">
         <name>__TI_int49</name>
         <value>0xffea</value>
         <object_component_ref idref="oc-7c"/>
      </symbol>
      <symbol id="sm-86c">
         <name>__TI_int50</name>
         <value>0xffec</value>
         <object_component_ref idref="oc-7d"/>
      </symbol>
      <symbol id="sm-86f">
         <name>__TI_int51</name>
         <value>0xffee</value>
         <object_component_ref idref="oc-7e"/>
      </symbol>
      <symbol id="sm-872">
         <name>__TI_int52</name>
         <value>0xfff0</value>
         <object_component_ref idref="oc-7f"/>
      </symbol>
      <symbol id="sm-875">
         <name>__TI_int53</name>
         <value>0xfff2</value>
         <object_component_ref idref="oc-80"/>
      </symbol>
      <symbol id="sm-878">
         <name>__TI_int54</name>
         <value>0xfff4</value>
         <object_component_ref idref="oc-81"/>
      </symbol>
      <symbol id="sm-87b">
         <name>__TI_int55</name>
         <value>0xfff6</value>
         <object_component_ref idref="oc-82"/>
      </symbol>
      <symbol id="sm-87e">
         <name>__TI_int57</name>
         <value>0xfffa</value>
         <object_component_ref idref="oc-84"/>
      </symbol>
      <symbol id="sm-881">
         <name>__TI_int58</name>
         <value>0xfffc</value>
         <object_component_ref idref="oc-85"/>
      </symbol>
      <symbol id="sm-889">
         <name>__TI_ISR_TRAP</name>
         <value>0xeb0a</value>
         <object_component_ref idref="oc-27a"/>
      </symbol>
      <symbol id="sm-892">
         <name>__mspabi_slli</name>
         <value>0xeb00</value>
         <object_component_ref idref="oc-61e"/>
      </symbol>
      <symbol id="sm-89b">
         <name>__mspabi_mpyi_f5hw</name>
         <value>0xe9c0</value>
         <object_component_ref idref="oc-3aa"/>
      </symbol>
      <symbol id="sm-8a5">
         <name>__mspabi_mpyl_f5hw</name>
         <value>0xe86a</value>
         <object_component_ref idref="oc-6e4"/>
      </symbol>
      <symbol id="sm-8b7">
         <name>_stack</name>
         <value>0x2f60</value>
         <object_component_ref idref="oc-25f"/>
      </symbol>
      <symbol id="sm-8b8">
         <name>_c_int00_noargs</name>
         <value>0xe972</value>
         <object_component_ref idref="oc-297"/>
      </symbol>
      <symbol id="sm-8b9">
         <name>_reset_vector</name>
         <value>0xfffe</value>
         <object_component_ref idref="oc-262"/>
      </symbol>
      <symbol id="sm-8db">
         <name>__TI_auto_init_nobinit_nopinit_hold_wdt</name>
         <value>0xdeb8</value>
         <object_component_ref idref="oc-37b"/>
      </symbol>
      <symbol id="sm-8eb">
         <name>__TI_zero_init</name>
         <value>0xe3cc</value>
         <object_component_ref idref="oc-28b"/>
      </symbol>
      <symbol id="sm-8f6">
         <name>_system_pre_init</name>
         <value>0xeb30</value>
         <object_component_ref idref="oc-2d9"/>
      </symbol>
      <symbol id="sm-8ff">
         <name>_system_post_cinit</name>
         <value>0xeb38</value>
         <object_component_ref idref="oc-4a7"/>
      </symbol>
      <symbol id="sm-910">
         <name>__TI_decompress_none</name>
         <value>0xe448</value>
         <object_component_ref idref="oc-6e"/>
      </symbol>
      <symbol id="sm-931">
         <name>__TI_decompress_lzss</name>
         <value>0xcf46</value>
         <object_component_ref idref="oc-68"/>
      </symbol>
      <symbol id="sm-93b">
         <name>C$$EXIT</name>
         <value>0xeb18</value>
         <object_component_ref idref="oc-357"/>
      </symbol>
      <symbol id="sm-93c">
         <name>abort</name>
         <value>0xeb18</value>
         <object_component_ref idref="oc-357"/>
      </symbol>
      <symbol id="sm-94c">
         <name>memcpy</name>
         <value>0xeab0</value>
         <object_component_ref idref="oc-53f"/>
      </symbol>
      <symbol id="sm-95a">
         <name>memset</name>
         <value>0xea74</value>
         <object_component_ref idref="oc-669"/>
      </symbol>
      <symbol id="sm-965">
         <name>__memcpy_far</name>
         <value>0xe34c</value>
         <object_component_ref idref="oc-26e"/>
      </symbol>
      <symbol id="sm-96a">
         <name>vPortSetupTimerInterrupt</name>
         <value>0xe8b2</value>
      </symbol>
   </symbol_table>
   <title>Link successful</title>
</link_info>
