<?xml version="1.0" encoding="ISO-8859-1" ?>
<link_info>
   <banner>MSP430 Linker PC v21.6.1.LTS</banner>
   <copyright>Copyright (c) 2003-2018 Texas Instruments Incorporated</copyright>
   <link_time>0x68387de4</link_time>
   <link_errors>0x0</link_errors>
   <output_file>RTOS_MSP430FR2433.out</output_file>
   <entry_point>
      <name>_c_int00_noargs</name>
      <address>0xe8d2</address>
   </entry_point>
   <input_file_list>
      <input_file id="fl-2">
         <path>.\</path>
         <kind>object</kind>
         <file>main.obj</file>
         <name>main.obj</name>
      </input_file>
      <input_file id="fl-3">
         <path>.\FreeRTOS-Kernel\src\</path>
         <kind>object</kind>
         <file>croutine.obj</file>
         <name>croutine.obj</name>
      </input_file>
      <input_file id="fl-4">
         <path>.\FreeRTOS-Kernel\src\</path>
         <kind>object</kind>
         <file>event_groups.obj</file>
         <name>event_groups.obj</name>
      </input_file>
      <input_file id="fl-5">
         <path>.\FreeRTOS-Kernel\src\</path>
         <kind>object</kind>
         <file>list.obj</file>
         <name>list.obj</name>
      </input_file>
      <input_file id="fl-6">
         <path>.\FreeRTOS-Kernel\src\</path>
         <kind>object</kind>
         <file>queue.obj</file>
         <name>queue.obj</name>
      </input_file>
      <input_file id="fl-7">
         <path>.\FreeRTOS-Kernel\src\</path>
         <kind>object</kind>
         <file>stream_buffer.obj</file>
         <name>stream_buffer.obj</name>
      </input_file>
      <input_file id="fl-8">
         <path>.\FreeRTOS-Kernel\src\</path>
         <kind>object</kind>
         <file>tasks.obj</file>
         <name>tasks.obj</name>
      </input_file>
      <input_file id="fl-9">
         <path>.\FreeRTOS-Kernel\src\</path>
         <kind>object</kind>
         <file>timers.obj</file>
         <name>timers.obj</name>
      </input_file>
      <input_file id="fl-a">
         <path>.\FreeRTOS-Kernel\src\portable\CCS\MSP430X\</path>
         <kind>object</kind>
         <file>port.obj</file>
         <name>port.obj</name>
      </input_file>
      <input_file id="fl-b">
         <path>.\FreeRTOS-Kernel\src\portable\CCS\MSP430X\</path>
         <kind>object</kind>
         <file>portext.obj</file>
         <name>portext.obj</name>
      </input_file>
      <input_file id="fl-c">
         <path>.\FreeRTOS-Kernel\src\portable\MemMang\</path>
         <kind>object</kind>
         <file>heap_4.obj</file>
         <name>heap_4.obj</name>
      </input_file>
      <input_file id="fl-d">
         <path>.\driverlib\MSP430FR2xx_4xx\</path>
         <kind>object</kind>
         <file>adc.obj</file>
         <name>adc.obj</name>
      </input_file>
      <input_file id="fl-e">
         <path>.\driverlib\MSP430FR2xx_4xx\</path>
         <kind>object</kind>
         <file>crc.obj</file>
         <name>crc.obj</name>
      </input_file>
      <input_file id="fl-f">
         <path>.\driverlib\MSP430FR2xx_4xx\</path>
         <kind>object</kind>
         <file>cs.obj</file>
         <name>cs.obj</name>
      </input_file>
      <input_file id="fl-10">
         <path>.\driverlib\MSP430FR2xx_4xx\</path>
         <kind>object</kind>
         <file>ecomp.obj</file>
         <name>ecomp.obj</name>
      </input_file>
      <input_file id="fl-11">
         <path>.\driverlib\MSP430FR2xx_4xx\</path>
         <kind>object</kind>
         <file>eusci_a_spi.obj</file>
         <name>eusci_a_spi.obj</name>
      </input_file>
      <input_file id="fl-12">
         <path>.\driverlib\MSP430FR2xx_4xx\</path>
         <kind>object</kind>
         <file>eusci_a_uart.obj</file>
         <name>eusci_a_uart.obj</name>
      </input_file>
      <input_file id="fl-13">
         <path>.\driverlib\MSP430FR2xx_4xx\</path>
         <kind>object</kind>
         <file>eusci_b_i2c.obj</file>
         <name>eusci_b_i2c.obj</name>
      </input_file>
      <input_file id="fl-14">
         <path>.\driverlib\MSP430FR2xx_4xx\</path>
         <kind>object</kind>
         <file>eusci_b_spi.obj</file>
         <name>eusci_b_spi.obj</name>
      </input_file>
      <input_file id="fl-15">
         <path>.\driverlib\MSP430FR2xx_4xx\</path>
         <kind>object</kind>
         <file>framctl.obj</file>
         <name>framctl.obj</name>
      </input_file>
      <input_file id="fl-16">
         <path>.\driverlib\MSP430FR2xx_4xx\</path>
         <kind>object</kind>
         <file>gpio.obj</file>
         <name>gpio.obj</name>
      </input_file>
      <input_file id="fl-17">
         <path>.\driverlib\MSP430FR2xx_4xx\</path>
         <kind>object</kind>
         <file>lcd_e.obj</file>
         <name>lcd_e.obj</name>
      </input_file>
      <input_file id="fl-18">
         <path>.\driverlib\MSP430FR2xx_4xx\</path>
         <kind>object</kind>
         <file>mpy32.obj</file>
         <name>mpy32.obj</name>
      </input_file>
      <input_file id="fl-19">
         <path>.\driverlib\MSP430FR2xx_4xx\</path>
         <kind>object</kind>
         <file>pmm.obj</file>
         <name>pmm.obj</name>
      </input_file>
      <input_file id="fl-1a">
         <path>.\driverlib\MSP430FR2xx_4xx\</path>
         <kind>object</kind>
         <file>rtc.obj</file>
         <name>rtc.obj</name>
      </input_file>
      <input_file id="fl-1b">
         <path>.\driverlib\MSP430FR2xx_4xx\</path>
         <kind>object</kind>
         <file>sac.obj</file>
         <name>sac.obj</name>
      </input_file>
      <input_file id="fl-1c">
         <path>.\driverlib\MSP430FR2xx_4xx\</path>
         <kind>object</kind>
         <file>sfr.obj</file>
         <name>sfr.obj</name>
      </input_file>
      <input_file id="fl-1d">
         <path>.\driverlib\MSP430FR2xx_4xx\</path>
         <kind>object</kind>
         <file>sysctl.obj</file>
         <name>sysctl.obj</name>
      </input_file>
      <input_file id="fl-1e">
         <path>.\driverlib\MSP430FR2xx_4xx\</path>
         <kind>object</kind>
         <file>tia.obj</file>
         <name>tia.obj</name>
      </input_file>
      <input_file id="fl-1f">
         <path>.\driverlib\MSP430FR2xx_4xx\</path>
         <kind>object</kind>
         <file>timer_a.obj</file>
         <name>timer_a.obj</name>
      </input_file>
      <input_file id="fl-20">
         <path>.\driverlib\MSP430FR2xx_4xx\</path>
         <kind>object</kind>
         <file>timer_b.obj</file>
         <name>timer_b.obj</name>
      </input_file>
      <input_file id="fl-21">
         <path>.\driverlib\MSP430FR2xx_4xx\</path>
         <kind>object</kind>
         <file>tlv.obj</file>
         <name>tlv.obj</name>
      </input_file>
      <input_file id="fl-22">
         <path>.\driverlib\MSP430FR2xx_4xx\</path>
         <kind>object</kind>
         <file>wdt_a.obj</file>
         <name>wdt_a.obj</name>
      </input_file>
      <input_file id="fl-23">
         <path>.\drivers\</path>
         <kind>object</kind>
         <file>clocks.obj</file>
         <name>clocks.obj</name>
      </input_file>
      <input_file id="fl-24">
         <path>.\drivers\</path>
         <kind>object</kind>
         <file>uart.obj</file>
         <name>uart.obj</name>
      </input_file>
      <input_file id="fl-25">
         <path>.\include\</path>
         <kind>object</kind>
         <file>freeRTOS_support.obj</file>
         <name>freeRTOS_support.obj</name>
      </input_file>
      <input_file id="fl-26">
         <path>.\interfaces\</path>
         <kind>object</kind>
         <file>uart_interface.obj</file>
         <name>uart_interface.obj</name>
      </input_file>
      <input_file id="fl-27">
         <path>.\tasks\</path>
         <kind>object</kind>
         <file>gps_task.obj</file>
         <name>gps_task.obj</name>
      </input_file>
      <input_file id="fl-28">
         <path>.\tasks\</path>
         <kind>object</kind>
         <file>led_task.obj</file>
         <name>led_task.obj</name>
      </input_file>
      <input_file id="fl-29">
         <path>.\tasks\</path>
         <kind>object</kind>
         <file>tasks.obj</file>
         <name>tasks.obj</name>
      </input_file>
      <input_file id="fl-2f">
         <kind>object</kind>
         <file>&lt;internal&gt;</file>
         <name>&lt;internal&gt;</name>
      </input_file>
      <input_file id="fl-4a">
         <path>C:\ti\ccs2010\ccs\tools\compiler\ti-cgt-msp430_21.6.1.LTS\lib\</path>
         <kind>archive</kind>
         <file>rts430x_lc_sd_eabi.lib</file>
         <name>div16s.asm.obj</name>
      </input_file>
      <input_file id="fl-4b">
         <path>C:\ti\ccs2010\ccs\tools\compiler\ti-cgt-msp430_21.6.1.LTS\lib\</path>
         <kind>archive</kind>
         <file>rts430x_lc_sd_eabi.lib</file>
         <name>div16u.asm.obj</name>
      </input_file>
      <input_file id="fl-4c">
         <path>C:\ti\ccs2010\ccs\tools\compiler\ti-cgt-msp430_21.6.1.LTS\lib\</path>
         <kind>archive</kind>
         <file>rts430x_lc_sd_eabi.lib</file>
         <name>div32s.asm.obj</name>
      </input_file>
      <input_file id="fl-4d">
         <path>C:\ti\ccs2010\ccs\tools\compiler\ti-cgt-msp430_21.6.1.LTS\lib\</path>
         <kind>archive</kind>
         <file>rts430x_lc_sd_eabi.lib</file>
         <name>div32u.asm.obj</name>
      </input_file>
      <input_file id="fl-4e">
         <path>C:\ti\ccs2010\ccs\tools\compiler\ti-cgt-msp430_21.6.1.LTS\lib\</path>
         <kind>archive</kind>
         <file>rts430x_lc_sd_eabi.lib</file>
         <name>int41.asm.obj</name>
      </input_file>
      <input_file id="fl-4f">
         <path>C:\ti\ccs2010\ccs\tools\compiler\ti-cgt-msp430_21.6.1.LTS\lib\</path>
         <kind>archive</kind>
         <file>rts430x_lc_sd_eabi.lib</file>
         <name>int42.asm.obj</name>
      </input_file>
      <input_file id="fl-50">
         <path>C:\ti\ccs2010\ccs\tools\compiler\ti-cgt-msp430_21.6.1.LTS\lib\</path>
         <kind>archive</kind>
         <file>rts430x_lc_sd_eabi.lib</file>
         <name>int43.asm.obj</name>
      </input_file>
      <input_file id="fl-51">
         <path>C:\ti\ccs2010\ccs\tools\compiler\ti-cgt-msp430_21.6.1.LTS\lib\</path>
         <kind>archive</kind>
         <file>rts430x_lc_sd_eabi.lib</file>
         <name>int44.asm.obj</name>
      </input_file>
      <input_file id="fl-52">
         <path>C:\ti\ccs2010\ccs\tools\compiler\ti-cgt-msp430_21.6.1.LTS\lib\</path>
         <kind>archive</kind>
         <file>rts430x_lc_sd_eabi.lib</file>
         <name>int45.asm.obj</name>
      </input_file>
      <input_file id="fl-53">
         <path>C:\ti\ccs2010\ccs\tools\compiler\ti-cgt-msp430_21.6.1.LTS\lib\</path>
         <kind>archive</kind>
         <file>rts430x_lc_sd_eabi.lib</file>
         <name>int47.asm.obj</name>
      </input_file>
      <input_file id="fl-54">
         <path>C:\ti\ccs2010\ccs\tools\compiler\ti-cgt-msp430_21.6.1.LTS\lib\</path>
         <kind>archive</kind>
         <file>rts430x_lc_sd_eabi.lib</file>
         <name>int48.asm.obj</name>
      </input_file>
      <input_file id="fl-55">
         <path>C:\ti\ccs2010\ccs\tools\compiler\ti-cgt-msp430_21.6.1.LTS\lib\</path>
         <kind>archive</kind>
         <file>rts430x_lc_sd_eabi.lib</file>
         <name>int49.asm.obj</name>
      </input_file>
      <input_file id="fl-56">
         <path>C:\ti\ccs2010\ccs\tools\compiler\ti-cgt-msp430_21.6.1.LTS\lib\</path>
         <kind>archive</kind>
         <file>rts430x_lc_sd_eabi.lib</file>
         <name>int50.asm.obj</name>
      </input_file>
      <input_file id="fl-57">
         <path>C:\ti\ccs2010\ccs\tools\compiler\ti-cgt-msp430_21.6.1.LTS\lib\</path>
         <kind>archive</kind>
         <file>rts430x_lc_sd_eabi.lib</file>
         <name>int51.asm.obj</name>
      </input_file>
      <input_file id="fl-58">
         <path>C:\ti\ccs2010\ccs\tools\compiler\ti-cgt-msp430_21.6.1.LTS\lib\</path>
         <kind>archive</kind>
         <file>rts430x_lc_sd_eabi.lib</file>
         <name>int52.asm.obj</name>
      </input_file>
      <input_file id="fl-59">
         <path>C:\ti\ccs2010\ccs\tools\compiler\ti-cgt-msp430_21.6.1.LTS\lib\</path>
         <kind>archive</kind>
         <file>rts430x_lc_sd_eabi.lib</file>
         <name>int53.asm.obj</name>
      </input_file>
      <input_file id="fl-5a">
         <path>C:\ti\ccs2010\ccs\tools\compiler\ti-cgt-msp430_21.6.1.LTS\lib\</path>
         <kind>archive</kind>
         <file>rts430x_lc_sd_eabi.lib</file>
         <name>int54.asm.obj</name>
      </input_file>
      <input_file id="fl-5b">
         <path>C:\ti\ccs2010\ccs\tools\compiler\ti-cgt-msp430_21.6.1.LTS\lib\</path>
         <kind>archive</kind>
         <file>rts430x_lc_sd_eabi.lib</file>
         <name>int55.asm.obj</name>
      </input_file>
      <input_file id="fl-5c">
         <path>C:\ti\ccs2010\ccs\tools\compiler\ti-cgt-msp430_21.6.1.LTS\lib\</path>
         <kind>archive</kind>
         <file>rts430x_lc_sd_eabi.lib</file>
         <name>int57.asm.obj</name>
      </input_file>
      <input_file id="fl-5d">
         <path>C:\ti\ccs2010\ccs\tools\compiler\ti-cgt-msp430_21.6.1.LTS\lib\</path>
         <kind>archive</kind>
         <file>rts430x_lc_sd_eabi.lib</file>
         <name>int58.asm.obj</name>
      </input_file>
      <input_file id="fl-5e">
         <path>C:\ti\ccs2010\ccs\tools\compiler\ti-cgt-msp430_21.6.1.LTS\lib\</path>
         <kind>archive</kind>
         <file>rts430x_lc_sd_eabi.lib</file>
         <name>isr_trap.asm.obj</name>
      </input_file>
      <input_file id="fl-5f">
         <path>C:\ti\ccs2010\ccs\tools\compiler\ti-cgt-msp430_21.6.1.LTS\lib\</path>
         <kind>archive</kind>
         <file>rts430x_lc_sd_eabi.lib</file>
         <name>lsl16.asm.obj</name>
      </input_file>
      <input_file id="fl-60">
         <path>C:\ti\ccs2010\ccs\tools\compiler\ti-cgt-msp430_21.6.1.LTS\lib\</path>
         <kind>archive</kind>
         <file>rts430x_lc_sd_eabi.lib</file>
         <name>mult16.asm.obj</name>
      </input_file>
      <input_file id="fl-61">
         <path>C:\ti\ccs2010\ccs\tools\compiler\ti-cgt-msp430_21.6.1.LTS\lib\</path>
         <kind>archive</kind>
         <file>rts430x_lc_sd_eabi.lib</file>
         <name>mult16_f5hw.asm.obj</name>
      </input_file>
      <input_file id="fl-62">
         <path>C:\ti\ccs2010\ccs\tools\compiler\ti-cgt-msp430_21.6.1.LTS\lib\</path>
         <kind>archive</kind>
         <file>rts430x_lc_sd_eabi.lib</file>
         <name>mult1632_f5hw.asm.obj</name>
      </input_file>
      <input_file id="fl-63">
         <path>C:\ti\ccs2010\ccs\tools\compiler\ti-cgt-msp430_21.6.1.LTS\lib\</path>
         <kind>archive</kind>
         <file>rts430x_lc_sd_eabi.lib</file>
         <name>mult32.asm.obj</name>
      </input_file>
      <input_file id="fl-64">
         <path>C:\ti\ccs2010\ccs\tools\compiler\ti-cgt-msp430_21.6.1.LTS\lib\</path>
         <kind>archive</kind>
         <file>rts430x_lc_sd_eabi.lib</file>
         <name>mult32_f5hw.asm.obj</name>
      </input_file>
      <input_file id="fl-65">
         <path>C:\ti\ccs2010\ccs\tools\compiler\ti-cgt-msp430_21.6.1.LTS\lib\</path>
         <kind>archive</kind>
         <file>rts430x_lc_sd_eabi.lib</file>
         <name>mult3264_f5hw.asm.obj</name>
      </input_file>
      <input_file id="fl-66">
         <path>C:\ti\ccs2010\ccs\tools\compiler\ti-cgt-msp430_21.6.1.LTS\lib\</path>
         <kind>archive</kind>
         <file>rts430x_lc_sd_eabi.lib</file>
         <name>mult64_f5hw.asm.obj</name>
      </input_file>
      <input_file id="fl-67">
         <path>C:\ti\ccs2010\ccs\tools\compiler\ti-cgt-msp430_21.6.1.LTS\lib\</path>
         <kind>archive</kind>
         <file>rts430x_lc_sd_eabi.lib</file>
         <name>boot.c.obj</name>
      </input_file>
      <input_file id="fl-68">
         <path>C:\ti\ccs2010\ccs\tools\compiler\ti-cgt-msp430_21.6.1.LTS\lib\</path>
         <kind>archive</kind>
         <file>rts430x_lc_sd_eabi.lib</file>
         <name>autoinit.c.obj</name>
      </input_file>
      <input_file id="fl-69">
         <path>C:\ti\ccs2010\ccs\tools\compiler\ti-cgt-msp430_21.6.1.LTS\lib\</path>
         <kind>archive</kind>
         <file>rts430x_lc_sd_eabi.lib</file>
         <name>copy_zero_init.c.obj</name>
      </input_file>
      <input_file id="fl-6a">
         <path>C:\ti\ccs2010\ccs\tools\compiler\ti-cgt-msp430_21.6.1.LTS\lib\</path>
         <kind>archive</kind>
         <file>rts430x_lc_sd_eabi.lib</file>
         <name>cpy_tbl.c.obj</name>
      </input_file>
      <input_file id="fl-6b">
         <path>C:\ti\ccs2010\ccs\tools\compiler\ti-cgt-msp430_21.6.1.LTS\lib\</path>
         <kind>archive</kind>
         <file>rts430x_lc_sd_eabi.lib</file>
         <name>mpu_init.c.obj</name>
      </input_file>
      <input_file id="fl-6c">
         <path>C:\ti\ccs2010\ccs\tools\compiler\ti-cgt-msp430_21.6.1.LTS\lib\</path>
         <kind>archive</kind>
         <file>rts430x_lc_sd_eabi.lib</file>
         <name>pre_init.c.obj</name>
      </input_file>
      <input_file id="fl-6d">
         <path>C:\ti\ccs2010\ccs\tools\compiler\ti-cgt-msp430_21.6.1.LTS\lib\</path>
         <kind>archive</kind>
         <file>rts430x_lc_sd_eabi.lib</file>
         <name>startup.c.obj</name>
      </input_file>
      <input_file id="fl-6e">
         <path>C:\ti\ccs2010\ccs\tools\compiler\ti-cgt-msp430_21.6.1.LTS\lib\</path>
         <kind>archive</kind>
         <file>rts430x_lc_sd_eabi.lib</file>
         <name>copy_decompress_none.c.obj</name>
      </input_file>
      <input_file id="fl-6f">
         <path>C:\ti\ccs2010\ccs\tools\compiler\ti-cgt-msp430_21.6.1.LTS\lib\</path>
         <kind>archive</kind>
         <file>rts430x_lc_sd_eabi.lib</file>
         <name>copy_decompress_lzss.c.obj</name>
      </input_file>
      <input_file id="fl-70">
         <path>C:\ti\ccs2010\ccs\tools\compiler\ti-cgt-msp430_21.6.1.LTS\lib\</path>
         <kind>archive</kind>
         <file>rts430x_lc_sd_eabi.lib</file>
         <name>exit.c.obj</name>
      </input_file>
      <input_file id="fl-71">
         <path>C:\ti\ccs2010\ccs\tools\compiler\ti-cgt-msp430_21.6.1.LTS\lib\</path>
         <kind>archive</kind>
         <file>rts430x_lc_sd_eabi.lib</file>
         <name>_lock.c.obj</name>
      </input_file>
      <input_file id="fl-72">
         <path>C:\ti\ccs2010\ccs\tools\compiler\ti-cgt-msp430_21.6.1.LTS\lib\</path>
         <kind>archive</kind>
         <file>rts430x_lc_sd_eabi.lib</file>
         <name>args_main.c.obj</name>
      </input_file>
      <input_file id="fl-73">
         <path>C:\ti\ccs2010\ccs\tools\compiler\ti-cgt-msp430_21.6.1.LTS\lib\</path>
         <kind>archive</kind>
         <file>rts430x_lc_sd_eabi.lib</file>
         <name>memcpy.c.obj</name>
      </input_file>
      <input_file id="fl-74">
         <path>C:\ti\ccs2010\ccs\tools\compiler\ti-cgt-msp430_21.6.1.LTS\lib\</path>
         <kind>archive</kind>
         <file>rts430x_lc_sd_eabi.lib</file>
         <name>memset.c.obj</name>
      </input_file>
      <input_file id="fl-75">
         <path>C:\ti\ccs2010\ccs\tools\compiler\ti-cgt-msp430_21.6.1.LTS\lib\</path>
         <kind>archive</kind>
         <file>rts430x_lc_sd_eabi.lib</file>
         <name>strlen.c.obj</name>
      </input_file>
      <input_file id="fl-76">
         <path>C:\ti\ccs2010\ccs\tools\compiler\ti-cgt-msp430_21.6.1.LTS\lib\</path>
         <kind>archive</kind>
         <file>rts430x_lc_sd_eabi.lib</file>
         <name>cpy_util.asm.obj</name>
      </input_file>
      <input_file id="fl-77">
         <path>C:\ti\ccs2010\ccs\tools\compiler\ti-cgt-msp430_21.6.1.LTS\lib\</path>
         <kind>archive</kind>
         <file>rts430x_lc_sd_eabi.lib</file>
         <name>exit_gvars.c.obj</name>
      </input_file>
   </input_file_list>
   <object_component_list>
      <object_component id="oc-7d5">
         <name>.cinit..data.load</name>
         <load_address>0xc400</load_address>
         <run_address>0xc400</run_address>
         <size>0x10</size>
      </object_component>
      <object_component id="oc-7d2">
         <name>__TI_handler_table</name>
         <load_address>0xc410</load_address>
         <run_address>0xc410</run_address>
         <size>0xc</size>
      </object_component>
      <object_component id="oc-7d4">
         <name>.cinit..bss.load</name>
         <load_address>0xc41c</load_address>
         <run_address>0xc41c</run_address>
         <size>0x6</size>
      </object_component>
      <object_component id="oc-7d3">
         <name>__TI_cinit_table</name>
         <load_address>0xc422</load_address>
         <run_address>0xc422</run_address>
         <size>0x10</size>
      </object_component>
      <object_component id="oc-76a">
         <name>.binit</name>
         <load_address>0xc432</load_address>
         <run_address>0xc432</run_address>
         <size>0x0</size>
      </object_component>
      <object_component id="oc-4a5">
         <name>.const:.string</name>
         <load_address>0xc432</load_address>
         <run_address>0xc432</run_address>
         <size>0x28</size>
         <input_file_ref idref="fl-29"/>
      </object_component>
      <object_component id="oc-443">
         <name>.const:GPIO_PORT_TO_BASE</name>
         <load_address>0xc45a</load_address>
         <run_address>0xc45a</run_address>
         <size>0x1c</size>
         <input_file_ref idref="fl-16"/>
      </object_component>
      <object_component id="oc-589">
         <name>.const:.string</name>
         <load_address>0xc476</load_address>
         <run_address>0xc476</run_address>
         <size>0x8</size>
         <input_file_ref idref="fl-27"/>
      </object_component>
      <object_component id="oc-5c1">
         <name>.const:.string</name>
         <load_address>0xc47e</load_address>
         <run_address>0xc47e</run_address>
         <size>0x8</size>
         <input_file_ref idref="fl-9"/>
      </object_component>
      <object_component id="oc-723">
         <name>.const:$P$T0$2</name>
         <load_address>0xc486</load_address>
         <run_address>0xc486</run_address>
         <size>0x6</size>
         <input_file_ref idref="fl-9"/>
      </object_component>
      <object_component id="oc-592">
         <name>.const:.string</name>
         <load_address>0xc48c</load_address>
         <run_address>0xc48c</run_address>
         <size>0x6</size>
         <input_file_ref idref="fl-8"/>
      </object_component>
      <object_component id="oc-4c5">
         <name>.const</name>
         <load_address>0xc492</load_address>
         <run_address>0xc492</run_address>
         <size>0x2</size>
         <input_file_ref idref="fl-8"/>
      </object_component>
      <object_component id="oc-561">
         <name>.text:xQueueSemaphoreTake</name>
         <load_address>0xc494</load_address>
         <run_address>0xc494</run_address>
         <size>0x1cc</size>
         <input_file_ref idref="fl-6"/>
      </object_component>
      <object_component id="oc-3a1">
         <name>.text:xQueueGenericSend</name>
         <load_address>0xc660</load_address>
         <run_address>0xc660</run_address>
         <size>0x17e</size>
         <input_file_ref idref="fl-6"/>
      </object_component>
      <object_component id="oc-478">
         <name>.text:xTaskResumeAll</name>
         <load_address>0xc7de</load_address>
         <run_address>0xc7de</run_address>
         <size>0x16c</size>
         <input_file_ref idref="fl-8"/>
      </object_component>
      <object_component id="oc-732">
         <name>.text:xQueueReceive</name>
         <load_address>0xc94a</load_address>
         <run_address>0xc94a</run_address>
         <size>0x16a</size>
         <input_file_ref idref="fl-6"/>
      </object_component>
      <object_component id="oc-36d">
         <name>.text:xTaskIncrementTick</name>
         <load_address>0xcab4</load_address>
         <run_address>0xcab4</run_address>
         <size>0x15c</size>
         <input_file_ref idref="fl-8"/>
      </object_component>
      <object_component id="oc-44d">
         <name>.text:pvPortMalloc</name>
         <load_address>0xcc10</load_address>
         <run_address>0xcc10</run_address>
         <size>0x12a</size>
         <input_file_ref idref="fl-c"/>
      </object_component>
      <object_component id="oc-35a">
         <name>.text:xTaskRemoveFromEventList</name>
         <load_address>0xcd3a</load_address>
         <run_address>0xcd3a</run_address>
         <size>0x128</size>
         <input_file_ref idref="fl-8"/>
      </object_component>
      <object_component id="oc-6b3">
         <name>.text:prvProcessReceivedCommands</name>
         <load_address>0xce62</load_address>
         <run_address>0xce62</run_address>
         <size>0xf4</size>
         <input_file_ref idref="fl-9"/>
      </object_component>
      <object_component id="oc-68">
         <name>.text:decompress:lzss:__TI_decompress_lzss</name>
         <load_address>0xcf56</load_address>
         <run_address>0xcf56</run_address>
         <size>0xee</size>
         <input_file_ref idref="fl-6f"/>
      </object_component>
      <object_component id="oc-633">
         <name>.text:xTaskPriorityInherit</name>
         <load_address>0xd044</load_address>
         <run_address>0xd044</run_address>
         <size>0xd8</size>
         <input_file_ref idref="fl-8"/>
      </object_component>
      <object_component id="oc-63f">
         <name>.text:vTaskPriorityDisinheritAfterTimeout</name>
         <load_address>0xd11c</load_address>
         <run_address>0xd11c</run_address>
         <size>0xd2</size>
         <input_file_ref idref="fl-8"/>
      </object_component>
      <object_component id="oc-57b">
         <name>.text:prvAddNewTaskToReadyList</name>
         <load_address>0xd1ee</load_address>
         <run_address>0xd1ee</run_address>
         <size>0xd0</size>
         <input_file_ref idref="fl-8"/>
      </object_component>
      <object_component id="oc-65c">
         <name>.text:prvInitialiseNewTask</name>
         <load_address>0xd2be</load_address>
         <run_address>0xd2be</run_address>
         <size>0xcc</size>
         <input_file_ref idref="fl-8"/>
      </object_component>
      <object_component id="oc-373">
         <name>.text:vTaskSwitchContext</name>
         <load_address>0xd38a</load_address>
         <run_address>0xd38a</run_address>
         <size>0xc8</size>
         <input_file_ref idref="fl-8"/>
      </object_component>
      <object_component id="oc-531">
         <name>.text:xQueueGenericReset</name>
         <load_address>0xd452</load_address>
         <run_address>0xd452</run_address>
         <size>0xc8</size>
         <input_file_ref idref="fl-6"/>
      </object_component>
      <object_component id="oc-497">
         <name>.text:Software_Trim</name>
         <load_address>0xd51a</load_address>
         <run_address>0xd51a</run_address>
         <size>0xbe</size>
         <input_file_ref idref="fl-23"/>
      </object_component>
      <object_component id="oc-552">
         <name>.text:xTaskPriorityDisinherit</name>
         <load_address>0xd5d8</load_address>
         <run_address>0xd5d8</run_address>
         <size>0xbc</size>
         <input_file_ref idref="fl-8"/>
      </object_component>
      <object_component id="oc-2de">
         <name>.text</name>
         <load_address>0xd694</load_address>
         <run_address>0xd694</run_address>
         <size>0xb4</size>
         <input_file_ref idref="fl-b"/>
      </object_component>
      <object_component id="oc-4b9">
         <name>.text:prvCreateIdleTasks</name>
         <load_address>0xd748</load_address>
         <run_address>0xd748</run_address>
         <size>0xa8</size>
         <input_file_ref idref="fl-8"/>
      </object_component>
      <object_component id="oc-472">
         <name>.text:prvUnlockQueue</name>
         <load_address>0xd7f0</load_address>
         <run_address>0xd7f0</run_address>
         <size>0x9e</size>
         <input_file_ref idref="fl-6"/>
      </object_component>
      <object_component id="oc-685">
         <name>.text:prvCreateStaticTask</name>
         <load_address>0xd88e</load_address>
         <run_address>0xd88e</run_address>
         <size>0x9c</size>
         <input_file_ref idref="fl-8"/>
      </object_component>
      <object_component id="oc-54b">
         <name>.text:prvAddCurrentTaskToDelayedList</name>
         <load_address>0xd92a</load_address>
         <run_address>0xd92a</run_address>
         <size>0x98</size>
         <input_file_ref idref="fl-8"/>
      </object_component>
      <object_component id="oc-2d8">
         <name>.text:xQueueGiveFromISR</name>
         <load_address>0xd9c2</load_address>
         <run_address>0xd9c2</run_address>
         <size>0x94</size>
         <input_file_ref idref="fl-6"/>
      </object_component>
      <object_component id="oc-58a">
         <name>.text:uart_read_line_pattern</name>
         <load_address>0xda56</load_address>
         <run_address>0xda56</run_address>
         <size>0x8a</size>
         <input_file_ref idref="fl-26"/>
      </object_component>
      <object_component id="oc-48a">
         <name>.text:prvCopyDataToQueue</name>
         <load_address>0xdae0</load_address>
         <run_address>0xdae0</run_address>
         <size>0x86</size>
         <input_file_ref idref="fl-6"/>
      </object_component>
      <object_component id="oc-27f">
         <name>.text:_isr:USCI_A0_ISR</name>
         <load_address>0xdb66</load_address>
         <run_address>0xdb66</run_address>
         <size>0x84</size>
         <input_file_ref idref="fl-24"/>
      </object_component>
      <object_component id="oc-650">
         <name>.text:vPortFree</name>
         <load_address>0xdbea</load_address>
         <run_address>0xdbea</run_address>
         <size>0x80</size>
         <input_file_ref idref="fl-c"/>
      </object_component>
      <object_component id="oc-575">
         <name>.text:prvCreateTask</name>
         <load_address>0xdc6a</load_address>
         <run_address>0xdc6a</run_address>
         <size>0x7e</size>
         <input_file_ref idref="fl-8"/>
      </object_component>
      <object_component id="oc-46c">
         <name>.text:xTaskCheckForTimeOut</name>
         <load_address>0xdce8</load_address>
         <run_address>0xdce8</run_address>
         <size>0x78</size>
         <input_file_ref idref="fl-8"/>
      </object_component>
      <object_component id="oc-4bf">
         <name>.text:xTimerCreateTimerTask</name>
         <load_address>0xdd60</load_address>
         <run_address>0xdd60</run_address>
         <size>0x74</size>
         <input_file_ref idref="fl-9"/>
      </object_component>
      <object_component id="oc-6df">
         <name>.text:prvInsertBlockIntoFreeList</name>
         <load_address>0xddd4</load_address>
         <run_address>0xddd4</run_address>
         <size>0x70</size>
         <input_file_ref idref="fl-c"/>
      </object_component>
      <object_component id="oc-39a">
         <name>.text:xQueueGenericCreate</name>
         <load_address>0xde44</load_address>
         <run_address>0xde44</run_address>
         <size>0x6c</size>
         <input_file_ref idref="fl-6"/>
      </object_component>
      <object_component id="oc-3e4">
         <name>.text:__TI_auto_init_nobinit_nopinit_hold_wdt:__TI_auto_init_nobinit_nopinit_hold_wdt</name>
         <load_address>0xdeb0</load_address>
         <run_address>0xdeb0</run_address>
         <size>0x6a</size>
         <input_file_ref idref="fl-68"/>
      </object_component>
      <object_component id="oc-699">
         <name>.text:xQueueGenericCreateStatic</name>
         <load_address>0xdf1a</load_address>
         <run_address>0xdf1a</run_address>
         <size>0x6a</size>
         <input_file_ref idref="fl-6"/>
      </object_component>
      <object_component id="oc-6ad">
         <name>.text:prvProcessTimerOrBlockTask</name>
         <load_address>0xdf84</load_address>
         <run_address>0xdf84</run_address>
         <size>0x68</size>
         <input_file_ref idref="fl-9"/>
      </object_component>
      <object_component id="oc-5a9">
         <name>.text:prvCheckForValidListAndQueue</name>
         <load_address>0xdfec</load_address>
         <run_address>0xdfec</run_address>
         <size>0x62</size>
         <input_file_ref idref="fl-9"/>
      </object_component>
      <object_component id="oc-753">
         <name>.text:vTaskPlaceOnEventListRestricted</name>
         <load_address>0xe04e</load_address>
         <run_address>0xe04e</run_address>
         <size>0x62</size>
         <input_file_ref idref="fl-8"/>
      </object_component>
      <object_component id="oc-663">
         <name>.text:prvInitialiseTaskLists</name>
         <load_address>0xe0b0</load_address>
         <run_address>0xe0b0</run_address>
         <size>0x5e</size>
         <input_file_ref idref="fl-8"/>
      </object_component>
      <object_component id="oc-3b3">
         <name>.text:init_tasks</name>
         <load_address>0xe10e</load_address>
         <run_address>0xe10e</run_address>
         <size>0x54</size>
         <input_file_ref idref="fl-29"/>
      </object_component>
      <object_component id="oc-302">
         <name>.text:main</name>
         <load_address>0xe162</load_address>
         <run_address>0xe162</run_address>
         <size>0x52</size>
         <input_file_ref idref="fl-2"/>
      </object_component>
      <object_component id="oc-523">
         <name>.text:prvHeapInit</name>
         <load_address>0xe1b4</load_address>
         <run_address>0xe1b4</run_address>
         <size>0x52</size>
         <input_file_ref idref="fl-c"/>
      </object_component>
      <object_component id="oc-716">
         <name>.text:vQueueWaitForMessageRestricted</name>
         <load_address>0xe206</load_address>
         <run_address>0xe206</run_address>
         <size>0x50</size>
         <input_file_ref idref="fl-6"/>
      </object_component>
      <object_component id="oc-67e">
         <name>.text:prvCheckTasksWaitingTermination</name>
         <load_address>0xe256</load_address>
         <run_address>0xe256</run_address>
         <size>0x4e</size>
         <input_file_ref idref="fl-8"/>
      </object_component>
      <object_component id="oc-726">
         <name>.text:prvInsertTimerInActiveList</name>
         <load_address>0xe2a4</load_address>
         <run_address>0xe2a4</run_address>
         <size>0x48</size>
         <input_file_ref idref="fl-9"/>
      </object_component>
      <object_component id="oc-671">
         <name>.text:uart_read_byte</name>
         <load_address>0xe2ec</load_address>
         <run_address>0xe2ec</run_address>
         <size>0x48</size>
         <input_file_ref idref="fl-26"/>
      </object_component>
      <object_component id="oc-59f">
         <name>.text:xTaskCreateStatic</name>
         <load_address>0xe334</load_address>
         <run_address>0xe334</run_address>
         <size>0x42</size>
         <input_file_ref idref="fl-8"/>
      </object_component>
      <object_component id="oc-26e">
         <name>.text:__memcpy_far</name>
         <load_address>0xe376</load_address>
         <run_address>0xe376</run_address>
         <size>0x40</size>
         <input_file_ref idref="fl-76"/>
      </object_component>
      <object_component id="oc-291">
         <name>.text:decompress:ZI:__TI_zero_init</name>
         <load_address>0xe3b6</load_address>
         <run_address>0xe3b6</run_address>
         <size>0x3e</size>
         <input_file_ref idref="fl-69"/>
      </object_component>
      <object_component id="oc-6e">
         <name>.text:decompress:none:__TI_decompress_none</name>
         <load_address>0xe3f4</load_address>
         <run_address>0xe3f4</run_address>
         <size>0x3c</size>
         <input_file_ref idref="fl-6e"/>
      </object_component>
      <object_component id="oc-71c">
         <name>.text:prvProcessExpiredTimer</name>
         <load_address>0xe430</load_address>
         <run_address>0xe430</run_address>
         <size>0x3c</size>
         <input_file_ref idref="fl-9"/>
      </object_component>
      <object_component id="oc-545">
         <name>.text:vListInsert</name>
         <load_address>0xe46c</load_address>
         <run_address>0xe46c</run_address>
         <size>0x3c</size>
         <input_file_ref idref="fl-5"/>
      </object_component>
      <object_component id="oc-3a7">
         <name>.text:init_clocks</name>
         <load_address>0xe4a8</load_address>
         <run_address>0xe4a8</run_address>
         <size>0x38</size>
         <input_file_ref idref="fl-23"/>
      </object_component>
      <object_component id="oc-3b9">
         <name>.text:vTaskStartScheduler</name>
         <load_address>0xe4e0</load_address>
         <run_address>0xe4e0</run_address>
         <size>0x38</size>
         <input_file_ref idref="fl-8"/>
      </object_component>
      <object_component id="oc-704">
         <name>.text:prvDeleteTCB</name>
         <load_address>0xe518</load_address>
         <run_address>0xe518</run_address>
         <size>0x36</size>
         <input_file_ref idref="fl-8"/>
      </object_component>
      <object_component id="oc-4ac">
         <name>.text:vLedTurnOffTask</name>
         <load_address>0xe54e</load_address>
         <run_address>0xe54e</run_address>
         <size>0x36</size>
         <input_file_ref idref="fl-28"/>
      </object_component>
      <object_component id="oc-49f">
         <name>.text:vLedTurnOnTask</name>
         <load_address>0xe584</load_address>
         <run_address>0xe584</run_address>
         <size>0x36</size>
         <input_file_ref idref="fl-28"/>
      </object_component>
      <object_component id="oc-3ad">
         <name>.text:init_UART</name>
         <load_address>0xe5ba</load_address>
         <run_address>0xe5ba</run_address>
         <size>0x30</size>
         <input_file_ref idref="fl-24"/>
      </object_component>
      <object_component id="oc-72c">
         <name>.text:prvReloadTimer</name>
         <load_address>0xe5ea</load_address>
         <run_address>0xe5ea</run_address>
         <size>0x30</size>
         <input_file_ref idref="fl-9"/>
      </object_component>
      <object_component id="oc-61b">
         <name>.text:uxListRemove</name>
         <load_address>0xe61a</load_address>
         <run_address>0xe61a</run_address>
         <size>0x30</size>
         <input_file_ref idref="fl-5"/>
      </object_component>
      <object_component id="oc-56d">
         <name>.text:vTaskDelay</name>
         <load_address>0xe64a</load_address>
         <run_address>0xe64a</run_address>
         <size>0x30</size>
         <input_file_ref idref="fl-8"/>
      </object_component>
      <object_component id="oc-47e">
         <name>.text:prvIsQueueFull</name>
         <load_address>0xe67a</load_address>
         <run_address>0xe67a</run_address>
         <size>0x2e</size>
         <input_file_ref idref="fl-6"/>
      </object_component>
      <object_component id="oc-62d">
         <name>.text:prvIsQueueEmpty</name>
         <load_address>0xe6a8</load_address>
         <run_address>0xe6a8</run_address>
         <size>0x2c</size>
         <input_file_ref idref="fl-6"/>
      </object_component>
      <object_component id="oc-4a6">
         <name>.text:xTaskCreate</name>
         <load_address>0xe6d4</load_address>
         <run_address>0xe6d4</run_address>
         <size>0x2c</size>
         <input_file_ref idref="fl-8"/>
      </object_component>
      <object_component id="oc-75f">
         <name>.text:prvCopyDataFromQueue</name>
         <load_address>0xe700</load_address>
         <run_address>0xe700</run_address>
         <size>0x2a</size>
         <input_file_ref idref="fl-6"/>
      </object_component>
      <object_component id="oc-484">
         <name>.text:vTaskPlaceOnEventList</name>
         <load_address>0xe72a</load_address>
         <run_address>0xe72a</run_address>
         <size>0x2a</size>
         <input_file_ref idref="fl-8"/>
      </object_component>
      <object_component id="oc-6a7">
         <name>.text:prvGetNextExpireTime</name>
         <load_address>0xe754</load_address>
         <run_address>0xe754</run_address>
         <size>0x28</size>
         <input_file_ref idref="fl-9"/>
      </object_component>
      <object_component id="oc-714">
         <name>.text:prvSampleTimeNow</name>
         <load_address>0xe77c</load_address>
         <run_address>0xe77c</run_address>
         <size>0x28</size>
         <input_file_ref idref="fl-9"/>
      </object_component>
      <object_component id="oc-491">
         <name>.text:Init_GPIO</name>
         <load_address>0xe7a4</load_address>
         <run_address>0xe7a4</run_address>
         <size>0x26</size>
         <input_file_ref idref="fl-23"/>
      </object_component>
      <object_component id="oc-74d">
         <name>.text:prvSwitchTimerLists</name>
         <load_address>0xe7ca</load_address>
         <run_address>0xe7ca</run_address>
         <size>0x24</size>
         <input_file_ref idref="fl-9"/>
      </object_component>
      <object_component id="oc-747">
         <name>.text:xTaskGetTickCount</name>
         <load_address>0xe7ee</load_address>
         <run_address>0xe7ee</run_address>
         <size>0x24</size>
         <input_file_ref idref="fl-8"/>
      </object_component>
      <object_component id="oc-379">
         <name>.text:vApplicationSetupTimerInterrupt</name>
         <load_address>0xe812</load_address>
         <run_address>0xe812</run_address>
         <size>0x22</size>
         <input_file_ref idref="fl-25"/>
      </object_component>
      <object_component id="oc-611">
         <name>.text:vListInitialise</name>
         <load_address>0xe834</load_address>
         <run_address>0xe834</run_address>
         <size>0x22</size>
         <input_file_ref idref="fl-5"/>
      </object_component>
      <object_component id="oc-453">
         <name>.text:prvInitialiseNewQueue</name>
         <load_address>0xe856</load_address>
         <run_address>0xe856</run_address>
         <size>0x20</size>
         <input_file_ref idref="fl-6"/>
      </object_component>
      <object_component id="oc-6ee">
         <name>.text:pxPortInitialiseStack</name>
         <load_address>0xe876</load_address>
         <run_address>0xe876</run_address>
         <size>0x20</size>
         <input_file_ref idref="fl-a"/>
      </object_component>
      <object_component id="oc-38e">
         <name>.text:GPIO_setAsOutputPin</name>
         <load_address>0xe896</load_address>
         <run_address>0xe896</run_address>
         <size>0x1e</size>
         <input_file_ref idref="fl-16"/>
      </object_component>
      <object_component id="oc-433">
         <name>.text:prvResetNextTaskUnblockTime</name>
         <load_address>0xe8b4</load_address>
         <run_address>0xe8b4</run_address>
         <size>0x1e</size>
         <input_file_ref idref="fl-8"/>
      </object_component>
      <object_component id="oc-29d">
         <name>.text:_isr:_c_int00_noargs</name>
         <load_address>0xe8d2</load_address>
         <run_address>0xe8d2</run_address>
         <size>0x1c</size>
         <input_file_ref idref="fl-67"/>
      </object_component>
      <object_component id="oc-4b2">
         <name>.text:vGet_GPS</name>
         <load_address>0xe8ee</load_address>
         <run_address>0xe8ee</run_address>
         <size>0x1a</size>
         <input_file_ref idref="fl-27"/>
      </object_component>
      <object_component id="oc-405">
         <name>.text</name>
         <load_address>0xe908</load_address>
         <run_address>0xe908</run_address>
         <size>0x18</size>
         <input_file_ref idref="fl-61"/>
      </object_component>
      <object_component id="oc-45a">
         <name>.text:xTaskGetSchedulerState</name>
         <load_address>0xe920</load_address>
         <run_address>0xe920</run_address>
         <size>0x18</size>
         <input_file_ref idref="fl-8"/>
      </object_component>
      <object_component id="oc-567">
         <name>.text:GPIO_setOutputHighOnPin</name>
         <load_address>0xe938</load_address>
         <run_address>0xe938</run_address>
         <size>0x16</size>
         <input_file_ref idref="fl-16"/>
      </object_component>
      <object_component id="oc-582">
         <name>.text:GPIO_setOutputLowOnPin</name>
         <load_address>0xe94e</load_address>
         <run_address>0xe94e</run_address>
         <size>0x16</size>
         <input_file_ref idref="fl-16"/>
      </object_component>
      <object_component id="oc-388">
         <name>.text:WDT_A_hold</name>
         <load_address>0xe964</load_address>
         <run_address>0xe964</run_address>
         <size>0x16</size>
         <input_file_ref idref="fl-22"/>
      </object_component>
      <object_component id="oc-639">
         <name>.text:prvGetDisinheritPriorityAfterTimeout</name>
         <load_address>0xe97a</load_address>
         <run_address>0xe97a</run_address>
         <size>0x16</size>
         <input_file_ref idref="fl-6"/>
      </object_component>
      <object_component id="oc-5bb">
         <name>.text:prvTimerTask</name>
         <load_address>0xe990</load_address>
         <run_address>0xe990</run_address>
         <size>0x16</size>
         <input_file_ref idref="fl-9"/>
      </object_component>
      <object_component id="oc-448">
         <name>.text</name>
         <load_address>0xe9a6</load_address>
         <run_address>0xe9a6</run_address>
         <size>0x16</size>
         <input_file_ref idref="fl-4b"/>
      </object_component>
      <object_component id="oc-656">
         <name>.text:memset</name>
         <load_address>0xe9bc</load_address>
         <run_address>0xe9bc</run_address>
         <size>0x14</size>
         <input_file_ref idref="fl-74"/>
      </object_component>
      <object_component id="oc-593">
         <name>.text:vApplicationGetIdleTaskMemory</name>
         <load_address>0xe9d0</load_address>
         <run_address>0xe9d0</run_address>
         <size>0x14</size>
         <input_file_ref idref="fl-8"/>
      </object_component>
      <object_component id="oc-5b5">
         <name>.text:vApplicationGetTimerTaskMemory</name>
         <load_address>0xe9e4</load_address>
         <run_address>0xe9e4</run_address>
         <size>0x14</size>
         <input_file_ref idref="fl-8"/>
      </object_component>
      <object_component id="oc-558">
         <name>.text:memcpy</name>
         <load_address>0xe9f8</load_address>
         <run_address>0xe9f8</run_address>
         <size>0x12</size>
         <input_file_ref idref="fl-73"/>
      </object_component>
      <object_component id="oc-599">
         <name>.text:prvIdleTask</name>
         <load_address>0xea0a</load_address>
         <run_address>0xea0a</run_address>
         <size>0x12</size>
         <input_file_ref idref="fl-8"/>
      </object_component>
      <object_component id="oc-285">
         <name>.text:_isr:vTickISREntry</name>
         <load_address>0xea1c</load_address>
         <run_address>0xea1c</run_address>
         <size>0x10</size>
         <input_file_ref idref="fl-a"/>
      </object_component>
      <object_component id="oc-645">
         <name>.text:pvTaskIncrementMutexHeldCount</name>
         <load_address>0xea2c</load_address>
         <run_address>0xea2c</run_address>
         <size>0xe</size>
         <input_file_ref idref="fl-8"/>
      </object_component>
      <object_component id="oc-66b">
         <name>.text:strlen</name>
         <load_address>0xea3a</load_address>
         <run_address>0xea3a</run_address>
         <size>0xe</size>
         <input_file_ref idref="fl-75"/>
      </object_component>
      <object_component id="oc-460">
         <name>.text:vTaskInternalSetTimeOutState</name>
         <load_address>0xea48</load_address>
         <run_address>0xea48</run_address>
         <size>0xe</size>
         <input_file_ref idref="fl-8"/>
      </object_component>
      <object_component id="oc-27a">
         <name>.text:_isr:__TI_ISR_TRAP</name>
         <load_address>0xea56</load_address>
         <run_address>0xea56</run_address>
         <size>0x8</size>
         <input_file_ref idref="fl-5e"/>
      </object_component>
      <object_component id="oc-394">
         <name>.text:PMM_unlockLPM5</name>
         <load_address>0xea5e</load_address>
         <run_address>0xea5e</run_address>
         <size>0x6</size>
         <input_file_ref idref="fl-19"/>
      </object_component>
      <object_component id="oc-3c0">
         <name>.text:abort</name>
         <load_address>0xea64</load_address>
         <run_address>0xea64</run_address>
         <size>0x6</size>
         <input_file_ref idref="fl-70"/>
      </object_component>
      <object_component id="oc-354">
         <name>.text:uxTaskGetNumberOfTasks</name>
         <load_address>0xea6a</load_address>
         <run_address>0xea6a</run_address>
         <size>0x6</size>
         <input_file_ref idref="fl-8"/>
      </object_component>
      <object_component id="oc-6e8">
         <name>.text:vListInitialiseItem</name>
         <load_address>0xea70</load_address>
         <run_address>0xea70</run_address>
         <size>0x6</size>
         <input_file_ref idref="fl-5"/>
      </object_component>
      <object_component id="oc-53c">
         <name>.text:vTaskMissedYield</name>
         <load_address>0xea76</load_address>
         <run_address>0xea76</run_address>
         <size>0x6</size>
         <input_file_ref idref="fl-8"/>
      </object_component>
      <object_component id="oc-466">
         <name>.text:vTaskSuspendAll</name>
         <load_address>0xea7c</load_address>
         <run_address>0xea7c</run_address>
         <size>0x6</size>
         <input_file_ref idref="fl-8"/>
      </object_component>
      <object_component id="oc-2fc">
         <name>.text:_system_pre_init</name>
         <load_address>0xea82</load_address>
         <run_address>0xea82</run_address>
         <size>0x4</size>
         <input_file_ref idref="fl-6c"/>
      </object_component>
      <object_component id="oc-43a">
         <name>.text:vApplicationStackOverflowHook</name>
         <load_address>0xea86</load_address>
         <run_address>0xea86</run_address>
         <size>0x4</size>
         <input_file_ref idref="fl-25"/>
      </object_component>
      <object_component id="oc-4db">
         <name>.text:_system_post_cinit</name>
         <load_address>0xea8a</load_address>
         <run_address>0xea8a</run_address>
         <size>0x2</size>
         <input_file_ref idref="fl-6d"/>
      </object_component>
      <object_component id="oc-40a">
         <name>.bss:pxReadyTasksLists</name>
         <uninitialized>true</uninitialized>
         <run_address>0x2aa4</run_address>
         <size>0x32</size>
         <input_file_ref idref="fl-8"/>
      </object_component>
      <object_component id="oc-6f5">
         <name>.bss:xDelayedTaskList1</name>
         <uninitialized>true</uninitialized>
         <run_address>0x2b10</run_address>
         <size>0xa</size>
         <input_file_ref idref="fl-8"/>
      </object_component>
      <object_component id="oc-6f8">
         <name>.bss:xDelayedTaskList2</name>
         <uninitialized>true</uninitialized>
         <run_address>0x2b1a</run_address>
         <size>0xa</size>
         <input_file_ref idref="fl-8"/>
      </object_component>
      <object_component id="oc-430">
         <name>.bss</name>
         <uninitialized>true</uninitialized>
         <run_address>0x2b42</run_address>
         <size>0x4</size>
         <input_file_ref idref="fl-8"/>
      </object_component>
      <object_component id="oc-40d">
         <name>.bss:xPendingReadyList</name>
         <uninitialized>true</uninitialized>
         <run_address>0x2b24</run_address>
         <size>0xa</size>
         <input_file_ref idref="fl-8"/>
      </object_component>
      <object_component id="oc-6fb">
         <name>.bss:xTasksWaitingTermination</name>
         <uninitialized>true</uninitialized>
         <run_address>0x2b38</run_address>
         <size>0xa</size>
         <input_file_ref idref="fl-8"/>
      </object_component>
      <object_component id="oc-621">
         <name>.bss:xSuspendedTaskList</name>
         <uninitialized>true</uninitialized>
         <run_address>0x2b2e</run_address>
         <size>0xa</size>
         <input_file_ref idref="fl-8"/>
      </object_component>
      <object_component id="oc-5a5">
         <name>.bss:xIdleTaskHandles</name>
         <uninitialized>true</uninitialized>
         <run_address>0x2b4e</run_address>
         <size>0x2</size>
         <input_file_ref idref="fl-8"/>
      </object_component>
      <object_component id="oc-67b">
         <name>.bss:xIdleTaskTCB$1</name>
         <uninitialized>true</uninitialized>
         <run_address>0x2a3c</run_address>
         <size>0x34</size>
         <input_file_ref idref="fl-8"/>
      </object_component>
      <object_component id="oc-67c">
         <name>.bss:uxIdleTaskStack$2</name>
         <uninitialized>true</uninitialized>
         <run_address>0x2800</run_address>
         <size>0x100</size>
         <input_file_ref idref="fl-8"/>
      </object_component>
      <object_component id="oc-6a4">
         <name>.bss:xTimerTaskTCB$3</name>
         <uninitialized>true</uninitialized>
         <run_address>0x2a70</run_address>
         <size>0x34</size>
         <input_file_ref idref="fl-8"/>
      </object_component>
      <object_component id="oc-6a5">
         <name>.bss:uxTimerTaskStack$4</name>
         <uninitialized>true</uninitialized>
         <run_address>0x2900</run_address>
         <size>0x100</size>
         <input_file_ref idref="fl-8"/>
      </object_component>
      <object_component id="oc-68e">
         <name>.bss:xActiveTimerList1</name>
         <uninitialized>true</uninitialized>
         <run_address>0x2afc</run_address>
         <size>0xa</size>
         <input_file_ref idref="fl-9"/>
      </object_component>
      <object_component id="oc-691">
         <name>.bss:xActiveTimerList2</name>
         <uninitialized>true</uninitialized>
         <run_address>0x2b06</run_address>
         <size>0xa</size>
         <input_file_ref idref="fl-9"/>
      </object_component>
      <object_component id="oc-694">
         <name>.bss</name>
         <uninitialized>true</uninitialized>
         <run_address>0x2b46</run_address>
         <size>0x4</size>
         <input_file_ref idref="fl-9"/>
      </object_component>
      <object_component id="oc-698">
         <name>.bss:xStaticTimerQueue$3</name>
         <uninitialized>true</uninitialized>
         <run_address>0x2ad6</run_address>
         <size>0x26</size>
         <input_file_ref idref="fl-9"/>
      </object_component>
      <object_component id="oc-697">
         <name>.bss:ucStaticTimerQueueStorage$4</name>
         <uninitialized>true</uninitialized>
         <run_address>0x2a00</run_address>
         <size>0x3c</size>
         <input_file_ref idref="fl-9"/>
      </object_component>
      <object_component id="oc-52c">
         <name>.bss:ucHeap</name>
         <uninitialized>true</uninitialized>
         <run_address>0x2000</run_address>
         <size>0x800</size>
         <input_file_ref idref="fl-c"/>
      </object_component>
      <object_component id="oc-529">
         <name>.bss:xStart</name>
         <uninitialized>true</uninitialized>
         <run_address>0x2b4a</run_address>
         <size>0x4</size>
         <input_file_ref idref="fl-c"/>
      </object_component>
      <object_component id="oc-2d5">
         <name>.common:xUartSemaphore</name>
         <uninitialized>true</uninitialized>
         <run_address>0x2b52</run_address>
         <size>0x2</size>
      </object_component>
      <object_component id="oc-3a0">
         <name>.common:xLedSemaphore</name>
         <uninitialized>true</uninitialized>
         <run_address>0x2b50</run_address>
         <size>0x2</size>
      </object_component>
      <object_component id="oc-36a">
         <name>.data</name>
         <load_address>0x2bba</load_address>
         <run_address>0x2bba</run_address>
         <size>0x16</size>
         <input_file_ref idref="fl-8"/>
      </object_component>
      <object_component id="oc-410">
         <name>.data:xYieldPendings</name>
         <load_address>0x2be2</load_address>
         <run_address>0x2be2</run_address>
         <size>0x2</size>
         <input_file_ref idref="fl-8"/>
      </object_component>
      <object_component id="oc-5af">
         <name>.data</name>
         <load_address>0x2bda</load_address>
         <run_address>0x2bda</run_address>
         <size>0x6</size>
         <input_file_ref idref="fl-9"/>
      </object_component>
      <object_component id="oc-367">
         <name>.data</name>
         <load_address>0x2be0</load_address>
         <run_address>0x2be0</run_address>
         <size>0x2</size>
         <input_file_ref idref="fl-a"/>
      </object_component>
      <object_component id="oc-520">
         <name>.data</name>
         <load_address>0x2bd0</load_address>
         <run_address>0x2bd0</run_address>
         <size>0xa</size>
         <input_file_ref idref="fl-c"/>
      </object_component>
      <object_component id="oc-2d2">
         <name>.data:uartRx</name>
         <load_address>0x2b54</load_address>
         <run_address>0x2b54</run_address>
         <size>0x66</size>
         <input_file_ref idref="fl-24"/>
      </object_component>
      <object_component id="oc-25f">
         <name>.stack</name>
         <uninitialized>true</uninitialized>
         <run_address>0x2f60</run_address>
         <size>0x2</size>
         <input_file_ref idref="fl-67"/>
      </object_component>
      <object_component id="oc-7d6">
         <name>.stack</name>
         <uninitialized>true</uninitialized>
         <run_address>0x2f60</run_address>
         <size>0x0</size>
      </object_component>
      <object_component id="oc-74">
         <name>.int41</name>
         <load_address>0xffda</load_address>
         <run_address>0xffda</run_address>
         <size>0x2</size>
         <input_file_ref idref="fl-4e"/>
      </object_component>
      <object_component id="oc-75">
         <name>.int42</name>
         <load_address>0xffdc</load_address>
         <run_address>0xffdc</run_address>
         <size>0x2</size>
         <input_file_ref idref="fl-4f"/>
      </object_component>
      <object_component id="oc-76">
         <name>.int43</name>
         <load_address>0xffde</load_address>
         <run_address>0xffde</run_address>
         <size>0x2</size>
         <input_file_ref idref="fl-50"/>
      </object_component>
      <object_component id="oc-77">
         <name>.int44</name>
         <load_address>0xffe0</load_address>
         <run_address>0xffe0</run_address>
         <size>0x2</size>
         <input_file_ref idref="fl-51"/>
      </object_component>
      <object_component id="oc-78">
         <name>.int45</name>
         <load_address>0xffe2</load_address>
         <run_address>0xffe2</run_address>
         <size>0x2</size>
         <input_file_ref idref="fl-52"/>
      </object_component>
      <object_component id="oc-79">
         <name>.int46</name>
         <load_address>0xffe4</load_address>
         <run_address>0xffe4</run_address>
         <size>0x2</size>
         <input_file_ref idref="fl-24"/>
      </object_component>
      <object_component id="oc-7a">
         <name>.int47</name>
         <load_address>0xffe6</load_address>
         <run_address>0xffe6</run_address>
         <size>0x2</size>
         <input_file_ref idref="fl-53"/>
      </object_component>
      <object_component id="oc-7b">
         <name>.int48</name>
         <load_address>0xffe8</load_address>
         <run_address>0xffe8</run_address>
         <size>0x2</size>
         <input_file_ref idref="fl-54"/>
      </object_component>
      <object_component id="oc-7c">
         <name>.int49</name>
         <load_address>0xffea</load_address>
         <run_address>0xffea</run_address>
         <size>0x2</size>
         <input_file_ref idref="fl-55"/>
      </object_component>
      <object_component id="oc-7d">
         <name>.int50</name>
         <load_address>0xffec</load_address>
         <run_address>0xffec</run_address>
         <size>0x2</size>
         <input_file_ref idref="fl-56"/>
      </object_component>
      <object_component id="oc-7e">
         <name>.int51</name>
         <load_address>0xffee</load_address>
         <run_address>0xffee</run_address>
         <size>0x2</size>
         <input_file_ref idref="fl-57"/>
      </object_component>
      <object_component id="oc-7f">
         <name>.int52</name>
         <load_address>0xfff0</load_address>
         <run_address>0xfff0</run_address>
         <size>0x2</size>
         <input_file_ref idref="fl-58"/>
      </object_component>
      <object_component id="oc-80">
         <name>.int53</name>
         <load_address>0xfff2</load_address>
         <run_address>0xfff2</run_address>
         <size>0x2</size>
         <input_file_ref idref="fl-59"/>
      </object_component>
      <object_component id="oc-81">
         <name>.int54</name>
         <load_address>0xfff4</load_address>
         <run_address>0xfff4</run_address>
         <size>0x2</size>
         <input_file_ref idref="fl-5a"/>
      </object_component>
      <object_component id="oc-82">
         <name>.int55</name>
         <load_address>0xfff6</load_address>
         <run_address>0xfff6</run_address>
         <size>0x2</size>
         <input_file_ref idref="fl-5b"/>
      </object_component>
      <object_component id="oc-83">
         <name>.int56</name>
         <load_address>0xfff8</load_address>
         <run_address>0xfff8</run_address>
         <size>0x2</size>
         <input_file_ref idref="fl-a"/>
      </object_component>
      <object_component id="oc-84">
         <name>.int57</name>
         <load_address>0xfffa</load_address>
         <run_address>0xfffa</run_address>
         <size>0x2</size>
         <input_file_ref idref="fl-5c"/>
      </object_component>
      <object_component id="oc-85">
         <name>.int58</name>
         <load_address>0xfffc</load_address>
         <run_address>0xfffc</run_address>
         <size>0x2</size>
         <input_file_ref idref="fl-5d"/>
      </object_component>
      <object_component id="oc-262">
         <name>.reset</name>
         <load_address>0xfffe</load_address>
         <run_address>0xfffe</run_address>
         <size>0x2</size>
         <input_file_ref idref="fl-67"/>
      </object_component>
      <object_component id="oc-2d6">
         <name>.debug_info</name>
         <load_address>0x0</load_address>
         <run_address>0x0</run_address>
         <size>0x498</size>
         <input_file_ref idref="fl-2"/>
      </object_component>
      <object_component id="oc-303">
         <name>.debug_info</name>
         <load_address>0x498</load_address>
         <run_address>0x498</run_address>
         <size>0x1d2</size>
         <input_file_ref idref="fl-2"/>
      </object_component>
      <object_component id="oc-340">
         <name>.debug_info</name>
         <load_address>0x66a</load_address>
         <run_address>0x66a</run_address>
         <size>0x322</size>
         <input_file_ref idref="fl-2"/>
      </object_component>
      <object_component id="oc-325">
         <name>.debug_info</name>
         <load_address>0x98c</load_address>
         <run_address>0x98c</run_address>
         <size>0x72</size>
         <input_file_ref idref="fl-2"/>
      </object_component>
      <object_component id="oc-336">
         <name>.debug_info</name>
         <load_address>0x9fe</load_address>
         <run_address>0x9fe</run_address>
         <size>0x26b</size>
         <input_file_ref idref="fl-2"/>
      </object_component>
      <object_component id="oc-34a">
         <name>.debug_info</name>
         <load_address>0xc69</load_address>
         <run_address>0xc69</run_address>
         <size>0x437</size>
         <input_file_ref idref="fl-2"/>
      </object_component>
      <object_component id="oc-32c">
         <name>.debug_info</name>
         <load_address>0x10a0</load_address>
         <run_address>0x10a0</run_address>
         <size>0x4f</size>
         <input_file_ref idref="fl-2"/>
      </object_component>
      <object_component id="oc-34f">
         <name>.debug_info</name>
         <load_address>0x10ef</load_address>
         <run_address>0x10ef</run_address>
         <size>0x2c</size>
         <input_file_ref idref="fl-2"/>
      </object_component>
      <object_component id="oc-2ea">
         <name>.debug_info</name>
         <load_address>0x111b</load_address>
         <run_address>0x111b</run_address>
         <size>0x8b</size>
         <input_file_ref idref="fl-2"/>
      </object_component>
      <object_component id="oc-3ff">
         <name>.debug_info</name>
         <load_address>0x11a6</load_address>
         <run_address>0x11a6</run_address>
         <size>0x2c</size>
         <input_file_ref idref="fl-2"/>
      </object_component>
      <object_component id="oc-382">
         <name>.debug_info</name>
         <load_address>0x11d2</load_address>
         <run_address>0x11d2</run_address>
         <size>0x282</size>
         <input_file_ref idref="fl-2"/>
      </object_component>
      <object_component id="oc-2ef">
         <name>.debug_info</name>
         <load_address>0x1454</load_address>
         <run_address>0x1454</run_address>
         <size>0xbb</size>
         <input_file_ref idref="fl-2"/>
      </object_component>
      <object_component id="oc-2e4">
         <name>.debug_info</name>
         <load_address>0x150f</load_address>
         <run_address>0x150f</run_address>
         <size>0x53</size>
         <input_file_ref idref="fl-2"/>
      </object_component>
      <object_component id="oc-331">
         <name>.debug_info</name>
         <load_address>0x1562</load_address>
         <run_address>0x1562</run_address>
         <size>0x53</size>
         <input_file_ref idref="fl-2"/>
      </object_component>
      <object_component id="oc-33b">
         <name>.debug_info</name>
         <load_address>0x15b5</load_address>
         <run_address>0x15b5</run_address>
         <size>0x35</size>
         <input_file_ref idref="fl-2"/>
      </object_component>
      <object_component id="oc-345">
         <name>.debug_info</name>
         <load_address>0x15ea</load_address>
         <run_address>0x15ea</run_address>
         <size>0x14c</size>
         <input_file_ref idref="fl-2"/>
      </object_component>
      <object_component id="oc-269">
         <name>.debug_info</name>
         <load_address>0x1736</load_address>
         <run_address>0x1736</run_address>
         <size>0x84</size>
         <input_file_ref idref="fl-3"/>
      </object_component>
      <object_component id="oc-514">
         <name>.debug_info</name>
         <load_address>0x17ba</load_address>
         <run_address>0x17ba</run_address>
         <size>0x5da</size>
         <input_file_ref idref="fl-4"/>
      </object_component>
      <object_component id="oc-421">
         <name>.debug_info</name>
         <load_address>0x1d94</load_address>
         <run_address>0x1d94</run_address>
         <size>0x322</size>
         <input_file_ref idref="fl-4"/>
      </object_component>
      <object_component id="oc-41c">
         <name>.debug_info</name>
         <load_address>0x20b6</load_address>
         <run_address>0x20b6</run_address>
         <size>0x110</size>
         <input_file_ref idref="fl-4"/>
      </object_component>
      <object_component id="oc-426">
         <name>.debug_info</name>
         <load_address>0x21c6</load_address>
         <run_address>0x21c6</run_address>
         <size>0x437</size>
         <input_file_ref idref="fl-4"/>
      </object_component>
      <object_component id="oc-5f0">
         <name>.debug_info</name>
         <load_address>0x25fd</load_address>
         <run_address>0x25fd</run_address>
         <size>0x76</size>
         <input_file_ref idref="fl-4"/>
      </object_component>
      <object_component id="oc-5f5">
         <name>.debug_info</name>
         <load_address>0x2673</load_address>
         <run_address>0x2673</run_address>
         <size>0x39</size>
         <input_file_ref idref="fl-4"/>
      </object_component>
      <object_component id="oc-60c">
         <name>.debug_info</name>
         <load_address>0x26ac</load_address>
         <run_address>0x26ac</run_address>
         <size>0x109</size>
         <input_file_ref idref="fl-4"/>
      </object_component>
      <object_component id="oc-505">
         <name>.debug_info</name>
         <load_address>0x27b5</load_address>
         <run_address>0x27b5</run_address>
         <size>0x4f</size>
         <input_file_ref idref="fl-4"/>
      </object_component>
      <object_component id="oc-61a">
         <name>.debug_info</name>
         <load_address>0x2804</load_address>
         <run_address>0x2804</run_address>
         <size>0x273</size>
         <input_file_ref idref="fl-5"/>
      </object_component>
      <object_component id="oc-549">
         <name>.debug_info</name>
         <load_address>0x2a77</load_address>
         <run_address>0x2a77</run_address>
         <size>0x1fd</size>
         <input_file_ref idref="fl-5"/>
      </object_component>
      <object_component id="oc-6ec">
         <name>.debug_info</name>
         <load_address>0x2c74</load_address>
         <run_address>0x2c74</run_address>
         <size>0x17f</size>
         <input_file_ref idref="fl-5"/>
      </object_component>
      <object_component id="oc-615">
         <name>.debug_info</name>
         <load_address>0x2df3</load_address>
         <run_address>0x2df3</run_address>
         <size>0x177</size>
         <input_file_ref idref="fl-5"/>
      </object_component>
      <object_component id="oc-61d">
         <name>.debug_info</name>
         <load_address>0x2f6a</load_address>
         <run_address>0x2f6a</run_address>
         <size>0x1aa</size>
         <input_file_ref idref="fl-5"/>
      </object_component>
      <object_component id="oc-366">
         <name>.debug_info</name>
         <load_address>0x3114</load_address>
         <run_address>0x3114</run_address>
         <size>0x844</size>
         <input_file_ref idref="fl-6"/>
      </object_component>
      <object_component id="oc-62e">
         <name>.debug_info</name>
         <load_address>0x3958</load_address>
         <run_address>0x3958</run_address>
         <size>0x19b</size>
         <input_file_ref idref="fl-6"/>
      </object_component>
      <object_component id="oc-473">
         <name>.debug_info</name>
         <load_address>0x3af3</load_address>
         <run_address>0x3af3</run_address>
         <size>0x218</size>
         <input_file_ref idref="fl-6"/>
      </object_component>
      <object_component id="oc-63a">
         <name>.debug_info</name>
         <load_address>0x3d0b</load_address>
         <run_address>0x3d0b</run_address>
         <size>0x1f5</size>
         <input_file_ref idref="fl-6"/>
      </object_component>
      <object_component id="oc-562">
         <name>.debug_info</name>
         <load_address>0x3f00</load_address>
         <run_address>0x3f00</run_address>
         <size>0x4bf</size>
         <input_file_ref idref="fl-6"/>
      </object_component>
      <object_component id="oc-760">
         <name>.debug_info</name>
         <load_address>0x43bf</load_address>
         <run_address>0x43bf</run_address>
         <size>0x1c9</size>
         <input_file_ref idref="fl-6"/>
      </object_component>
      <object_component id="oc-733">
         <name>.debug_info</name>
         <load_address>0x4588</load_address>
         <run_address>0x4588</run_address>
         <size>0x404</size>
         <input_file_ref idref="fl-6"/>
      </object_component>
      <object_component id="oc-47f">
         <name>.debug_info</name>
         <load_address>0x498c</load_address>
         <run_address>0x498c</run_address>
         <size>0x199</size>
         <input_file_ref idref="fl-6"/>
      </object_component>
      <object_component id="oc-48b">
         <name>.debug_info</name>
         <load_address>0x4b25</load_address>
         <run_address>0x4b25</run_address>
         <size>0x25d</size>
         <input_file_ref idref="fl-6"/>
      </object_component>
      <object_component id="oc-3a2">
         <name>.debug_info</name>
         <load_address>0x4d82</load_address>
         <run_address>0x4d82</run_address>
         <size>0x458</size>
         <input_file_ref idref="fl-6"/>
      </object_component>
      <object_component id="oc-2d9">
         <name>.debug_info</name>
         <load_address>0x51da</load_address>
         <run_address>0x51da</run_address>
         <size>0x2a7</size>
         <input_file_ref idref="fl-6"/>
      </object_component>
      <object_component id="oc-532">
         <name>.debug_info</name>
         <load_address>0x5481</load_address>
         <run_address>0x5481</run_address>
         <size>0x283</size>
         <input_file_ref idref="fl-6"/>
      </object_component>
      <object_component id="oc-454">
         <name>.debug_info</name>
         <load_address>0x5704</load_address>
         <run_address>0x5704</run_address>
         <size>0x278</size>
         <input_file_ref idref="fl-6"/>
      </object_component>
      <object_component id="oc-69a">
         <name>.debug_info</name>
         <load_address>0x597c</load_address>
         <run_address>0x597c</run_address>
         <size>0x2ec</size>
         <input_file_ref idref="fl-6"/>
      </object_component>
      <object_component id="oc-39b">
         <name>.debug_info</name>
         <load_address>0x5c68</load_address>
         <run_address>0x5c68</run_address>
         <size>0x2ad</size>
         <input_file_ref idref="fl-6"/>
      </object_component>
      <object_component id="oc-717">
         <name>.debug_info</name>
         <load_address>0x5f15</load_address>
         <run_address>0x5f15</run_address>
         <size>0x239</size>
         <input_file_ref idref="fl-6"/>
      </object_component>
      <object_component id="oc-417">
         <name>.debug_info</name>
         <load_address>0x614e</load_address>
         <run_address>0x614e</run_address>
         <size>0x1db</size>
         <input_file_ref idref="fl-6"/>
      </object_component>
      <object_component id="oc-361">
         <name>.debug_info</name>
         <load_address>0x6329</load_address>
         <run_address>0x6329</run_address>
         <size>0x46</size>
         <input_file_ref idref="fl-6"/>
      </object_component>
      <object_component id="oc-628">
         <name>.debug_info</name>
         <load_address>0x636f</load_address>
         <run_address>0x636f</run_address>
         <size>0x2c</size>
         <input_file_ref idref="fl-7"/>
      </object_component>
      <object_component id="oc-414">
         <name>.debug_info</name>
         <load_address>0x639b</load_address>
         <run_address>0x639b</run_address>
         <size>0x7cd</size>
         <input_file_ref idref="fl-8"/>
      </object_component>
      <object_component id="oc-36b">
         <name>.debug_info</name>
         <load_address>0x6b68</load_address>
         <run_address>0x6b68</run_address>
         <size>0x2fd</size>
         <input_file_ref idref="fl-8"/>
      </object_component>
      <object_component id="oc-40b">
         <name>.debug_info</name>
         <load_address>0x6e65</load_address>
         <run_address>0x6e65</run_address>
         <size>0x100</size>
         <input_file_ref idref="fl-8"/>
      </object_component>
      <object_component id="oc-6f6">
         <name>.debug_info</name>
         <load_address>0x6f65</load_address>
         <run_address>0x6f65</run_address>
         <size>0x100</size>
         <input_file_ref idref="fl-8"/>
      </object_component>
      <object_component id="oc-6f9">
         <name>.debug_info</name>
         <load_address>0x7065</load_address>
         <run_address>0x7065</run_address>
         <size>0x100</size>
         <input_file_ref idref="fl-8"/>
      </object_component>
      <object_component id="oc-431">
         <name>.debug_info</name>
         <load_address>0x7165</load_address>
         <run_address>0x7165</run_address>
         <size>0x143</size>
         <input_file_ref idref="fl-8"/>
      </object_component>
      <object_component id="oc-40e">
         <name>.debug_info</name>
         <load_address>0x72a8</load_address>
         <run_address>0x72a8</run_address>
         <size>0x100</size>
         <input_file_ref idref="fl-8"/>
      </object_component>
      <object_component id="oc-6fc">
         <name>.debug_info</name>
         <load_address>0x73a8</load_address>
         <run_address>0x73a8</run_address>
         <size>0x10e</size>
         <input_file_ref idref="fl-8"/>
      </object_component>
      <object_component id="oc-622">
         <name>.debug_info</name>
         <load_address>0x74b6</load_address>
         <run_address>0x74b6</run_address>
         <size>0x102</size>
         <input_file_ref idref="fl-8"/>
      </object_component>
      <object_component id="oc-411">
         <name>.debug_info</name>
         <load_address>0x75b8</load_address>
         <run_address>0x75b8</run_address>
         <size>0xfa</size>
         <input_file_ref idref="fl-8"/>
      </object_component>
      <object_component id="oc-5a6">
         <name>.debug_info</name>
         <load_address>0x76b2</load_address>
         <run_address>0x76b2</run_address>
         <size>0xfe</size>
         <input_file_ref idref="fl-8"/>
      </object_component>
      <object_component id="oc-4c6">
         <name>.debug_info</name>
         <load_address>0x77b0</load_address>
         <run_address>0x77b0</run_address>
         <size>0x100</size>
         <input_file_ref idref="fl-8"/>
      </object_component>
      <object_component id="oc-434">
         <name>.debug_info</name>
         <load_address>0x78b0</load_address>
         <run_address>0x78b0</run_address>
         <size>0x16a</size>
         <input_file_ref idref="fl-8"/>
      </object_component>
      <object_component id="oc-36e">
         <name>.debug_info</name>
         <load_address>0x7a1a</load_address>
         <run_address>0x7a1a</run_address>
         <size>0x28f</size>
         <input_file_ref idref="fl-8"/>
      </object_component>
      <object_component id="oc-479">
         <name>.debug_info</name>
         <load_address>0x7ca9</load_address>
         <run_address>0x7ca9</run_address>
         <size>0x292</size>
         <input_file_ref idref="fl-8"/>
      </object_component>
      <object_component id="oc-35b">
         <name>.debug_info</name>
         <load_address>0x7f3b</load_address>
         <run_address>0x7f3b</run_address>
         <size>0x277</size>
         <input_file_ref idref="fl-8"/>
      </object_component>
      <object_component id="oc-634">
         <name>.debug_info</name>
         <load_address>0x81b2</load_address>
         <run_address>0x81b2</run_address>
         <size>0x261</size>
         <input_file_ref idref="fl-8"/>
      </object_component>
      <object_component id="oc-553">
         <name>.debug_info</name>
         <load_address>0x8413</load_address>
         <run_address>0x8413</run_address>
         <size>0x23d</size>
         <input_file_ref idref="fl-8"/>
      </object_component>
      <object_component id="oc-748">
         <name>.debug_info</name>
         <load_address>0x8650</load_address>
         <run_address>0x8650</run_address>
         <size>0x170</size>
         <input_file_ref idref="fl-8"/>
      </object_component>
      <object_component id="oc-45b">
         <name>.debug_info</name>
         <load_address>0x87c0</load_address>
         <run_address>0x87c0</run_address>
         <size>0x17c</size>
         <input_file_ref idref="fl-8"/>
      </object_component>
      <object_component id="oc-467">
[...]
      <symbol id="sm-1c7">
         <name>UCB0ADDRX_H</name>
         <value>0x55d</value>
      </symbol>
      <symbol id="sm-1c8">
         <name>UCB0ADDMASK</name>
         <value>0x55e</value>
      </symbol>
      <symbol id="sm-1c9">
         <name>UCB0ADDMASK_L</name>
         <value>0x55e</value>
      </symbol>
      <symbol id="sm-1ca">
         <name>UCB0ADDMASK_H</name>
         <value>0x55f</value>
      </symbol>
      <symbol id="sm-1cb">
         <name>UCB0I2CSA</name>
         <value>0x560</value>
      </symbol>
      <symbol id="sm-1cc">
         <name>UCB0I2CSA_L</name>
         <value>0x560</value>
      </symbol>
      <symbol id="sm-1cd">
         <name>UCB0I2CSA_H</name>
         <value>0x561</value>
      </symbol>
      <symbol id="sm-1ce">
         <name>UCB0IE</name>
         <value>0x56a</value>
      </symbol>
      <symbol id="sm-1cf">
         <name>UCB0IE_L</name>
         <value>0x56a</value>
      </symbol>
      <symbol id="sm-1d0">
         <name>UCB0IE_H</name>
         <value>0x56b</value>
      </symbol>
      <symbol id="sm-1d1">
         <name>UCB0IFG</name>
         <value>0x56c</value>
      </symbol>
      <symbol id="sm-1d2">
         <name>UCB0IFG_L</name>
         <value>0x56c</value>
      </symbol>
      <symbol id="sm-1d3">
         <name>UCB0IFG_H</name>
         <value>0x56d</value>
      </symbol>
      <symbol id="sm-1d4">
         <name>UCB0IV</name>
         <value>0x56e</value>
      </symbol>
      <symbol id="sm-1d5">
         <name>WDTCTL</name>
         <value>0x1cc</value>
      </symbol>
      <symbol id="sm-1d6">
         <name>WDTCTL_L</name>
         <value>0x1cc</value>
      </symbol>
      <symbol id="sm-1d7">
         <name>WDTCTL_H</name>
         <value>0x1cd</value>
      </symbol>
      <symbol id="sm-1d8">
         <name>__TI_CINIT_Base</name>
         <value>0xc422</value>
      </symbol>
      <symbol id="sm-1d9">
         <name>__TI_CINIT_Limit</name>
         <value>0xc432</value>
      </symbol>
      <symbol id="sm-1da">
         <name>__TI_CINIT_Warm</name>
         <value>0xc432</value>
      </symbol>
      <symbol id="sm-1db">
         <name>__TI_Handler_Table_Base</name>
         <value>0xc410</value>
      </symbol>
      <symbol id="sm-1dc">
         <name>__TI_Handler_Table_Limit</name>
         <value>0xc41c</value>
      </symbol>
      <symbol id="sm-1dd">
         <name>__STACK_SIZE</name>
         <value>0xa0</value>
      </symbol>
      <symbol id="sm-1de">
         <name>__STACK_END</name>
         <value>0x3000</value>
      </symbol>
      <symbol id="sm-1df">
         <name>__c_args__</name>
         <value>0xffffffff</value>
      </symbol>
      <symbol id="sm-1e0">
         <name>__TI_pprof_out_hndl</name>
         <value>0xffffffff</value>
      </symbol>
      <symbol id="sm-1e1">
         <name>__TI_prof_data_start</name>
         <value>0xffffffff</value>
      </symbol>
      <symbol id="sm-1e2">
         <name>__TI_prof_data_size</name>
         <value>0xffffffff</value>
      </symbol>
      <symbol id="sm-28d">
         <name>xUartSemaphore</name>
         <value>0x2b52</value>
      </symbol>
      <symbol id="sm-28e">
         <name>xLedSemaphore</name>
         <value>0x2b50</value>
      </symbol>
      <symbol id="sm-28f">
         <name>main</name>
         <value>0xe162</value>
         <object_component_ref idref="oc-302"/>
      </symbol>
      <symbol id="sm-2e1">
         <name>uxListRemove</name>
         <value>0xe61a</value>
         <object_component_ref idref="oc-61b"/>
      </symbol>
      <symbol id="sm-2e2">
         <name>vListInsert</name>
         <value>0xe46c</value>
         <object_component_ref idref="oc-545"/>
      </symbol>
      <symbol id="sm-2e3">
         <name>vListInitialiseItem</name>
         <value>0xea70</value>
         <object_component_ref idref="oc-6e8"/>
      </symbol>
      <symbol id="sm-2e4">
         <name>vListInitialise</name>
         <value>0xe834</value>
         <object_component_ref idref="oc-611"/>
      </symbol>
      <symbol id="sm-3e7">
         <name>xQueueGenericCreateStatic</name>
         <value>0xdf1a</value>
         <object_component_ref idref="oc-699"/>
      </symbol>
      <symbol id="sm-3e8">
         <name>xQueueGenericCreate</name>
         <value>0xde44</value>
         <object_component_ref idref="oc-39a"/>
      </symbol>
      <symbol id="sm-3e9">
         <name>xQueueGenericSend</name>
         <value>0xc660</value>
         <object_component_ref idref="oc-3a1"/>
      </symbol>
      <symbol id="sm-3ea">
         <name>xQueueGenericReset</name>
         <value>0xd452</value>
         <object_component_ref idref="oc-531"/>
      </symbol>
      <symbol id="sm-3eb">
         <name>xQueueSemaphoreTake</name>
         <value>0xc494</value>
         <object_component_ref idref="oc-561"/>
      </symbol>
      <symbol id="sm-3ec">
         <name>xQueueGiveFromISR</name>
         <value>0xd9c2</value>
         <object_component_ref idref="oc-2d8"/>
      </symbol>
      <symbol id="sm-3ed">
         <name>vQueueWaitForMessageRestricted</name>
         <value>0xe206</value>
         <object_component_ref idref="oc-716"/>
      </symbol>
      <symbol id="sm-3ee">
         <name>xQueueReceive</name>
         <value>0xc94a</value>
         <object_component_ref idref="oc-732"/>
      </symbol>
      <symbol id="sm-5e5">
         <name>vTaskDelay</name>
         <value>0xe64a</value>
         <object_component_ref idref="oc-56d"/>
      </symbol>
      <symbol id="sm-5e6">
         <name>vTaskSuspendAll</name>
         <value>0xea7c</value>
         <object_component_ref idref="oc-466"/>
      </symbol>
      <symbol id="sm-5e7">
         <name>vTaskPlaceOnEventList</name>
         <value>0xe72a</value>
         <object_component_ref idref="oc-484"/>
      </symbol>
      <symbol id="sm-5e8">
         <name>xTaskCheckForTimeOut</name>
         <value>0xdce8</value>
         <object_component_ref idref="oc-46c"/>
      </symbol>
      <symbol id="sm-5e9">
         <name>xTaskPriorityDisinherit</name>
         <value>0xd5d8</value>
         <object_component_ref idref="oc-552"/>
      </symbol>
      <symbol id="sm-5ea">
         <name>vTaskStartScheduler</name>
         <value>0xe4e0</value>
         <object_component_ref idref="oc-3b9"/>
      </symbol>
      <symbol id="sm-5eb">
         <name>vTaskInternalSetTimeOutState</name>
         <value>0xea48</value>
         <object_component_ref idref="oc-460"/>
      </symbol>
      <symbol id="sm-5ec">
         <name>pvTaskIncrementMutexHeldCount</name>
         <value>0xea2c</value>
         <object_component_ref idref="oc-645"/>
      </symbol>
      <symbol id="sm-5ed">
         <name>xTaskCreateStatic</name>
         <value>0xe334</value>
         <object_component_ref idref="oc-59f"/>
      </symbol>
      <symbol id="sm-5ee">
         <name>vTaskPriorityDisinheritAfterTimeout</name>
         <value>0xd11c</value>
         <object_component_ref idref="oc-63f"/>
      </symbol>
      <symbol id="sm-5ef">
         <name>xTaskCreate</name>
         <value>0xe6d4</value>
         <object_component_ref idref="oc-4a6"/>
      </symbol>
      <symbol id="sm-5f0">
         <name>vTaskMissedYield</name>
         <value>0xea76</value>
         <object_component_ref idref="oc-53c"/>
      </symbol>
      <symbol id="sm-5f1">
         <name>uxTaskGetNumberOfTasks</name>
         <value>0xea6a</value>
         <object_component_ref idref="oc-354"/>
      </symbol>
      <symbol id="sm-5f2">
         <name>xTaskResumeAll</name>
         <value>0xc7de</value>
         <object_component_ref idref="oc-478"/>
      </symbol>
      <symbol id="sm-5f3">
         <name>xTaskGetTickCount</name>
         <value>0xe7ee</value>
         <object_component_ref idref="oc-747"/>
      </symbol>
      <symbol id="sm-5f4">
         <name>vApplicationGetTimerTaskMemory</name>
         <value>0xe9e4</value>
         <object_component_ref idref="oc-5b5"/>
      </symbol>
      <symbol id="sm-5f5">
         <name>vApplicationGetIdleTaskMemory</name>
         <value>0xe9d0</value>
         <object_component_ref idref="oc-593"/>
      </symbol>
      <symbol id="sm-5f6">
         <name>pxCurrentTCB</name>
         <value>0x2bba</value>
         <object_component_ref idref="oc-36a"/>
      </symbol>
      <symbol id="sm-5f7">
         <name>vTaskPlaceOnEventListRestricted</name>
         <value>0xe04e</value>
         <object_component_ref idref="oc-753"/>
      </symbol>
      <symbol id="sm-5f8">
         <name>xTaskIncrementTick</name>
         <value>0xcab4</value>
         <object_component_ref idref="oc-36d"/>
      </symbol>
      <symbol id="sm-5f9">
         <name>vTaskSwitchContext</name>
         <value>0xd38a</value>
         <object_component_ref idref="oc-373"/>
      </symbol>
      <symbol id="sm-5fa">
         <name>xTaskGetSchedulerState</name>
         <value>0xe920</value>
         <object_component_ref idref="oc-45a"/>
      </symbol>
      <symbol id="sm-5fb">
         <name>xTaskRemoveFromEventList</name>
         <value>0xcd3a</value>
         <object_component_ref idref="oc-35a"/>
      </symbol>
      <symbol id="sm-5fc">
         <name>xTaskPriorityInherit</name>
         <value>0xd044</value>
         <object_component_ref idref="oc-633"/>
      </symbol>
      <symbol id="sm-6b0">
         <name>xTimerCreateTimerTask</name>
         <value>0xdd60</value>
         <object_component_ref idref="oc-4bf"/>
      </symbol>
      <symbol id="sm-6c9">
         <name>__TI_int56</name>
         <value>0xfff8</value>
         <object_component_ref idref="oc-83"/>
      </symbol>
      <symbol id="sm-6ca">
         <name>vTickISREntry</name>
         <value>0xea1c</value>
         <object_component_ref idref="oc-285"/>
      </symbol>
      <symbol id="sm-6cb">
         <name>usCriticalNesting</name>
         <value>0x2be0</value>
         <object_component_ref idref="oc-367"/>
      </symbol>
      <symbol id="sm-6cc">
         <name>pxPortInitialiseStack</name>
         <value>0xe876</value>
         <object_component_ref idref="oc-6ee"/>
      </symbol>
      <symbol id="sm-6d4">
         <name>vPortCooperativeTickISR</name>
         <value>0xd6c8</value>
         <object_component_ref idref="oc-2de"/>
      </symbol>
      <symbol id="sm-6d5">
         <name>vPortPreemptiveTickISR</name>
         <value>0xd694</value>
         <object_component_ref idref="oc-2de"/>
      </symbol>
      <symbol id="sm-6d6">
         <name>vPortYield</name>
         <value>0xd6f8</value>
         <object_component_ref idref="oc-2de"/>
      </symbol>
      <symbol id="sm-6d7">
         <name>xPortStartScheduler</name>
         <value>0xd72c</value>
         <object_component_ref idref="oc-2de"/>
      </symbol>
      <symbol id="sm-73e">
         <name>pvPortMalloc</name>
         <value>0xcc10</value>
         <object_component_ref idref="oc-44d"/>
      </symbol>
      <symbol id="sm-73f">
         <name>vPortFree</name>
         <value>0xdbea</value>
         <object_component_ref idref="oc-650"/>
      </symbol>
      <symbol id="sm-76b">
         <name>GPIO_setOutputHighOnPin</name>
         <value>0xe938</value>
         <object_component_ref idref="oc-567"/>
      </symbol>
      <symbol id="sm-76c">
         <name>GPIO_setAsOutputPin</name>
         <value>0xe896</value>
         <object_component_ref idref="oc-38e"/>
      </symbol>
      <symbol id="sm-76d">
         <name>GPIO_setOutputLowOnPin</name>
         <value>0xe94e</value>
         <object_component_ref idref="oc-582"/>
      </symbol>
      <symbol id="sm-778">
         <name>PMM_unlockLPM5</name>
         <value>0xea5e</value>
         <object_component_ref idref="oc-394"/>
      </symbol>
      <symbol id="sm-789">
         <name>WDT_A_hold</name>
         <value>0xe964</value>
         <object_component_ref idref="oc-388"/>
      </symbol>
      <symbol id="sm-7ab">
         <name>Software_Trim</name>
         <value>0xd51a</value>
         <object_component_ref idref="oc-497"/>
      </symbol>
      <symbol id="sm-7ac">
         <name>Init_GPIO</name>
         <value>0xe7a4</value>
         <object_component_ref idref="oc-491"/>
      </symbol>
      <symbol id="sm-7ad">
         <name>init_clocks</name>
         <value>0xe4a8</value>
         <object_component_ref idref="oc-3a7"/>
      </symbol>
      <symbol id="sm-7cd">
         <name>uartRx</name>
         <value>0x2b54</value>
         <object_component_ref idref="oc-2d2"/>
      </symbol>
      <symbol id="sm-7ce">
         <name>__TI_int46</name>
         <value>0xffe4</value>
         <object_component_ref idref="oc-79"/>
      </symbol>
      <symbol id="sm-7cf">
         <name>USCI_A0_ISR</name>
         <value>0xdb66</value>
         <object_component_ref idref="oc-27f"/>
      </symbol>
      <symbol id="sm-7d0">
         <name>init_UART</name>
         <value>0xe5ba</value>
         <object_component_ref idref="oc-3ad"/>
      </symbol>
      <symbol id="sm-7e4">
         <name>vApplicationStackOverflowHook</name>
         <value>0xea86</value>
         <object_component_ref idref="oc-43a"/>
      </symbol>
      <symbol id="sm-7e5">
         <name>vApplicationSetupTimerInterrupt</name>
         <value>0xe812</value>
         <object_component_ref idref="oc-379"/>
      </symbol>
      <symbol id="sm-801">
         <name>uart_read_byte</name>
         <value>0xe2ec</value>
         <object_component_ref idref="oc-671"/>
      </symbol>
      <symbol id="sm-802">
         <name>uart_read_line_pattern</name>
         <value>0xda56</value>
         <object_component_ref idref="oc-58a"/>
      </symbol>
      <symbol id="sm-812">
         <name>vGet_GPS</name>
         <value>0xe8ee</value>
         <object_component_ref idref="oc-4b2"/>
      </symbol>
      <symbol id="sm-827">
         <name>vLedTurnOffTask</name>
         <value>0xe54e</value>
         <object_component_ref idref="oc-4ac"/>
      </symbol>
      <symbol id="sm-828">
         <name>vLedTurnOnTask</name>
         <value>0xe584</value>
         <object_component_ref idref="oc-49f"/>
      </symbol>
      <symbol id="sm-835">
         <name>init_tasks</name>
         <value>0xe10e</value>
         <object_component_ref idref="oc-3b3"/>
      </symbol>
      <symbol id="sm-840">
         <name>__mspabi_remu</name>
         <value>0xe9a6</value>
         <object_component_ref idref="oc-448"/>
      </symbol>
      <symbol id="sm-841">
         <name>__mspabi_divu</name>
         <value>0xe9a6</value>
         <object_component_ref idref="oc-448"/>
      </symbol>
      <symbol id="sm-846">
         <name>__TI_int41</name>
         <value>0xffda</value>
         <object_component_ref idref="oc-74"/>
      </symbol>
      <symbol id="sm-849">
         <name>__TI_int42</name>
         <value>0xffdc</value>
         <object_component_ref idref="oc-75"/>
      </symbol>
      <symbol id="sm-84c">
         <name>__TI_int43</name>
         <value>0xffde</value>
         <object_component_ref idref="oc-76"/>
      </symbol>
      <symbol id="sm-84f">
         <name>__TI_int44</name>
         <value>0xffe0</value>
         <object_component_ref idref="oc-77"/>
      </symbol>
      <symbol id="sm-852">
         <name>__TI_int45</name>
         <value>0xffe2</value>
         <object_component_ref idref="oc-78"/>
      </symbol>
      <symbol id="sm-855">
         <name>__TI_int47</name>
         <value>0xffe6</value>
         <object_component_ref idref="oc-7a"/>
      </symbol>
      <symbol id="sm-858">
         <name>__TI_int48</name>
         <value>0xffe8</value>
         <object_component_ref idref="oc-7b"/>
      </symbol>
      <symbol id="sm-85b">
         <name>__TI_int49</name>
         <value>0xffea</value>
         <object_component_ref idref="oc-7c"/>
      </symbol>
      <symbol id="sm-85e">
         <name>__TI_int50</name>
         <value>0xffec</value>
         <object_component_ref idref="oc-7d"/>
      </symbol>
      <symbol id="sm-861">
         <name>__TI_int51</name>
         <value>0xffee</value>
         <object_component_ref idref="oc-7e"/>
      </symbol>
      <symbol id="sm-864">
         <name>__TI_int52</name>
         <value>0xfff0</value>
         <object_component_ref idref="oc-7f"/>
      </symbol>
      <symbol id="sm-867">
         <name>__TI_int53</name>
         <value>0xfff2</value>
         <object_component_ref idref="oc-80"/>
      </symbol>
      <symbol id="sm-86a">
         <name>__TI_int54</name>
         <value>0xfff4</value>
         <object_component_ref idref="oc-81"/>
      </symbol>
      <symbol id="sm-86d">
         <name>__TI_int55</name>
         <value>0xfff6</value>
         <object_component_ref idref="oc-82"/>
      </symbol>
      <symbol id="sm-870">
         <name>__TI_int57</name>
         <value>0xfffa</value>
         <object_component_ref idref="oc-84"/>
      </symbol>
      <symbol id="sm-873">
         <name>__TI_int58</name>
         <value>0xfffc</value>
         <object_component_ref idref="oc-85"/>
      </symbol>
      <symbol id="sm-87b">
         <name>__TI_ISR_TRAP</name>
         <value>0xea56</value>
         <object_component_ref idref="oc-27a"/>
      </symbol>
      <symbol id="sm-885">
         <name>__mspabi_mpyi_f5hw</name>
         <value>0xe908</value>
         <object_component_ref idref="oc-405"/>
      </symbol>
      <symbol id="sm-89a">
         <name>_stack</name>
         <value>0x2f60</value>
         <object_component_ref idref="oc-25f"/>
      </symbol>
      <symbol id="sm-89b">
         <name>_c_int00_noargs</name>
         <value>0xe8d2</value>
         <object_component_ref idref="oc-29d"/>
      </symbol>
      <symbol id="sm-89c">
         <name>_reset_vector</name>
         <value>0xfffe</value>
         <object_component_ref idref="oc-262"/>
      </symbol>
      <symbol id="sm-8be">
         <name>__TI_auto_init_nobinit_nopinit_hold_wdt</name>
         <value>0xdeb0</value>
         <object_component_ref idref="oc-3e4"/>
      </symbol>
      <symbol id="sm-8ce">
         <name>__TI_zero_init</name>
         <value>0xe3b6</value>
         <object_component_ref idref="oc-291"/>
      </symbol>
      <symbol id="sm-8d9">
         <name>_system_pre_init</name>
         <value>0xea82</value>
         <object_component_ref idref="oc-2fc"/>
      </symbol>
      <symbol id="sm-8e2">
         <name>_system_post_cinit</name>
         <value>0xea8a</value>
         <object_component_ref idref="oc-4db"/>
      </symbol>
      <symbol id="sm-8f3">
         <name>__TI_decompress_none</name>
         <value>0xe3f4</value>
         <object_component_ref idref="oc-6e"/>
      </symbol>
      <symbol id="sm-914">
         <name>__TI_decompress_lzss</name>
         <value>0xcf56</value>
         <object_component_ref idref="oc-68"/>
      </symbol>
      <symbol id="sm-91e">
         <name>C$$EXIT</name>
         <value>0xea64</value>
         <object_component_ref idref="oc-3c0"/>
      </symbol>
      <symbol id="sm-91f">
         <name>abort</name>
         <value>0xea64</value>
         <object_component_ref idref="oc-3c0"/>
      </symbol>
      <symbol id="sm-92f">
         <name>memcpy</name>
         <value>0xe9f8</value>
         <object_component_ref idref="oc-558"/>
      </symbol>
      <symbol id="sm-93d">
         <name>memset</name>
         <value>0xe9bc</value>
         <object_component_ref idref="oc-656"/>
      </symbol>
      <symbol id="sm-94a">
         <name>strlen</name>
         <value>0xea3a</value>
         <object_component_ref idref="oc-66b"/>
      </symbol>
      <symbol id="sm-955">
         <name>__memcpy_far</name>
         <value>0xe376</value>
         <object_component_ref idref="oc-26e"/>
      </symbol>
      <symbol id="sm-95a">
         <name>vPortSetupTimerInterrupt</name>
         <value>0xe812</value>
      </symbol>
   </symbol_table>
   <title>Link successful</title>
</link_info>
