******************************************************************************
                  MSP430 Linker PC v21.6.1                     
******************************************************************************
>> Linked Mon May 26 12:26:35 2025

OUTPUT FILE NAME:   <RTOS_MSP430FR2433.out>
ENTRY POINT SYMBOL: "_c_int00_noargs"  address: 0000e55a


MEMORY CONFIGURATION

         name            origin    length      used     unused   attr    fill
----------------------  --------  ---------  --------  --------  ----  --------
  SFR                   00000000   00000010  00000000  00000010  RWIX
  PERIPHERALS_8BIT      00000010   000000f0  00000000  000000f0  RWIX
  PERIPHERALS_16BIT     00000100   00000100  00000000  00000100  RWIX
  INFOA                 00001800   00000200  00000000  00000200  RWIX
  RAM                   00002000   00001000  00000c1c  000003e4  RWIX
  FRAM                  0000c400   00003b80  000022e6  0000189a  RWIX
  JTAGSIGNATURE         0000ff80   00000004  00000004  00000000  RWIX  ffff 
  BSLSIGNATURE          0000ff84   00000004  00000004  00000000  RWIX  ffff 
  INT00                 0000ff88   00000002  00000000  00000002  RWIX
  INT01                 0000ff8a   00000002  00000000  00000002  RWIX
  INT02                 0000ff8c   00000002  00000000  00000002  RWIX
  INT03                 0000ff8e   00000002  00000000  00000002  RWIX
  INT04                 0000ff90   00000002  00000000  00000002  RWIX
  INT05                 0000ff92   00000002  00000000  00000002  RWIX
  INT06                 0000ff94   00000002  00000000  00000002  RWIX
  INT07                 0000ff96   00000002  00000000  00000002  RWIX
  INT08                 0000ff98   00000002  00000000  00000002  RWIX
  INT09                 0000ff9a   00000002  00000000  00000002  RWIX
  INT10                 0000ff9c   00000002  00000000  00000002  RWIX
  INT11                 0000ff9e   00000002  00000000  00000002  RWIX
  INT12                 0000ffa0   00000002  00000000  00000002  RWIX
  INT13                 0000ffa2   00000002  00000000  00000002  RWIX
  INT14                 0000ffa4   00000002  00000000  00000002  RWIX
  INT15                 0000ffa6   00000002  00000000  00000002  RWIX
  INT16                 0000ffa8   00000002  00000000  00000002  RWIX
  INT17                 0000ffaa   00000002  00000000  00000002  RWIX
  INT18                 0000ffac   00000002  00000000  00000002  RWIX
  INT19                 0000ffae   00000002  00000000  00000002  RWIX
  INT20                 0000ffb0   00000002  00000000  00000002  RWIX
  INT21                 0000ffb2   00000002  00000000  00000002  RWIX
  INT22                 0000ffb4   00000002  00000000  00000002  RWIX
  INT23                 0000ffb6   00000002  00000000  00000002  RWIX
  INT24                 0000ffb8   00000002  00000000  00000002  RWIX
  INT25                 0000ffba   00000002  00000000  00000002  RWIX
  INT26                 0000ffbc   00000002  00000000  00000002  RWIX
  INT27                 0000ffbe   00000002  00000000  00000002  RWIX
  INT28                 0000ffc0   00000002  00000000  00000002  RWIX
  INT29                 0000ffc2   00000002  00000000  00000002  RWIX
  INT30                 0000ffc4   00000002  00000000  00000002  RWIX
  INT31                 0000ffc6   00000002  00000000  00000002  RWIX
  INT32                 0000ffc8   00000002  00000000  00000002  RWIX
  INT33                 0000ffca   00000002  00000000  00000002  RWIX
  INT34                 0000ffcc   00000002  00000000  00000002  RWIX
  INT35                 0000ffce   00000002  00000000  00000002  RWIX
  INT36                 0000ffd0   00000002  00000000  00000002  RWIX
  INT37                 0000ffd2   00000002  00000000  00000002  RWIX
  INT38                 0000ffd4   00000002  00000000  00000002  RWIX
  INT39                 0000ffd6   00000002  00000000  00000002  RWIX
  INT40                 0000ffd8   00000002  00000000  00000002  RWIX
  INT41                 0000ffda   00000002  00000002  00000000  RWIX
  INT42                 0000ffdc   00000002  00000002  00000000  RWIX
  INT43                 0000ffde   00000002  00000002  00000000  RWIX
  INT44                 0000ffe0   00000002  00000002  00000000  RWIX
  INT45                 0000ffe2   00000002  00000002  00000000  RWIX
  INT46                 0000ffe4   00000002  00000002  00000000  RWIX
  INT47                 0000ffe6   00000002  00000002  00000000  RWIX
  INT48                 0000ffe8   00000002  00000002  00000000  RWIX
  INT49                 0000ffea   00000002  00000002  00000000  RWIX
  INT50                 0000ffec   00000002  00000002  00000000  RWIX
  INT51                 0000ffee   00000002  00000002  00000000  RWIX
  INT52                 0000fff0   00000002  00000002  00000000  RWIX
  INT53                 0000fff2   00000002  00000002  00000000  RWIX
  INT54                 0000fff4   00000002  00000002  00000000  RWIX
  INT55                 0000fff6   00000002  00000002  00000000  RWIX
  INT56                 0000fff8   00000002  00000002  00000000  RWIX
  INT57                 0000fffa   00000002  00000002  00000000  RWIX
  INT58                 0000fffc   00000002  00000002  00000000  RWIX
  RESET                 0000fffe   00000002  00000002  00000000  RWIX


SECTION ALLOCATION MAP

 output                                  attributes/
section   page    origin      length       input sections
--------  ----  ----------  ----------   ----------------
.TI.persistent 
*          0    0000c400    00000000     UNINITIALIZED

.cinit     0    0000c400    0000002e     
                  0000c400    0000000c     (__TI_handler_table)
                  0000c40c    0000000b     (.cinit..data.load) [load image, compression = lzss]
                  0000c417    00000001     --HOLE-- [fill = 0]
                  0000c418    00000006     (.cinit..bss.load) [load image, compression = zero_init]
                  0000c41e    00000010     (__TI_cinit_table)

.pinit     0    0000c42e    00000000     UNINITIALIZED

.binit     0    0000c42e    00000000     

.init_array 
*          0    0000c42e    00000000     UNINITIALIZED

.mspabi.exidx 
*          0    0000c42e    00000000     UNINITIALIZED

.mspabi.extab 
*          0    0000c42e    00000000     UNINITIALIZED

.const     0    0000c42e    00000056     
                  0000c42e    00000024     tasks.obj (.const:.string)
                  0000c452    0000001c     gpio.obj (.const:GPIO_PORT_TO_BASE)
                  0000c46e    00000008     timers.obj (.const:.string)
                  0000c476    00000006     timers.obj (.const:$P$T0$2)
                  0000c47c    00000006     tasks.obj (.const:.string)
                  0000c482    00000002     tasks.obj (.const)

.text      0    0000c484    00002262     
                  0000c484    000001cc     queue.obj (.text:xQueueSemaphoreTake)
                  0000c650    0000017e     queue.obj (.text:xQueueGenericSend)
                  0000c7ce    0000016c     tasks.obj (.text:xTaskResumeAll)
                  0000c93a    0000016a     queue.obj (.text:xQueueReceive)
                  0000caa4    0000015c     tasks.obj (.text:xTaskIncrementTick)
                  0000cc00    0000012a     heap_4.obj (.text:pvPortMalloc)
                  0000cd2a    00000128     tasks.obj (.text:xTaskRemoveFromEventList)
                  0000ce52    000000f4     timers.obj (.text:prvProcessReceivedCommands)
                  0000cf46    000000ee     rts430x_lc_sd_eabi.lib : copy_decompress_lzss.c.obj (.text:decompress:lzss:__TI_decompress_lzss)
                  0000d034    000000d8     tasks.obj (.text:xTaskPriorityInherit)
                  0000d10c    000000d2     tasks.obj (.text:vTaskPriorityDisinheritAfterTimeout)
                  0000d1de    000000d0     tasks.obj (.text:prvAddNewTaskToReadyList)
                  0000d2ae    000000cc     tasks.obj (.text:prvInitialiseNewTask)
                  0000d37a    000000c8     tasks.obj (.text:vTaskSwitchContext)
                  0000d442    000000c8     queue.obj (.text:xQueueGenericReset)
                  0000d50a    000000bc     tasks.obj (.text:xTaskPriorityDisinherit)
                  0000d5c6    000000b4     portext.obj (.text)
                  0000d67a    000000a8     tasks.obj (.text:prvCreateIdleTasks)
                  0000d722    0000009e     queue.obj (.text:prvUnlockQueue)
                  0000d7c0    0000009c     tasks.obj (.text:prvCreateStaticTask)
                  0000d85c    00000098     tasks.obj (.text:prvAddCurrentTaskToDelayedList)
                  0000d8f4    00000086     queue.obj (.text:prvCopyDataToQueue)
                  0000d97a    00000080     heap_4.obj (.text:vPortFree)
                  0000d9fa    0000007e     tasks.obj (.text:prvCreateTask)
                  0000da78    00000078     tasks.obj (.text:xTaskCheckForTimeOut)
                  0000daf0    00000074     timers.obj (.text:xTimerCreateTimerTask)
                  0000db64    00000070     heap_4.obj (.text:prvInsertBlockIntoFreeList)
                  0000dbd4    0000006c     queue.obj (.text:xQueueGenericCreate)
                  0000dc40    0000006a     rts430x_lc_sd_eabi.lib : autoinit.c.obj (.text:__TI_auto_init_nobinit_nopinit_hold_wdt:__TI_auto_init_nobinit_nopinit_hold_wdt)
                  0000dcaa    0000006a     queue.obj (.text:xQueueGenericCreateStatic)
                  0000dd14    00000068     timers.obj (.text:prvProcessTimerOrBlockTask)
                  0000dd7c    00000062     timers.obj (.text:prvCheckForValidListAndQueue)
                  0000ddde    00000062     tasks.obj (.text:vTaskPlaceOnEventListRestricted)
                  0000de40    0000005e     tasks.obj (.text:prvInitialiseTaskLists)
                  0000de9e    00000052     heap_4.obj (.text:prvHeapInit)
                  0000def0    00000050     queue.obj (.text:vQueueWaitForMessageRestricted)
                  0000df40    0000004e     tasks.obj (.text:prvCheckTasksWaitingTermination)
                  0000df8e    00000048     timers.obj (.text:prvInsertTimerInActiveList)
                  0000dfd6    00000042     tasks.obj (.text:xTaskCreateStatic)
                  0000e018    00000040     rts430x_lc_sd_eabi.lib : cpy_util.asm.obj (.text:__memcpy_far)
                  0000e058    0000003e                            : copy_zero_init.c.obj (.text:decompress:ZI:__TI_zero_init)
                  0000e096    0000003c                            : copy_decompress_none.c.obj (.text:decompress:none:__TI_decompress_none)
                  0000e0d2    0000003c     timers.obj (.text:prvProcessExpiredTimer)
                  0000e10e    0000003c     list.obj (.text:vListInsert)
                  0000e14a    0000003a     tasks.obj (.text:init_tasks)
                  0000e184    0000003a     main.obj (.text:main)
                  0000e1be    00000038     tasks.obj (.text:vTaskStartScheduler)
                  0000e1f6    00000036     tasks.obj (.text:prvDeleteTCB)
                  0000e22c    00000036     led_task.obj (.text:vLedTurnOffTask)
                  0000e262    00000036     led_task.obj (.text:vLedTurnOnTask)
                  0000e298    00000030     timers.obj (.text:prvReloadTimer)
                  0000e2c8    00000030     list.obj (.text:uxListRemove)
                  0000e2f8    00000030     tasks.obj (.text:vTaskDelay)
                  0000e328    0000002e     queue.obj (.text:prvIsQueueFull)
                  0000e356    0000002c     queue.obj (.text:prvIsQueueEmpty)
                  0000e382    0000002c     tasks.obj (.text:xTaskCreate)
                  0000e3ae    0000002a     queue.obj (.text:prvCopyDataFromQueue)
                  0000e3d8    0000002a     tasks.obj (.text:vTaskPlaceOnEventList)
                  0000e402    00000028     timers.obj (.text:prvGetNextExpireTime)
                  0000e42a    00000028     timers.obj (.text:prvSampleTimeNow)
                  0000e452    00000024     timers.obj (.text:prvSwitchTimerLists)
                  0000e476    00000024     tasks.obj (.text:xTaskGetTickCount)
                  0000e49a    00000022     freeRTOS_support.obj (.text:vApplicationSetupTimerInterrupt)
                  0000e4bc    00000022     list.obj (.text:vListInitialise)
                  0000e4de    00000020     queue.obj (.text:prvInitialiseNewQueue)
                  0000e4fe    00000020     port.obj (.text:pxPortInitialiseStack)
                  0000e51e    0000001e     gpio.obj (.text:GPIO_setAsOutputPin)
                  0000e53c    0000001e     tasks.obj (.text:prvResetNextTaskUnblockTime)
                  0000e55a    0000001c     rts430x_lc_sd_eabi.lib : boot.c.obj (.text:_isr:_c_int00_noargs)
                  0000e576    00000018                            : mult16_f5hw.asm.obj (.text)
                  0000e58e    00000018     tasks.obj (.text:xTaskGetSchedulerState)
                  0000e5a6    00000016     gpio.obj (.text:GPIO_setOutputHighOnPin)
                  0000e5bc    00000016     gpio.obj (.text:GPIO_setOutputLowOnPin)
                  0000e5d2    00000016     wdt_a.obj (.text:WDT_A_hold)
                  0000e5e8    00000016     queue.obj (.text:prvGetDisinheritPriorityAfterTimeout)
                  0000e5fe    00000016     timers.obj (.text:prvTimerTask)
                  0000e614    00000016     rts430x_lc_sd_eabi.lib : div16u.asm.obj (.text)
                  0000e62a    00000014                            : memset.c.obj (.text:memset)
                  0000e63e    00000014     tasks.obj (.text:vApplicationGetIdleTaskMemory)
                  0000e652    00000014     tasks.obj (.text:vApplicationGetTimerTaskMemory)
                  0000e666    00000012     rts430x_lc_sd_eabi.lib : memcpy.c.obj (.text:memcpy)
                  0000e678    00000012     tasks.obj (.text:prvIdleTask)
                  0000e68a    00000010     port.obj (.text:_isr:vTickISREntry)
                  0000e69a    0000000e     tasks.obj (.text:pvTaskIncrementMutexHeldCount)
                  0000e6a8    0000000e     tasks.obj (.text:vTaskInternalSetTimeOutState)
                  0000e6b6    00000008     rts430x_lc_sd_eabi.lib : isr_trap.asm.obj (.text:_isr:__TI_ISR_TRAP)
                  0000e6be    00000006     pmm.obj (.text:PMM_unlockLPM5)
                  0000e6c4    00000006     rts430x_lc_sd_eabi.lib : exit.c.obj (.text:abort)
                  0000e6ca    00000006     list.obj (.text:vListInitialiseItem)
                  0000e6d0    00000006     tasks.obj (.text:vTaskMissedYield)
                  0000e6d6    00000006     tasks.obj (.text:vTaskSuspendAll)
                  0000e6dc    00000004     rts430x_lc_sd_eabi.lib : pre_init.c.obj (.text:_system_pre_init)
                  0000e6e0    00000004     freeRTOS_support.obj (.text:vApplicationStackOverflowHook)
                  0000e6e4    00000002     rts430x_lc_sd_eabi.lib : startup.c.obj (.text:_system_post_cinit)

.bss       0    00002000    00000b52     UNINITIALIZED
                  00002000    00000800     heap_4.obj (.bss:ucHeap)
                  00002800    00000100     tasks.obj (.bss:uxIdleTaskStack$2)
                  00002900    00000100     tasks.obj (.bss:uxTimerTaskStack$4)
                  00002a00    0000003c     timers.obj (.bss:ucStaticTimerQueueStorage$4)
                  00002a3c    00000034     tasks.obj (.bss:xIdleTaskTCB$1)
                  00002a70    00000034     tasks.obj (.bss:xTimerTaskTCB$3)
                  00002aa4    00000032     tasks.obj (.bss:pxReadyTasksLists)
                  00002ad6    00000026     timers.obj (.bss:xStaticTimerQueue$3)
                  00002afc    0000000a     timers.obj (.bss:xActiveTimerList1)
                  00002b06    0000000a     timers.obj (.bss:xActiveTimerList2)
                  00002b10    0000000a     tasks.obj (.bss:xDelayedTaskList1)
                  00002b1a    0000000a     tasks.obj (.bss:xDelayedTaskList2)
                  00002b24    0000000a     tasks.obj (.bss:xPendingReadyList)
                  00002b2e    0000000a     tasks.obj (.bss:xSuspendedTaskList)
                  00002b38    0000000a     tasks.obj (.bss:xTasksWaitingTermination)
                  00002b42    00000004     tasks.obj (.bss)
                  00002b46    00000004     timers.obj (.bss)
                  00002b4a    00000004     heap_4.obj (.bss:xStart)
                  00002b4e    00000002     tasks.obj (.bss:xIdleTaskHandles)
                  00002b50    00000002     (.common:xLedSemaphore)

.data      0    00002b52    0000002a     UNINITIALIZED
                  00002b52    00000016     tasks.obj (.data)
                  00002b68    0000000a     heap_4.obj (.data)
                  00002b72    00000006     timers.obj (.data)
                  00002b78    00000002     port.obj (.data)
                  00002b7a    00000002     tasks.obj (.data:xYieldPendings)

.stack     0    00002f60    000000a0     UNINITIALIZED
                  00002f60    00000002     rts430x_lc_sd_eabi.lib : boot.c.obj (.stack)
                  00002f62    0000009e     --HOLE--

PORT2      0    0000ffda    00000002     
                  0000ffda    00000002     rts430x_lc_sd_eabi.lib : int41.asm.obj (.int41)

PORT1      0    0000ffdc    00000002     
                  0000ffdc    00000002     rts430x_lc_sd_eabi.lib : int42.asm.obj (.int42)

ADC        0    0000ffde    00000002     
                  0000ffde    00000002     rts430x_lc_sd_eabi.lib : int43.asm.obj (.int43)

USCI_B0    0    0000ffe0    00000002     
                  0000ffe0    00000002     rts430x_lc_sd_eabi.lib : int44.asm.obj (.int44)

USCI_A1    0    0000ffe2    00000002     
                  0000ffe2    00000002     rts430x_lc_sd_eabi.lib : int45.asm.obj (.int45)

USCI_A0    0    0000ffe4    00000002     
                  0000ffe4    00000002     rts430x_lc_sd_eabi.lib : int46.asm.obj (.int46)

WDT        0    0000ffe6    00000002     
                  0000ffe6    00000002     rts430x_lc_sd_eabi.lib : int47.asm.obj (.int47)

RTC        0    0000ffe8    00000002     
                  0000ffe8    00000002     rts430x_lc_sd_eabi.lib : int48.asm.obj (.int48)

TIMER3_A1 
*          0    0000ffea    00000002     
                  0000ffea    00000002     rts430x_lc_sd_eabi.lib : int49.asm.obj (.int49)

TIMER3_A0 
*          0    0000ffec    00000002     
                  0000ffec    00000002     rts430x_lc_sd_eabi.lib : int50.asm.obj (.int50)

TIMER2_A1 
*          0    0000ffee    00000002     
                  0000ffee    00000002     rts430x_lc_sd_eabi.lib : int51.asm.obj (.int51)

TIMER2_A0 
*          0    0000fff0    00000002     
                  0000fff0    00000002     rts430x_lc_sd_eabi.lib : int52.asm.obj (.int52)

TIMER1_A1 
*          0    0000fff2    00000002     
                  0000fff2    00000002     rts430x_lc_sd_eabi.lib : int53.asm.obj (.int53)

TIMER1_A0 
*          0    0000fff4    00000002     
                  0000fff4    00000002     rts430x_lc_sd_eabi.lib : int54.asm.obj (.int54)

TIMER0_A1 
*          0    0000fff6    00000002     
                  0000fff6    00000002     rts430x_lc_sd_eabi.lib : int55.asm.obj (.int55)

TIMER0_A0 
*          0    0000fff8    00000002     
                  0000fff8    00000002     port.obj (.int56)

UNMI       0    0000fffa    00000002     
                  0000fffa    00000002     rts430x_lc_sd_eabi.lib : int57.asm.obj (.int57)

SYSNMI     0    0000fffc    00000002     
                  0000fffc    00000002     rts430x_lc_sd_eabi.lib : int58.asm.obj (.int58)

.reset     0    0000fffe    00000002     
                  0000fffe    00000002     rts430x_lc_sd_eabi.lib : boot.c.obj (.reset)

$fill000   0    0000ff80    00000004     
                  0000ff80    00000004     --HOLE-- [fill = ffff]

$fill001   0    0000ff84    00000004     
                  0000ff84    00000004     --HOLE-- [fill = ffff]

MODULE SUMMARY

       Module                       code   ro data   rw data
       ------                       ----   -------   -------
    .\
       main.obj                     58     0         2      
    +--+----------------------------+------+---------+---------+
       Total:                       58     0         2      
                                                            
    .\FreeRTOS-Kernel\src\
       tasks.obj                    3724   8         746    
       queue.obj                    2176   0         0      
       timers.obj                   880    14        128    
       list.obj                     148    0         0      
    +--+----------------------------+------+---------+---------+
       Total:                       6928   22        874    
                                                            
    .\FreeRTOS-Kernel\src\portable\CCS\MSP430X\
       portext.obj                  180    0         0      
       port.obj                     48     2         2      
    +--+----------------------------+------+---------+---------+
       Total:                       228    2         2      
                                                            
    .\FreeRTOS-Kernel\src\portable\MemMang\
       heap_4.obj                   620    0         2062   
    +--+----------------------------+------+---------+---------+
       Total:                       620    0         2062   
                                                            
    .\driverlib\MSP430FR2xx_4xx\
       gpio.obj                     74     28        0      
       wdt_a.obj                    22     0         0      
       pmm.obj                      6      0         0      
    +--+----------------------------+------+---------+---------+
       Total:                       102    28        0      
                                                            
    .\include\
       freeRTOS_support.obj         38     0         0      
    +--+----------------------------+------+---------+---------+
       Total:                       38     0         0      
                                                            
    .\tasks\
       led_task.obj                 108    0         0      
       tasks.obj                    58     36        0      
    +--+----------------------------+------+---------+---------+
       Total:                       166    36        0      
                                                            
    C:\ti\ccs2010\ccs\tools\compiler\ti-cgt-msp430_21.6.1.LTS\lib\rts430x_lc_sd_eabi.lib
       copy_decompress_lzss.c.obj   238    0         0      
       autoinit.c.obj               106    0         0      
       cpy_util.asm.obj             64     0         0      
       copy_zero_init.c.obj         62     0         0      
       copy_decompress_none.c.obj   60     0         0      
       boot.c.obj                   28     2         0      
       mult16_f5hw.asm.obj          24     0         0      
       div16u.asm.obj               22     0         0      
       memset.c.obj                 20     0         0      
       memcpy.c.obj                 18     0         0      
       isr_trap.asm.obj             8      0         0      
       exit.c.obj                   6      0         0      
       pre_init.c.obj               4      0         0      
       int41.asm.obj                0      2         0      
       int42.asm.obj                0      2         0      
       int43.asm.obj                0      2         0      
       int44.asm.obj                0      2         0      
       int45.asm.obj                0      2         0      
       int46.asm.obj                0      2         0      
       int47.asm.obj                0      2         0      
       int48.asm.obj                0      2         0      
       int49.asm.obj                0      2         0      
       int50.asm.obj                0      2         0      
       int51.asm.obj                0      2         0      
       int52.asm.obj                0      2         0      
       int53.asm.obj                0      2         0      
       int54.asm.obj                0      2         0      
       int55.asm.obj                0      2         0      
       int57.asm.obj                0      2         0      
       int58.asm.obj                0      2         0      
       startup.c.obj                2      0         0      
    +--+----------------------------+------+---------+---------+
       Total:                       662    36        0      
                                                            
       Stack:                       0      0         160    
       Linker Generated:            0      45        0      
    +--+----------------------------+------+---------+---------+
       Grand Total:                 8802   169       3100   


LINKER GENERATED COPY TABLES

__TI_cinit_table @ 0000c41e records: 2, size/record: 8, table size: 16
	.data: load addr=0000c40c, load size=0000000b bytes, run addr=00002b52, run size=0000002a bytes, compression=lzss
	.bss: load addr=0000c418, load size=00000006 bytes, run addr=00002000, run size=00000b52 bytes, compression=zero_init


LINKER GENERATED HANDLER TABLE

__TI_handler_table @ 0000c400 records: 3, size/record: 4, table size: 12
	index: 0, handler: __TI_zero_init
	index: 1, handler: __TI_decompress_lzss
	index: 2, handler: __TI_decompress_none


GLOBAL SYMBOLS: SORTED ALPHABETICALLY BY Name 

address   name                                   
-------   ----                                   
00000700  ADCCTL0                                
00000701  ADCCTL0_H                              
00000700  ADCCTL0_L                              
00000702  ADCCTL1                                
00000703  ADCCTL1_H                              
00000702  ADCCTL1_L                              
00000704  ADCCTL2                                
00000705  ADCCTL2_H                              
00000704  ADCCTL2_L                              
00000708  ADCHI                                  
00000709  ADCHI_H                                
00000708  ADCHI_L                                
0000071a  ADCIE                                  
0000071b  ADCIE_H                                
0000071a  ADCIE_L                                
0000071c  ADCIFG                                 
0000071d  ADCIFG_H                               
0000071c  ADCIFG_L                               
0000071e  ADCIV                                  
0000071f  ADCIV_H                                
0000071e  ADCIV_L                                
00000706  ADCLO                                  
00000707  ADCLO_H                                
00000706  ADCLO_L                                
0000070a  ADCMCTL0                               
0000070b  ADCMCTL0_H                             
0000070a  ADCMCTL0_L                             
00000712  ADCMEM0                                
00000713  ADCMEM0_H                              
00000712  ADCMEM0_L                              
00000660  BAKMEM0                                
00000661  BAKMEM0_H                              
00000660  BAKMEM0_L                              
00000662  BAKMEM1                                
00000674  BAKMEM10                               
00000675  BAKMEM10_H                             
00000674  BAKMEM10_L                             
00000676  BAKMEM11                               
00000677  BAKMEM11_H                             
00000676  BAKMEM11_L                             
00000678  BAKMEM12                               
00000679  BAKMEM12_H                             
00000678  BAKMEM12_L                             
0000067a  BAKMEM13                               
0000067b  BAKMEM13_H                             
0000067a  BAKMEM13_L                             
0000067c  BAKMEM14                               
0000067d  BAKMEM14_H                             
0000067c  BAKMEM14_L                             
0000067e  BAKMEM15                               
0000067f  BAKMEM15_H                             
0000067e  BAKMEM15_L                             
00000663  BAKMEM1_H                              
00000662  BAKMEM1_L                              
00000664  BAKMEM2                                
00000665  BAKMEM2_H                              
00000664  BAKMEM2_L                              
00000666  BAKMEM3                                
00000667  BAKMEM3_H                              
00000666  BAKMEM3_L                              
00000668  BAKMEM4                                
00000669  BAKMEM4_H                              
00000668  BAKMEM4_L                              
0000066a  BAKMEM5                                
0000066b  BAKMEM5_H                              
0000066a  BAKMEM5_L                              
0000066c  BAKMEM6                                
0000066d  BAKMEM6_H                              
0000066c  BAKMEM6_L                              
0000066e  BAKMEM7                                
0000066f  BAKMEM7_H                              
0000066e  BAKMEM7_L                              
00000670  BAKMEM8                                
00000671  BAKMEM8_H                              
00000670  BAKMEM8_L                              
00000672  BAKMEM9                                
00000673  BAKMEM9_H                              
00000672  BAKMEM9_L                              
0000e6c4  C$$EXIT                                
000001c0  CRCDI                                  
000001c2  CRCDIRB                                
000001c3  CRCDIRB_H                              
000001c2  CRCDIRB_L                              
000001c1  CRCDI_H                                
000001c0  CRCDI_L                                
000001c4  CRCINIRES                              
000001c5  CRCINIRES_H                            
000001c4  CRCINIRES_L                            
000001c6  CRCRESR                                
000001c7  CRCRESR_H                              
000001c6  CRCRESR_L                              
00000180  CSCTL0                                 
00000181  CSCTL0_H                               
00000180  CSCTL0_L                               
00000182  CSCTL1                                 
00000183  CSCTL1_H                               
00000182  CSCTL1_L                               
00000184  CSCTL2                                 
00000185  CSCTL2_H                               
00000184  CSCTL2_L                               
00000186  CSCTL3                                 
00000187  CSCTL3_H                               
00000186  CSCTL3_L                               
00000188  CSCTL4                                 
00000189  CSCTL4_H                               
00000188  CSCTL4_L                               
0000018a  CSCTL5                                 
0000018b  CSCTL5_H                               
0000018a  CSCTL5_L                               
0000018c  CSCTL6                                 
0000018d  CSCTL6_H                               
0000018c  CSCTL6_L                               
0000018e  CSCTL7                                 
0000018f  CSCTL7_H                               
0000018e  CSCTL7_L                               
00000190  CSCTL8                                 
00000191  CSCTL8_H                               
00000190  CSCTL8_L                               
000001a0  FRCTL0                                 
000001a1  FRCTL0_H                               
000001a0  FRCTL0_L                               
000001a4  GCCTL0                                 
000001a5  GCCTL0_H                               
000001a4  GCCTL0_L                               
000001a6  GCCTL1                                 
000001a7  GCCTL1_H                               
000001a6  GCCTL1_L                               
0000e51e  GPIO_setAsOutputPin                    
0000e5a6  GPIO_setOutputHighOnPin                
0000e5bc  GPIO_setOutputLowOnPin                 
000004c4  MAC                                    
000004da  MAC32H                                 
000004db  MAC32H_H                               
000004da  MAC32H_L                               
000004d8  MAC32L                                 
000004d9  MAC32L_H                               
000004d8  MAC32L_L                               
000004c6  MACS                                   
000004de  MACS32H                                
000004df  MACS32H_H                              
000004de  MACS32H_L                              
000004dc  MACS32L                                
000004dd  MACS32L_H                              
000004dc  MACS32L_L                              
000004c7  MACS_H                                 
000004c6  MACS_L                                 
000004c5  MAC_H                                  
000004c4  MAC_L                                  
000004c0  MPY                                    
000004ec  MPY32CTL0                              
000004ed  MPY32CTL0_H                            
000004ec  MPY32CTL0_L                            
000004d2  MPY32H                                 
000004d3  MPY32H_H                               
000004d2  MPY32H_L                               
000004d0  MPY32L                                 
000004d1  MPY32L_H                               
000004d0  MPY32L_L                               
000004c2  MPYS                                   
000004d6  MPYS32H                                
000004d7  MPYS32H_H                              
000004d6  MPYS32H_L                              
000004d4  MPYS32L                                
000004d5  MPYS32L_H                              
000004d4  MPYS32L_L                              
000004c3  MPYS_H                                 
000004c2  MPYS_L                                 
000004c1  MPY_H                                  
000004c0  MPY_L                                  
000004c8  OP2                                    
000004e2  OP2H                                   
000004e3  OP2H_H                                 
000004e2  OP2H_L                                 
000004e0  OP2L                                   
000004e1  OP2L_H                                 
000004e0  OP2L_L                                 
000004c9  OP2_H                                  
000004c8  OP2_L                                  
0000020e  P1IV                                   
0000021e  P2IV                                   
00000204  PADIR                                  
00000205  PADIR_H                                
00000204  PADIR_L                                
0000021a  PAIE                                   
00000218  PAIES                                  
00000219  PAIES_H                                
00000218  PAIES_L                                
0000021b  PAIE_H                                 
0000021a  PAIE_L                                 
0000021c  PAIFG                                  
0000021d  PAIFG_H                                
0000021c  PAIFG_L                                
00000200  PAIN                                   
00000201  PAIN_H                                 
00000200  PAIN_L                                 
00000202  PAOUT                                  
00000203  PAOUT_H                                
00000202  PAOUT_L                                
00000206  PAREN                                  
00000207  PAREN_H                                
00000206  PAREN_L                                
0000020a  PASEL0                                 
0000020b  PASEL0_H                               
0000020a  PASEL0_L                               
0000020c  PASEL1                                 
0000020d  PASEL1_H                               
0000020c  PASEL1_L                               
00000224  PBDIR                                  
00000225  PBDIR_H                                
00000224  PBDIR_L                                
00000220  PBIN                                   
00000221  PBIN_H                                 
00000220  PBIN_L                                 
00000222  PBOUT                                  
00000223  PBOUT_H                                
00000222  PBOUT_L                                
00000226  PBREN                                  
00000227  PBREN_H                                
00000226  PBREN_L                                
0000022a  PBSEL0                                 
0000022b  PBSEL0_H                               
0000022a  PBSEL0_L                               
0000022c  PBSEL1                                 
0000022d  PBSEL1_H                               
0000022c  PBSEL1_L                               
00000130  PM5CTL0                                
00000131  PM5CTL0_H                              
00000130  PM5CTL0_L                              
00000120  PMMCTL0                                
00000121  PMMCTL0_H                              
00000120  PMMCTL0_L                              
00000122  PMMCTL1                                
00000123  PMMCTL1_H                              
00000122  PMMCTL1_L                              
00000124  PMMCTL2                                
00000125  PMMCTL2_H                              
00000124  PMMCTL2_L                              
0000012e  PMMIE                                  
0000012f  PMMIE_H                                
0000012e  PMMIE_L                                
0000012a  PMMIFG                                 
0000012b  PMMIFG_H                               
0000012a  PMMIFG_L                               
0000e6be  PMM_unlockLPM5                         
000004e4  RES0                                   
000004e5  RES0_H                                 
000004e4  RES0_L                                 
000004e6  RES1                                   
000004e7  RES1_H                                 
000004e6  RES1_L                                 
000004e8  RES2                                   
000004e9  RES2_H                                 
000004e8  RES2_L                                 
000004ea  RES3                                   
000004eb  RES3_H                                 
000004ea  RES3_L                                 
000004cc  RESHI                                  
000004cd  RESHI_H                                
000004cc  RESHI_L                                
000004ca  RESLO                                  
000004cb  RESLO_H                                
000004ca  RESLO_L                                
0000030c  RTCCNT                                 
0000030d  RTCCNT_H                               
0000030c  RTCCNT_L                               
00000300  RTCCTL                                 
00000301  RTCCTL_H                               
00000300  RTCCTL_L                               
00000304  RTCIV                                  
00000305  RTCIV_H                                
00000304  RTCIV_L                                
00000308  RTCMOD                                 
00000309  RTCMOD_H                               
00000308  RTCMOD_L                               
00000100  SFRIE1                                 
00000101  SFRIE1_H                               
00000100  SFRIE1_L                               
00000102  SFRIFG1                                
00000103  SFRIFG1_H                              
00000102  SFRIFG1_L                              
00000104  SFRRPCR                                
00000105  SFRRPCR_H                              
00000104  SFRRPCR_L                              
000004ce  SUMEXT                                 
000004cf  SUMEXT_H                               
000004ce  SUMEXT_L                               
00000158  SYSBERRIV                              
00000159  SYSBERRIV_H                            
00000158  SYSBERRIV_L                            
00000142  SYSBSLC                                
00000143  SYSBSLC_H                              
00000142  SYSBSLC_L                              
00000160  SYSCFG0                                
00000161  SYSCFG0_H                              
00000160  SYSCFG0_L                              
00000162  SYSCFG1                                
00000163  SYSCFG1_H                              
00000162  SYSCFG1_L                              
00000164  SYSCFG2                                
00000165  SYSCFG2_H                              
00000164  SYSCFG2_L                              
00000140  SYSCTL                                 
00000141  SYSCTL_H                               
00000140  SYSCTL_L                               
00000146  SYSJMBC                                
00000147  SYSJMBC_H                              
00000146  SYSJMBC_L                              
00000148  SYSJMBI0                               
00000149  SYSJMBI0_H                             
00000148  SYSJMBI0_L                             
0000014a  SYSJMBI1                               
0000014b  SYSJMBI1_H                             
0000014a  SYSJMBI1_L                             
0000014c  SYSJMBO0                               
0000014d  SYSJMBO0_H                             
0000014c  SYSJMBO0_L                             
0000014e  SYSJMBO1                               
0000014f  SYSJMBO1_H                             
0000014e  SYSJMBO1_L                             
0000015e  SYSRSTIV                               
0000015f  SYSRSTIV_H                             
0000015e  SYSRSTIV_L                             
0000015c  SYSSNIV                                
0000015d  SYSSNIV_H                              
0000015c  SYSSNIV_L                              
0000015a  SYSUNIV                                
0000015b  SYSUNIV_H                              
0000015a  SYSUNIV_L                              
00000392  TA0CCR0                                
00000394  TA0CCR1                                
00000396  TA0CCR2                                
00000382  TA0CCTL0                               
00000384  TA0CCTL1                               
00000386  TA0CCTL2                               
00000380  TA0CTL                                 
000003a0  TA0EX0                                 
000003ae  TA0IV                                  
00000390  TA0R                                   
000003d2  TA1CCR0                                
000003d4  TA1CCR1                                
000003d6  TA1CCR2                                
000003c2  TA1CCTL0                               
000003c4  TA1CCTL1                               
000003c6  TA1CCTL2                               
000003c0  TA1CTL                                 
000003e0  TA1EX0                                 
000003ee  TA1IV                                  
000003d0  TA1R                                   
00000412  TA2CCR0                                
00000414  TA2CCR1                                
00000402  TA2CCTL0                               
00000404  TA2CCTL1                               
00000400  TA2CTL                                 
00000420  TA2EX0                                 
0000042e  TA2IV                                  
00000410  TA2R                                   
00000452  TA3CCR0                                
00000454  TA3CCR1                                
00000442  TA3CCTL0                               
00000444  TA3CCTL1                               
00000440  TA3CTL                                 
00000460  TA3EX0                                 
0000046e  TA3IV                                  
00000450  TA3R                                   
00000510  UCA0ABCTL                              
00000506  UCA0BRW                                
00000507  UCA0BRW_H                              
00000506  UCA0BRW_L                              
00000500  UCA0CTLW0                              
00000501  UCA0CTLW0_H                            
00000500  UCA0CTLW0_L                            
00000502  UCA0CTLW1                              
00000503  UCA0CTLW1_H                            
00000502  UCA0CTLW1_L                            
0000051a  UCA0IE                                 
0000051b  UCA0IE_H                               
0000051a  UCA0IE_L                               
0000051c  UCA0IFG                                
0000051d  UCA0IFG_H                              
0000051c  UCA0IFG_L                              
00000512  UCA0IRCTL                              
00000513  UCA0IRCTL_H                            
00000512  UCA0IRCTL_L                            
0000051e  UCA0IV                                 
00000508  UCA0MCTLW                              
00000509  UCA0MCTLW_H                            
00000508  UCA0MCTLW_L                            
0000050c  UCA0RXBUF                              
0000050d  UCA0RXBUF_H                            
0000050c  UCA0RXBUF_L                            
0000050a  UCA0STATW                              
0000050e  UCA0TXBUF                              
0000050f  UCA0TXBUF_H                            
0000050e  UCA0TXBUF_L                            
00000530  UCA1ABCTL                              
00000526  UCA1BRW                                
00000527  UCA1BRW_H                              
00000526  UCA1BRW_L                              
00000520  UCA1CTLW0                              
00000521  UCA1CTLW0_H                            
00000520  UCA1CTLW0_L                            
00000522  UCA1CTLW1                              
00000523  UCA1CTLW1_H                            
00000522  UCA1CTLW1_L                            
0000053a  UCA1IE                                 
0000053b  UCA1IE_H                               
0000053a  UCA1IE_L                               
0000053c  UCA1IFG                                
0000053d  UCA1IFG_H                              
0000053c  UCA1IFG_L                              
00000532  UCA1IRCTL                              
00000533  UCA1IRCTL_H                            
00000532  UCA1IRCTL_L                            
0000053e  UCA1IV                                 
00000528  UCA1MCTLW                              
00000529  UCA1MCTLW_H                            
00000528  UCA1MCTLW_L                            
0000052c  UCA1RXBUF                              
0000052d  UCA1RXBUF_H                            
0000052c  UCA1RXBUF_L                            
0000052a  UCA1STATW                              
0000052e  UCA1TXBUF                              
0000052f  UCA1TXBUF_H                            
0000052e  UCA1TXBUF_L                            
0000055e  UCB0ADDMASK                            
0000055f  UCB0ADDMASK_H                          
0000055e  UCB0ADDMASK_L                          
0000055c  UCB0ADDRX                              
0000055d  UCB0ADDRX_H                            
0000055c  UCB0ADDRX_L                            
00000546  UCB0BRW                                
00000547  UCB0BRW_H                              
00000546  UCB0BRW_L                              
00000540  UCB0CTLW0                              
00000541  UCB0CTLW0_H                            
00000540  UCB0CTLW0_L                            
00000542  UCB0CTLW1                              
00000543  UCB0CTLW1_H                            
00000542  UCB0CTLW1_L                            
00000554  UCB0I2COA0                             
00000555  UCB0I2COA0_H                           
00000554  UCB0I2COA0_L                           
00000556  UCB0I2COA1                             
00000557  UCB0I2COA1_H                           
00000556  UCB0I2COA1_L                           
00000558  UCB0I2COA2                             
00000559  UCB0I2COA2_H                           
00000558  UCB0I2COA2_L                           
0000055a  UCB0I2COA3                             
0000055b  UCB0I2COA3_H                           
0000055a  UCB0I2COA3_L                           
00000560  UCB0I2CSA                              
00000561  UCB0I2CSA_H                            
00000560  UCB0I2CSA_L                            
0000056a  UCB0IE                                 
0000056b  UCB0IE_H                               
0000056a  UCB0IE_L                               
0000056c  UCB0IFG                                
0000056d  UCB0IFG_H                              
0000056c  UCB0IFG_L                              
0000056e  UCB0IV                                 
0000054c  UCB0RXBUF                              
0000054d  UCB0RXBUF_H                            
0000054c  UCB0RXBUF_L                            
00000548  UCB0STATW                              
00000549  UCB0STATW_H                            
00000548  UCB0STATW_L                            
0000054a  UCB0TBCNT                              
0000054b  UCB0TBCNT_H                            
0000054a  UCB0TBCNT_L                            
0000054e  UCB0TXBUF                              
0000054f  UCB0TXBUF_H                            
0000054e  UCB0TXBUF_L                            
000001cc  WDTCTL                                 
000001cd  WDTCTL_H                               
000001cc  WDTCTL_L                               
0000e5d2  WDT_A_hold                             
00003000  __STACK_END                            
000000a0  __STACK_SIZE                           
0000c41e  __TI_CINIT_Base                        
0000c42e  __TI_CINIT_Limit                       
0000c42e  __TI_CINIT_Warm                        
0000c400  __TI_Handler_Table_Base                
0000c40c  __TI_Handler_Table_Limit               
0000e6b6  __TI_ISR_TRAP                          
0000dc40  __TI_auto_init_nobinit_nopinit_hold_wdt
0000cf46  __TI_decompress_lzss                   
0000e096  __TI_decompress_none                   
0000ffda  __TI_int41                             
0000ffdc  __TI_int42                             
0000ffde  __TI_int43                             
0000ffe0  __TI_int44                             
0000ffe2  __TI_int45                             
0000ffe4  __TI_int46                             
0000ffe6  __TI_int47                             
0000ffe8  __TI_int48                             
0000ffea  __TI_int49                             
0000ffec  __TI_int50                             
0000ffee  __TI_int51                             
0000fff0  __TI_int52                             
0000fff2  __TI_int53                             
0000fff4  __TI_int54                             
0000fff6  __TI_int55                             
0000fff8  __TI_int56                             
0000fffa  __TI_int57                             
0000fffc  __TI_int58                             
ffffffff  __TI_pprof_out_hndl                    
ffffffff  __TI_prof_data_size                    
ffffffff  __TI_prof_data_start                   
0000e058  __TI_zero_init                         
ffffffff  __c_args__                             
0000e018  __memcpy_far                           
0000e614  __mspabi_divu                          
0000e576  __mspabi_mpyi_f5hw                     
0000e614  __mspabi_remu                          
0000e55a  _c_int00_noargs                        
0000fffe  _reset_vector                          
00002f60  _stack                                 
0000e6e4  _system_post_cinit                     
0000e6dc  _system_pre_init                       
0000e6c4  abort                                  
0000e14a  init_tasks                             
0000e184  main                                   
0000e666  memcpy                                 
0000e62a  memset                                 
0000cc00  pvPortMalloc                           
0000e69a  pvTaskIncrementMutexHeldCount          
00002b52  pxCurrentTCB                           
0000e4fe  pxPortInitialiseStack                  
00002b78  usCriticalNesting                      
0000e2c8  uxListRemove                           
0000e63e  vApplicationGetIdleTaskMemory          
0000e652  vApplicationGetTimerTaskMemory         
0000e49a  vApplicationSetupTimerInterrupt        
0000e6e0  vApplicationStackOverflowHook          
0000e22c  vLedTurnOffTask                        
0000e262  vLedTurnOnTask                         
0000e4bc  vListInitialise                        
0000e6ca  vListInitialiseItem                    
0000e10e  vListInsert                            
0000d5fa  vPortCooperativeTickISR                
0000d97a  vPortFree                              
0000d5c6  vPortPreemptiveTickISR                 
0000e49a  vPortSetupTimerInterrupt               
0000d62a  vPortYield                             
0000def0  vQueueWaitForMessageRestricted         
0000e2f8  vTaskDelay                             
0000e6a8  vTaskInternalSetTimeOutState           
0000e6d0  vTaskMissedYield                       
0000e3d8  vTaskPlaceOnEventList                  
0000ddde  vTaskPlaceOnEventListRestricted        
0000d10c  vTaskPriorityDisinheritAfterTimeout    
0000e1be  vTaskStartScheduler                    
0000e6d6  vTaskSuspendAll                        
0000d37a  vTaskSwitchContext                     
0000e68a  vTickISREntry                          
00002b50  xLedSemaphore                          
0000d65e  xPortStartScheduler                    
0000dbd4  xQueueGenericCreate                    
0000dcaa  xQueueGenericCreateStatic              
0000d442  xQueueGenericReset                     
0000c650  xQueueGenericSend                      
0000c93a  xQueueReceive                          
0000c484  xQueueSemaphoreTake                    
0000da78  xTaskCheckForTimeOut                   
0000e382  xTaskCreate                            
0000dfd6  xTaskCreateStatic                      
0000e58e  xTaskGetSchedulerState                 
0000e476  xTaskGetTickCount                      
0000caa4  xTaskIncrementTick                     
0000d50a  xTaskPriorityDisinherit                
0000d034  xTaskPriorityInherit                   
0000cd2a  xTaskRemoveFromEventList               
0000c7ce  xTaskResumeAll                         
0000daf0  xTimerCreateTimerTask                  


GLOBAL SYMBOLS: SORTED BY Symbol Address 

address   name                                   
-------   ----                                   
000000a0  __STACK_SIZE                           
00000100  SFRIE1                                 
00000100  SFRIE1_L                               
00000101  SFRIE1_H                               
00000102  SFRIFG1                                
00000102  SFRIFG1_L                              
00000103  SFRIFG1_H                              
00000104  SFRRPCR                                
00000104  SFRRPCR_L                              
00000105  SFRRPCR_H                              
00000120  PMMCTL0                                
00000120  PMMCTL0_L                              
00000121  PMMCTL0_H                              
00000122  PMMCTL1                                
00000122  PMMCTL1_L                              
00000123  PMMCTL1_H                              
00000124  PMMCTL2                                
00000124  PMMCTL2_L                              
00000125  PMMCTL2_H                              
0000012a  PMMIFG                                 
0000012a  PMMIFG_L                               
0000012b  PMMIFG_H                               
0000012e  PMMIE                                  
0000012e  PMMIE_L                                
0000012f  PMMIE_H                                
00000130  PM5CTL0                                
00000130  PM5CTL0_L                              
00000131  PM5CTL0_H                              
00000140  SYSCTL                                 
00000140  SYSCTL_L                               
00000141  SYSCTL_H                               
00000142  SYSBSLC                                
00000142  SYSBSLC_L                              
00000143  SYSBSLC_H                              
00000146  SYSJMBC                                
00000146  SYSJMBC_L                              
00000147  SYSJMBC_H                              
00000148  SYSJMBI0                               
00000148  SYSJMBI0_L                             
00000149  SYSJMBI0_H                             
0000014a  SYSJMBI1                               
0000014a  SYSJMBI1_L                             
0000014b  SYSJMBI1_H                             
0000014c  SYSJMBO0                               
0000014c  SYSJMBO0_L                             
0000014d  SYSJMBO0_H                             
0000014e  SYSJMBO1                               
0000014e  SYSJMBO1_L                             
0000014f  SYSJMBO1_H                             
00000158  SYSBERRIV                              
00000158  SYSBERRIV_L                            
00000159  SYSBERRIV_H                            
0000015a  SYSUNIV                                
0000015a  SYSUNIV_L                              
0000015b  SYSUNIV_H                              
0000015c  SYSSNIV                                
0000015c  SYSSNIV_L                              
0000015d  SYSSNIV_H                              
0000015e  SYSRSTIV                               
0000015e  SYSRSTIV_L                             
0000015f  SYSRSTIV_H                             
00000160  SYSCFG0                                
00000160  SYSCFG0_L                              
00000161  SYSCFG0_H                              
00000162  SYSCFG1                                
00000162  SYSCFG1_L                              
00000163  SYSCFG1_H                              
00000164  SYSCFG2                                
00000164  SYSCFG2_L                              
00000165  SYSCFG2_H                              
00000180  CSCTL0                                 
00000180  CSCTL0_L                               
00000181  CSCTL0_H                               
00000182  CSCTL1                                 
00000182  CSCTL1_L                               
00000183  CSCTL1_H                               
00000184  CSCTL2                                 
00000184  CSCTL2_L                               
00000185  CSCTL2_H                               
00000186  CSCTL3                                 
00000186  CSCTL3_L                               
00000187  CSCTL3_H                               
00000188  CSCTL4                                 
00000188  CSCTL4_L                               
00000189  CSCTL4_H                               
0000018a  CSCTL5                                 
0000018a  CSCTL5_L                               
0000018b  CSCTL5_H                               
0000018c  CSCTL6                                 
0000018c  CSCTL6_L                               
0000018d  CSCTL6_H                               
0000018e  CSCTL7                                 
0000018e  CSCTL7_L                               
0000018f  CSCTL7_H                               
00000190  CSCTL8                                 
00000190  CSCTL8_L                               
00000191  CSCTL8_H                               
000001a0  FRCTL0                                 
000001a0  FRCTL0_L                               
000001a1  FRCTL0_H                               
000001a4  GCCTL0                                 
000001a4  GCCTL0_L                               
000001a5  GCCTL0_H                               
000001a6  GCCTL1                                 
000001a6  GCCTL1_L                               
000001a7  GCCTL1_H                               
000001c0  CRCDI                                  
000001c0  CRCDI_L                                
000001c1  CRCDI_H                                
000001c2  CRCDIRB                                
000001c2  CRCDIRB_L                              
000001c3  CRCDIRB_H                              
000001c4  CRCINIRES                              
000001c4  CRCINIRES_L                            
000001c5  CRCINIRES_H                            
000001c6  CRCRESR                                
000001c6  CRCRESR_L                              
000001c7  CRCRESR_H                              
000001cc  WDTCTL                                 
000001cc  WDTCTL_L                               
000001cd  WDTCTL_H                               
00000200  PAIN                                   
00000200  PAIN_L                                 
00000201  PAIN_H                                 
00000202  PAOUT                                  
00000202  PAOUT_L                                
00000203  PAOUT_H                                
00000204  PADIR                                  
00000204  PADIR_L                                
00000205  PADIR_H                                
00000206  PAREN                                  
00000206  PAREN_L                                
00000207  PAREN_H                                
0000020a  PASEL0                                 
0000020a  PASEL0_L                               
0000020b  PASEL0_H                               
0000020c  PASEL1                                 
0000020c  PASEL1_L                               
0000020d  PASEL1_H                               
0000020e  P1IV                                   
00000218  PAIES                                  
00000218  PAIES_L                                
00000219  PAIES_H                                
0000021a  PAIE                                   
0000021a  PAIE_L                                 
0000021b  PAIE_H                                 
0000021c  PAIFG                                  
0000021c  PAIFG_L                                
0000021d  PAIFG_H                                
0000021e  P2IV                                   
00000220  PBIN                                   
00000220  PBIN_L                                 
00000221  PBIN_H                                 
00000222  PBOUT                                  
00000222  PBOUT_L                                
00000223  PBOUT_H                                
00000224  PBDIR                                  
00000224  PBDIR_L                                
00000225  PBDIR_H                                
00000226  PBREN                                  
00000226  PBREN_L                                
00000227  PBREN_H                                
0000022a  PBSEL0                                 
0000022a  PBSEL0_L                               
0000022b  PBSEL0_H                               
0000022c  PBSEL1                                 
0000022c  PBSEL1_L                               
0000022d  PBSEL1_H                               
00000300  RTCCTL                                 
00000300  RTCCTL_L                               
00000301  RTCCTL_H                               
00000304  RTCIV                                  
00000304  RTCIV_L                                
00000305  RTCIV_H                                
00000308  RTCMOD                                 
00000308  RTCMOD_L                               
00000309  RTCMOD_H                               
0000030c  RTCCNT                                 
0000030c  RTCCNT_L                               
0000030d  RTCCNT_H                               
00000380  TA0CTL                                 
00000382  TA0CCTL0                               
00000384  TA0CCTL1                               
00000386  TA0CCTL2                               
00000390  TA0R                                   
00000392  TA0CCR0                                
00000394  TA0CCR1                                
00000396  TA0CCR2                                
000003a0  TA0EX0                                 
000003ae  TA0IV                                  
000003c0  TA1CTL                                 
000003c2  TA1CCTL0                               
000003c4  TA1CCTL1                               
000003c6  TA1CCTL2                               
000003d0  TA1R                                   
000003d2  TA1CCR0                                
000003d4  TA1CCR1                                
000003d6  TA1CCR2                                
000003e0  TA1EX0                                 
000003ee  TA1IV                                  
00000400  TA2CTL                                 
00000402  TA2CCTL0                               
00000404  TA2CCTL1                               
00000410  TA2R                                   
00000412  TA2CCR0                                
00000414  TA2CCR1                                
00000420  TA2EX0                                 
0000042e  TA2IV                                  
00000440  TA3CTL                                 
00000442  TA3CCTL0                               
00000444  TA3CCTL1                               
00000450  TA3R                                   
00000452  TA3CCR0                                
00000454  TA3CCR1                                
00000460  TA3EX0                                 
0000046e  TA3IV                                  
000004c0  MPY                                    
000004c0  MPY_L                                  
000004c1  MPY_H                                  
000004c2  MPYS                                   
000004c2  MPYS_L                                 
000004c3  MPYS_H                                 
000004c4  MAC                                    
000004c4  MAC_L                                  
000004c5  MAC_H                                  
000004c6  MACS                                   
000004c6  MACS_L                                 
000004c7  MACS_H                                 
000004c8  OP2                                    
000004c8  OP2_L                                  
000004c9  OP2_H                                  
000004ca  RESLO                                  
000004ca  RESLO_L                                
000004cb  RESLO_H                                
000004cc  RESHI                                  
000004cc  RESHI_L                                
000004cd  RESHI_H                                
000004ce  SUMEXT                                 
000004ce  SUMEXT_L                               
000004cf  SUMEXT_H                               
000004d0  MPY32L                                 
000004d0  MPY32L_L                               
000004d1  MPY32L_H                               
000004d2  MPY32H                                 
000004d2  MPY32H_L                               
000004d3  MPY32H_H                               
000004d4  MPYS32L                                
000004d4  MPYS32L_L                              
000004d5  MPYS32L_H                              
000004d6  MPYS32H                                
000004d6  MPYS32H_L                              
000004d7  MPYS32H_H                              
000004d8  MAC32L                                 
000004d8  MAC32L_L                               
000004d9  MAC32L_H                               
000004da  MAC32H                                 
000004da  MAC32H_L                               
000004db  MAC32H_H                               
000004dc  MACS32L                                
000004dc  MACS32L_L                              
000004dd  MACS32L_H                              
000004de  MACS32H                                
000004de  MACS32H_L                              
000004df  MACS32H_H                              
000004e0  OP2L                                   
000004e0  OP2L_L                                 
000004e1  OP2L_H                                 
000004e2  OP2H                                   
000004e2  OP2H_L                                 
000004e3  OP2H_H                                 
000004e4  RES0                                   
000004e4  RES0_L                                 
000004e5  RES0_H                                 
000004e6  RES1                                   
000004e6  RES1_L                                 
000004e7  RES1_H                                 
000004e8  RES2                                   
000004e8  RES2_L                                 
000004e9  RES2_H                                 
000004ea  RES3                                   
000004ea  RES3_L                                 
000004eb  RES3_H                                 
000004ec  MPY32CTL0                              
000004ec  MPY32CTL0_L                            
000004ed  MPY32CTL0_H                            
00000500  UCA0CTLW0                              
00000500  UCA0CTLW0_L                            
00000501  UCA0CTLW0_H                            
00000502  UCA0CTLW1                              
00000502  UCA0CTLW1_L                            
00000503  UCA0CTLW1_H                            
00000506  UCA0BRW                                
00000506  UCA0BRW_L                              
00000507  UCA0BRW_H                              
00000508  UCA0MCTLW                              
00000508  UCA0MCTLW_L                            
00000509  UCA0MCTLW_H                            
0000050a  UCA0STATW                              
0000050c  UCA0RXBUF                              
0000050c  UCA0RXBUF_L                            
0000050d  UCA0RXBUF_H                            
0000050e  UCA0TXBUF                              
0000050e  UCA0TXBUF_L                            
0000050f  UCA0TXBUF_H                            
00000510  UCA0ABCTL                              
00000512  UCA0IRCTL                              
00000512  UCA0IRCTL_L                            
00000513  UCA0IRCTL_H                            
0000051a  UCA0IE                                 
0000051a  UCA0IE_L                               
0000051b  UCA0IE_H                               
0000051c  UCA0IFG                                
0000051c  UCA0IFG_L                              
0000051d  UCA0IFG_H                              
0000051e  UCA0IV                                 
00000520  UCA1CTLW0                              
00000520  UCA1CTLW0_L                            
00000521  UCA1CTLW0_H                            
00000522  UCA1CTLW1                              
00000522  UCA1CTLW1_L                            
00000523  UCA1CTLW1_H                            
00000526  UCA1BRW                                
00000526  UCA1BRW_L                              
00000527  UCA1BRW_H                              
00000528  UCA1MCTLW                              
00000528  UCA1MCTLW_L                            
00000529  UCA1MCTLW_H                            
0000052a  UCA1STATW                              
0000052c  UCA1RXBUF                              
0000052c  UCA1RXBUF_L                            
0000052d  UCA1RXBUF_H                            
0000052e  UCA1TXBUF                              
0000052e  UCA1TXBUF_L                            
0000052f  UCA1TXBUF_H                            
00000530  UCA1ABCTL                              
00000532  UCA1IRCTL                              
00000532  UCA1IRCTL_L                            
00000533  UCA1IRCTL_H                            
0000053a  UCA1IE                                 
0000053a  UCA1IE_L                               
0000053b  UCA1IE_H                               
0000053c  UCA1IFG                                
0000053c  UCA1IFG_L                              
0000053d  UCA1IFG_H                              
0000053e  UCA1IV                                 
00000540  UCB0CTLW0                              
00000540  UCB0CTLW0_L                            
00000541  UCB0CTLW0_H                            
00000542  UCB0CTLW1                              
00000542  UCB0CTLW1_L                            
00000543  UCB0CTLW1_H                            
00000546  UCB0BRW                                
00000546  UCB0BRW_L                              
00000547  UCB0BRW_H                              
00000548  UCB0STATW                              
00000548  UCB0STATW_L                            
00000549  UCB0STATW_H                            
0000054a  UCB0TBCNT                              
0000054a  UCB0TBCNT_L                            
0000054b  UCB0TBCNT_H                            
0000054c  UCB0RXBUF                              
0000054c  UCB0RXBUF_L                            
0000054d  UCB0RXBUF_H                            
0000054e  UCB0TXBUF                              
0000054e  UCB0TXBUF_L                            
0000054f  UCB0TXBUF_H                            
00000554  UCB0I2COA0                             
00000554  UCB0I2COA0_L                           
00000555  UCB0I2COA0_H                           
00000556  UCB0I2COA1                             
00000556  UCB0I2COA1_L                           
00000557  UCB0I2COA1_H                           
00000558  UCB0I2COA2                             
00000558  UCB0I2COA2_L                           
00000559  UCB0I2COA2_H                           
0000055a  UCB0I2COA3                             
0000055a  UCB0I2COA3_L                           
0000055b  UCB0I2COA3_H                           
0000055c  UCB0ADDRX                              
0000055c  UCB0ADDRX_L                            
0000055d  UCB0ADDRX_H                            
0000055e  UCB0ADDMASK                            
0000055e  UCB0ADDMASK_L                          
0000055f  UCB0ADDMASK_H                          
00000560  UCB0I2CSA                              
00000560  UCB0I2CSA_L                            
00000561  UCB0I2CSA_H                            
0000056a  UCB0IE                                 
0000056a  UCB0IE_L                               
0000056b  UCB0IE_H                               
0000056c  UCB0IFG                                
0000056c  UCB0IFG_L                              
0000056d  UCB0IFG_H                              
0000056e  UCB0IV                                 
00000660  BAKMEM0                                
00000660  BAKMEM0_L                              
00000661  BAKMEM0_H                              
00000662  BAKMEM1                                
00000662  BAKMEM1_L                              
00000663  BAKMEM1_H                              
00000664  BAKMEM2                                
00000664  BAKMEM2_L                              
00000665  BAKMEM2_H                              
00000666  BAKMEM3                                
00000666  BAKMEM3_L                              
00000667  BAKMEM3_H                              
00000668  BAKMEM4                                
00000668  BAKMEM4_L                              
00000669  BAKMEM4_H                              
0000066a  BAKMEM5                                
0000066a  BAKMEM5_L                              
0000066b  BAKMEM5_H                              
0000066c  BAKMEM6                                
0000066c  BAKMEM6_L                              
0000066d  BAKMEM6_H                              
0000066e  BAKMEM7                                
0000066e  BAKMEM7_L                              
0000066f  BAKMEM7_H                              
00000670  BAKMEM8                                
00000670  BAKMEM8_L                              
00000671  BAKMEM8_H                              
00000672  BAKMEM9                                
00000672  BAKMEM9_L                              
00000673  BAKMEM9_H                              
00000674  BAKMEM10                               
00000674  BAKMEM10_L                             
00000675  BAKMEM10_H                             
00000676  BAKMEM11                               
00000676  BAKMEM11_L                             
00000677  BAKMEM11_H                             
00000678  BAKMEM12                               
00000678  BAKMEM12_L                             
00000679  BAKMEM12_H                             
0000067a  BAKMEM13                               
0000067a  BAKMEM13_L                             
0000067b  BAKMEM13_H                             
0000067c  BAKMEM14                               
0000067c  BAKMEM14_L                             
0000067d  BAKMEM14_H                             
0000067e  BAKMEM15                               
0000067e  BAKMEM15_L                             
0000067f  BAKMEM15_H                             
00000700  ADCCTL0                                
00000700  ADCCTL0_L                              
00000701  ADCCTL0_H                              
00000702  ADCCTL1                                
00000702  ADCCTL1_L                              
00000703  ADCCTL1_H                              
00000704  ADCCTL2                                
00000704  ADCCTL2_L                              
00000705  ADCCTL2_H                              
00000706  ADCLO                                  
00000706  ADCLO_L                                
00000707  ADCLO_H                                
00000708  ADCHI                                  
00000708  ADCHI_L                                
00000709  ADCHI_H                                
0000070a  ADCMCTL0                               
0000070a  ADCMCTL0_L                             
0000070b  ADCMCTL0_H                             
00000712  ADCMEM0                                
00000712  ADCMEM0_L                              
00000713  ADCMEM0_H                              
0000071a  ADCIE                                  
0000071a  ADCIE_L                                
0000071b  ADCIE_H                                
0000071c  ADCIFG                                 
0000071c  ADCIFG_L                               
0000071d  ADCIFG_H                               
0000071e  ADCIV                                  
0000071e  ADCIV_L                                
0000071f  ADCIV_H                                
00002b50  xLedSemaphore                          
00002b52  pxCurrentTCB                           
00002b78  usCriticalNesting                      
00002f60  _stack                                 
00003000  __STACK_END                            
0000c400  __TI_Handler_Table_Base                
0000c40c  __TI_Handler_Table_Limit               
0000c41e  __TI_CINIT_Base                        
0000c42e  __TI_CINIT_Limit                       
0000c42e  __TI_CINIT_Warm                        
0000c484  xQueueSemaphoreTake                    
0000c650  xQueueGenericSend                      
0000c7ce  xTaskResumeAll                         
0000c93a  xQueueReceive                          
0000caa4  xTaskIncrementTick                     
0000cc00  pvPortMalloc                           
0000cd2a  xTaskRemoveFromEventList               
0000cf46  __TI_decompress_lzss                   
0000d034  xTaskPriorityInherit                   
0000d10c  vTaskPriorityDisinheritAfterTimeout    
0000d37a  vTaskSwitchContext                     
0000d442  xQueueGenericReset                     
0000d50a  xTaskPriorityDisinherit                
0000d5c6  vPortPreemptiveTickISR                 
0000d5fa  vPortCooperativeTickISR                
0000d62a  vPortYield                             
0000d65e  xPortStartScheduler                    
0000d97a  vPortFree                              
0000da78  xTaskCheckForTimeOut                   
0000daf0  xTimerCreateTimerTask                  
0000dbd4  xQueueGenericCreate                    
0000dc40  __TI_auto_init_nobinit_nopinit_hold_wdt
0000dcaa  xQueueGenericCreateStatic              
0000ddde  vTaskPlaceOnEventListRestricted        
0000def0  vQueueWaitForMessageRestricted         
0000dfd6  xTaskCreateStatic                      
0000e018  __memcpy_far                           
0000e058  __TI_zero_init                         
0000e096  __TI_decompress_none                   
0000e10e  vListInsert                            
0000e14a  init_tasks                             
0000e184  main                                   
0000e1be  vTaskStartScheduler                    
0000e22c  vLedTurnOffTask                        
0000e262  vLedTurnOnTask                         
0000e2c8  uxListRemove                           
0000e2f8  vTaskDelay                             
0000e382  xTaskCreate                            
0000e3d8  vTaskPlaceOnEventList                  
0000e476  xTaskGetTickCount                      
0000e49a  vApplicationSetupTimerInterrupt        
0000e49a  vPortSetupTimerInterrupt               
0000e4bc  vListInitialise                        
0000e4fe  pxPortInitialiseStack                  
0000e51e  GPIO_setAsOutputPin                    
0000e55a  _c_int00_noargs                        
0000e576  __mspabi_mpyi_f5hw                     
0000e58e  xTaskGetSchedulerState                 
0000e5a6  GPIO_setOutputHighOnPin                
0000e5bc  GPIO_setOutputLowOnPin                 
0000e5d2  WDT_A_hold                             
0000e614  __mspabi_divu                          
0000e614  __mspabi_remu                          
0000e62a  memset                                 
0000e63e  vApplicationGetIdleTaskMemory          
0000e652  vApplicationGetTimerTaskMemory         
0000e666  memcpy                                 
0000e68a  vTickISREntry                          
0000e69a  pvTaskIncrementMutexHeldCount          
0000e6a8  vTaskInternalSetTimeOutState           
0000e6b6  __TI_ISR_TRAP                          
0000e6be  PMM_unlockLPM5                         
0000e6c4  C$$EXIT                                
0000e6c4  abort                                  
0000e6ca  vListInitialiseItem                    
0000e6d0  vTaskMissedYield                       
0000e6d6  vTaskSuspendAll                        
0000e6dc  _system_pre_init                       
0000e6e0  vApplicationStackOverflowHook          
0000e6e4  _system_post_cinit                     
0000ffda  __TI_int41                             
0000ffdc  __TI_int42                             
0000ffde  __TI_int43                             
0000ffe0  __TI_int44                             
0000ffe2  __TI_int45                             
0000ffe4  __TI_int46                             
0000ffe6  __TI_int47                             
0000ffe8  __TI_int48                             
0000ffea  __TI_int49                             
0000ffec  __TI_int50                             
0000ffee  __TI_int51                             
0000fff0  __TI_int52                             
0000fff2  __TI_int53                             
0000fff4  __TI_int54                             
0000fff6  __TI_int55                             
0000fff8  __TI_int56                             
0000fffa  __TI_int57                             
0000fffc  __TI_int58                             
0000fffe  _reset_vector                          
ffffffff  __TI_pprof_out_hndl                    
ffffffff  __TI_prof_data_size                    
ffffffff  __TI_prof_data_start                   
ffffffff  __c_args__                             

[575 symbols]
